[2021-10-11T20:19:16.787+0300][gc,heap] Heap region size: 1M
[2021-10-11T20:19:16.796+0300][gc     ] Using G1
[2021-10-11T20:19:16.796+0300][gc,heap,coops] Heap address: 0x00000007c0000000, size: 1024 MB, Compressed Oops mode: Zero based, Oop shift amount: 3
[2021-10-11T20:19:17.698+0300][gc,start     ] GC(0) Pause Young (Concurrent Start) (Metadata GC Threshold)
[2021-10-11T20:19:17.698+0300][gc,task      ] GC(0) Using 10 workers of 10 for evacuation
[2021-10-11T20:19:17.706+0300][gc,phases    ] GC(0)   Pre Evacuate Collection Set: 0.0ms
[2021-10-11T20:19:17.706+0300][gc,phases    ] GC(0)   Evacuate Collection Set: 7.2ms
[2021-10-11T20:19:17.706+0300][gc,phases    ] GC(0)   Post Evacuate Collection Set: 0.4ms
[2021-10-11T20:19:17.707+0300][gc,phases    ] GC(0)   Other: 1.0ms
[2021-10-11T20:19:17.707+0300][gc,heap      ] GC(0) Eden regions: 44->0(44)
[2021-10-11T20:19:17.707+0300][gc,heap      ] GC(0) Survivor regions: 0->7(7)
[2021-10-11T20:19:17.707+0300][gc,heap      ] GC(0) Old regions: 0->1
[2021-10-11T20:19:17.707+0300][gc,heap      ] GC(0) Humongous regions: 0->0
[2021-10-11T20:19:17.707+0300][gc,metaspace ] GC(0) Metaspace: 20690K->20690K(1069056K)
[2021-10-11T20:19:17.707+0300][gc           ] GC(0) Pause Young (Concurrent Start) (Metadata GC Threshold) 43M->7M(1024M) 8.741ms
[2021-10-11T20:19:17.707+0300][gc,cpu       ] GC(0) User=0.02s Sys=0.00s Real=0.01s
[2021-10-11T20:19:17.707+0300][gc           ] GC(1) Concurrent Cycle
[2021-10-11T20:19:17.707+0300][gc,marking   ] GC(1) Concurrent Clear Claimed Marks
[2021-10-11T20:19:17.707+0300][gc,marking   ] GC(1) Concurrent Clear Claimed Marks 0.021ms
[2021-10-11T20:19:17.707+0300][gc,marking   ] GC(1) Concurrent Scan Root Regions
[2021-10-11T20:19:17.709+0300][gc,marking   ] GC(1) Concurrent Scan Root Regions 1.662ms
[2021-10-11T20:19:17.709+0300][gc,marking   ] GC(1) Concurrent Mark (0.932s)
[2021-10-11T20:19:17.709+0300][gc,marking   ] GC(1) Concurrent Mark From Roots
[2021-10-11T20:19:17.709+0300][gc,task      ] GC(1) Using 3 workers of 3 for marking
[2021-10-11T20:19:17.709+0300][gc,marking   ] GC(1) Concurrent Mark From Roots 0.400ms
[2021-10-11T20:19:17.709+0300][gc,marking   ] GC(1) Concurrent Preclean
[2021-10-11T20:19:17.709+0300][gc,marking   ] GC(1) Concurrent Preclean 0.039ms
[2021-10-11T20:19:17.709+0300][gc,marking   ] GC(1) Concurrent Mark (0.932s, 0.932s) 0.499ms
[2021-10-11T20:19:17.710+0300][gc,start     ] GC(1) Pause Remark
[2021-10-11T20:19:17.711+0300][gc,stringtable] GC(1) Cleaned string and symbol table, strings: 7191 processed, 0 removed, symbols: 63516 processed, 31 removed
[2021-10-11T20:19:17.711+0300][gc            ] GC(1) Pause Remark 7M->7M(1024M) 1.758ms
[2021-10-11T20:19:17.711+0300][gc,cpu        ] GC(1) User=0.01s Sys=0.00s Real=0.01s
[2021-10-11T20:19:17.711+0300][gc,marking    ] GC(1) Concurrent Rebuild Remembered Sets
[2021-10-11T20:19:17.712+0300][gc,marking    ] GC(1) Concurrent Rebuild Remembered Sets 0.439ms
[2021-10-11T20:19:17.712+0300][gc,start      ] GC(1) Pause Cleanup
[2021-10-11T20:19:17.712+0300][gc            ] GC(1) Pause Cleanup 7M->7M(1024M) 0.154ms
[2021-10-11T20:19:17.712+0300][gc,cpu        ] GC(1) User=0.00s Sys=0.00s Real=0.00s
[2021-10-11T20:19:17.712+0300][gc,marking    ] GC(1) Concurrent Cleanup for Next Mark
[2021-10-11T20:19:17.717+0300][gc,marking    ] GC(1) Concurrent Cleanup for Next Mark 5.386ms
[2021-10-11T20:19:17.718+0300][gc            ] GC(1) Concurrent Cycle 11.203ms
[2021-10-11T20:19:18.743+0300][gc,start      ] GC(2) Pause Young (Normal) (G1 Evacuation Pause)
[2021-10-11T20:19:18.743+0300][gc,task       ] GC(2) Using 10 workers of 10 for evacuation
[2021-10-11T20:19:18.750+0300][gc,phases     ] GC(2)   Pre Evacuate Collection Set: 0.0ms
[2021-10-11T20:19:18.751+0300][gc,phases     ] GC(2)   Evacuate Collection Set: 6.3ms
[2021-10-11T20:19:18.751+0300][gc,phases     ] GC(2)   Post Evacuate Collection Set: 0.8ms
[2021-10-11T20:19:18.751+0300][gc,phases     ] GC(2)   Other: 0.1ms
[2021-10-11T20:19:18.751+0300][gc,heap       ] GC(2) Eden regions: 44->0(48)
[2021-10-11T20:19:18.751+0300][gc,heap       ] GC(2) Survivor regions: 7->3(7)
[2021-10-11T20:19:18.751+0300][gc,heap       ] GC(2) Old regions: 1->7
[2021-10-11T20:19:18.751+0300][gc,heap       ] GC(2) Humongous regions: 129->129
[2021-10-11T20:19:18.751+0300][gc,metaspace  ] GC(2) Metaspace: 30079K->30079K(1077248K)
[2021-10-11T20:19:18.751+0300][gc            ] GC(2) Pause Young (Normal) (G1 Evacuation Pause) 180M->137M(1024M) 7.586ms
[2021-10-11T20:19:18.751+0300][gc,cpu        ] GC(2) User=0.04s Sys=0.01s Real=0.01s
[2021-10-11T20:19:18.982+0300][gc,start      ] GC(3) Pause Young (Concurrent Start) (Metadata GC Threshold)
[2021-10-11T20:19:18.982+0300][gc,task       ] GC(3) Using 10 workers of 10 for evacuation
[2021-10-11T20:19:18.984+0300][gc,phases     ] GC(3)   Pre Evacuate Collection Set: 0.1ms
[2021-10-11T20:19:18.984+0300][gc,phases     ] GC(3)   Evacuate Collection Set: 2.0ms
[2021-10-11T20:19:18.984+0300][gc,phases     ] GC(3)   Post Evacuate Collection Set: 0.4ms
[2021-10-11T20:19:18.984+0300][gc,phases     ] GC(3)   Other: 0.2ms
[2021-10-11T20:19:18.984+0300][gc,heap       ] GC(3) Eden regions: 23->0(48)
[2021-10-11T20:19:18.984+0300][gc,heap       ] GC(3) Survivor regions: 3->3(7)
[2021-10-11T20:19:18.984+0300][gc,heap       ] GC(3) Old regions: 7->7
[2021-10-11T20:19:18.984+0300][gc,heap       ] GC(3) Humongous regions: 129->129
[2021-10-11T20:19:18.984+0300][gc,metaspace  ] GC(3) Metaspace: 34661K->34661K(1081344K)
[2021-10-11T20:19:18.984+0300][gc            ] GC(3) Pause Young (Concurrent Start) (Metadata GC Threshold) 159M->138M(1024M) 2.750ms
[2021-10-11T20:19:18.984+0300][gc,cpu        ] GC(3) User=0.02s Sys=0.00s Real=0.00s
[2021-10-11T20:19:18.985+0300][gc            ] GC(4) Concurrent Cycle
[2021-10-11T20:19:18.985+0300][gc,marking    ] GC(4) Concurrent Clear Claimed Marks
[2021-10-11T20:19:18.985+0300][gc,marking    ] GC(4) Concurrent Clear Claimed Marks 0.115ms
[2021-10-11T20:19:18.985+0300][gc,marking    ] GC(4) Concurrent Scan Root Regions
[2021-10-11T20:19:18.986+0300][gc,marking    ] GC(4) Concurrent Scan Root Regions 1.015ms
[2021-10-11T20:19:18.986+0300][gc,marking    ] GC(4) Concurrent Mark (2.209s)
[2021-10-11T20:19:18.986+0300][gc,marking    ] GC(4) Concurrent Mark From Roots
[2021-10-11T20:19:18.986+0300][gc,task       ] GC(4) Using 3 workers of 3 for marking
[2021-10-11T20:19:18.989+0300][gc,marking    ] GC(4) Concurrent Mark From Roots 3.650ms
[2021-10-11T20:19:18.990+0300][gc,marking    ] GC(4) Concurrent Preclean
[2021-10-11T20:19:18.990+0300][gc,marking    ] GC(4) Concurrent Preclean 0.103ms
[2021-10-11T20:19:18.990+0300][gc,marking    ] GC(4) Concurrent Mark (2.209s, 2.213s) 3.829ms
[2021-10-11T20:19:18.990+0300][gc,start      ] GC(4) Pause Remark
[2021-10-11T20:19:18.991+0300][gc,stringtable] GC(4) Cleaned string and symbol table, strings: 10723 processed, 7 removed, symbols: 95754 processed, 26 removed
[2021-10-11T20:19:18.991+0300][gc            ] GC(4) Pause Remark 138M->138M(1024M) 1.514ms
[2021-10-11T20:19:18.991+0300][gc,cpu        ] GC(4) User=0.01s Sys=0.00s Real=0.00s
[2021-10-11T20:19:18.991+0300][gc,marking    ] GC(4) Concurrent Rebuild Remembered Sets
[2021-10-11T20:19:18.994+0300][gc,marking    ] GC(4) Concurrent Rebuild Remembered Sets 2.399ms
[2021-10-11T20:19:18.994+0300][gc,start      ] GC(4) Pause Cleanup
[2021-10-11T20:19:18.994+0300][gc            ] GC(4) Pause Cleanup 138M->138M(1024M) 0.196ms
[2021-10-11T20:19:18.994+0300][gc,cpu        ] GC(4) User=0.00s Sys=0.00s Real=0.00s
[2021-10-11T20:19:18.994+0300][gc,marking    ] GC(4) Concurrent Cleanup for Next Mark
[2021-10-11T20:19:19.000+0300][gc,marking    ] GC(4) Concurrent Cleanup for Next Mark 5.989ms
[2021-10-11T20:19:19.000+0300][gc            ] GC(4) Concurrent Cycle 15.697ms
[2021-10-11T20:19:19.542+0300][gc,start      ] GC(5) Pause Young (Normal) (G1 Evacuation Pause)
[2021-10-11T20:19:19.542+0300][gc,task       ] GC(5) Using 10 workers of 10 for evacuation
[2021-10-11T20:19:19.547+0300][gc,phases     ] GC(5)   Pre Evacuate Collection Set: 0.0ms
[2021-10-11T20:19:19.547+0300][gc,phases     ] GC(5)   Evacuate Collection Set: 3.9ms
[2021-10-11T20:19:19.547+0300][gc,phases     ] GC(5)   Post Evacuate Collection Set: 0.5ms
[2021-10-11T20:19:19.547+0300][gc,phases     ] GC(5)   Other: 0.2ms
[2021-10-11T20:19:19.547+0300][gc,heap       ] GC(5) Eden regions: 48->0(44)
[2021-10-11T20:19:19.547+0300][gc,heap       ] GC(5) Survivor regions: 3->7(7)
[2021-10-11T20:19:19.547+0300][gc,heap       ] GC(5) Old regions: 7->7
[2021-10-11T20:19:19.547+0300][gc,heap       ] GC(5) Humongous regions: 129->129
[2021-10-11T20:19:19.547+0300][gc,metaspace  ] GC(5) Metaspace: 42939K->42939K(1087488K)
[2021-10-11T20:19:19.547+0300][gc            ] GC(5) Pause Young (Normal) (G1 Evacuation Pause) 186M->141M(1024M) 4.894ms
[2021-10-11T20:19:19.547+0300][gc,cpu        ] GC(5) User=0.03s Sys=0.01s Real=0.00s
[2021-10-11T20:20:08.163+0300][gc,start      ] GC(6) Pause Young (Normal) (G1 Evacuation Pause)
[2021-10-11T20:20:08.163+0300][gc,task       ] GC(6) Using 10 workers of 10 for evacuation
[2021-10-11T20:20:08.170+0300][gc,phases     ] GC(6)   Pre Evacuate Collection Set: 0.0ms
[2021-10-11T20:20:08.170+0300][gc,phases     ] GC(6)   Evacuate Collection Set: 5.9ms
[2021-10-11T20:20:08.170+0300][gc,phases     ] GC(6)   Post Evacuate Collection Set: 0.8ms
[2021-10-11T20:20:08.170+0300][gc,phases     ] GC(6)   Other: 0.5ms
[2021-10-11T20:20:08.170+0300][gc,heap       ] GC(6) Eden regions: 44->0(47)
[2021-10-11T20:20:08.170+0300][gc,heap       ] GC(6) Survivor regions: 7->4(7)
[2021-10-11T20:20:08.170+0300][gc,heap       ] GC(6) Old regions: 7->13
[2021-10-11T20:20:08.170+0300][gc,heap       ] GC(6) Humongous regions: 129->129
[2021-10-11T20:20:08.170+0300][gc,metaspace  ] GC(6) Metaspace: 49242K->49242K(1093632K)
[2021-10-11T20:20:08.170+0300][gc            ] GC(6) Pause Young (Normal) (G1 Evacuation Pause) 185M->144M(1024M) 7.348ms
[2021-10-11T20:20:08.170+0300][gc,cpu        ] GC(6) User=0.04s Sys=0.01s Real=0.01s
[2021-10-11T20:22:34.111+0300][gc,heap,exit  ] Heap
[2021-10-11T20:22:34.112+0300][gc,heap,exit  ]  garbage-first heap   total 1048576K, used 166664K [0x00000007c0000000, 0x0000000800000000)
[2021-10-11T20:22:34.112+0300][gc,heap,exit  ]   region size 1024K, 23 young (23552K), 4 survivors (4096K)
[2021-10-11T20:22:34.112+0300][gc,heap,exit  ]  Metaspace       used 50752K, capacity 53487K, committed 53680K, reserved 1095680K
[2021-10-11T20:22:34.112+0300][gc,heap,exit  ]   class space    used 6484K, capacity 7874K, committed 7936K, reserved 1048576K
