[2021-10-11T20:23:18.467+0300][gc,heap] Heap region size: 1M
[2021-10-11T20:23:18.476+0300][gc     ] Using G1
[2021-10-11T20:23:18.476+0300][gc,heap,coops] Heap address: 0x00000007c0000000, size: 1024 MB, Compressed Oops mode: Zero based, Oop shift amount: 3
[2021-10-11T20:23:19.313+0300][gc,start     ] GC(0) Pause Young (Concurrent Start) (Metadata GC Threshold)
[2021-10-11T20:23:19.313+0300][gc,task      ] GC(0) Using 10 workers of 10 for evacuation
[2021-10-11T20:23:19.320+0300][gc,phases    ] GC(0)   Pre Evacuate Collection Set: 0.0ms
[2021-10-11T20:23:19.321+0300][gc,phases    ] GC(0)   Evacuate Collection Set: 6.6ms
[2021-10-11T20:23:19.321+0300][gc,phases    ] GC(0)   Post Evacuate Collection Set: 0.5ms
[2021-10-11T20:23:19.321+0300][gc,phases    ] GC(0)   Other: 0.8ms
[2021-10-11T20:23:19.321+0300][gc,heap      ] GC(0) Eden regions: 44->0(44)
[2021-10-11T20:23:19.321+0300][gc,heap      ] GC(0) Survivor regions: 0->7(7)
[2021-10-11T20:23:19.321+0300][gc,heap      ] GC(0) Old regions: 0->0
[2021-10-11T20:23:19.321+0300][gc,heap      ] GC(0) Humongous regions: 0->0
[2021-10-11T20:23:19.321+0300][gc,metaspace ] GC(0) Metaspace: 20700K->20700K(1069056K)
[2021-10-11T20:23:19.321+0300][gc           ] GC(0) Pause Young (Concurrent Start) (Metadata GC Threshold) 43M->7M(1024M) 8.168ms
[2021-10-11T20:23:19.321+0300][gc,cpu       ] GC(0) User=0.02s Sys=0.00s Real=0.01s
[2021-10-11T20:23:19.321+0300][gc           ] GC(1) Concurrent Cycle
[2021-10-11T20:23:19.321+0300][gc,marking   ] GC(1) Concurrent Clear Claimed Marks
[2021-10-11T20:23:19.321+0300][gc,marking   ] GC(1) Concurrent Clear Claimed Marks 0.027ms
[2021-10-11T20:23:19.321+0300][gc,marking   ] GC(1) Concurrent Scan Root Regions
[2021-10-11T20:23:19.322+0300][gc,marking   ] GC(1) Concurrent Scan Root Regions 1.449ms
[2021-10-11T20:23:19.322+0300][gc,marking   ] GC(1) Concurrent Mark (0.865s)
[2021-10-11T20:23:19.322+0300][gc,marking   ] GC(1) Concurrent Mark From Roots
[2021-10-11T20:23:19.322+0300][gc,task      ] GC(1) Using 3 workers of 3 for marking
[2021-10-11T20:23:19.323+0300][gc,marking   ] GC(1) Concurrent Mark From Roots 0.175ms
[2021-10-11T20:23:19.323+0300][gc,marking   ] GC(1) Concurrent Preclean
[2021-10-11T20:23:19.323+0300][gc,marking   ] GC(1) Concurrent Preclean 0.035ms
[2021-10-11T20:23:19.323+0300][gc,marking   ] GC(1) Concurrent Mark (0.865s, 0.866s) 0.266ms
[2021-10-11T20:23:19.323+0300][gc,start     ] GC(1) Pause Remark
[2021-10-11T20:23:19.324+0300][gc,stringtable] GC(1) Cleaned string and symbol table, strings: 7186 processed, 0 removed, symbols: 63513 processed, 31 removed
[2021-10-11T20:23:19.324+0300][gc            ] GC(1) Pause Remark 7M->7M(1024M) 1.302ms
[2021-10-11T20:23:19.324+0300][gc,cpu        ] GC(1) User=0.01s Sys=0.00s Real=0.00s
[2021-10-11T20:23:19.324+0300][gc,marking    ] GC(1) Concurrent Rebuild Remembered Sets
[2021-10-11T20:23:19.324+0300][gc,marking    ] GC(1) Concurrent Rebuild Remembered Sets 0.045ms
[2021-10-11T20:23:19.324+0300][gc,start      ] GC(1) Pause Cleanup
[2021-10-11T20:23:19.324+0300][gc            ] GC(1) Pause Cleanup 7M->7M(1024M) 0.113ms
[2021-10-11T20:23:19.324+0300][gc,cpu        ] GC(1) User=0.00s Sys=0.00s Real=0.00s
[2021-10-11T20:23:19.324+0300][gc,marking    ] GC(1) Concurrent Cleanup for Next Mark
[2021-10-11T20:23:19.330+0300][gc,marking    ] GC(1) Concurrent Cleanup for Next Mark 5.877ms
[2021-10-11T20:23:19.330+0300][gc            ] GC(1) Concurrent Cycle 9.506ms
[2021-10-11T20:23:20.296+0300][gc,start      ] GC(2) Pause Young (Normal) (G1 Evacuation Pause)
[2021-10-11T20:23:20.296+0300][gc,task       ] GC(2) Using 10 workers of 10 for evacuation
[2021-10-11T20:23:20.302+0300][gc,phases     ] GC(2)   Pre Evacuate Collection Set: 0.0ms
[2021-10-11T20:23:20.302+0300][gc,phases     ] GC(2)   Evacuate Collection Set: 5.8ms
[2021-10-11T20:23:20.302+0300][gc,phases     ] GC(2)   Post Evacuate Collection Set: 0.4ms
[2021-10-11T20:23:20.302+0300][gc,phases     ] GC(2)   Other: 0.2ms
[2021-10-11T20:23:20.302+0300][gc,heap       ] GC(2) Eden regions: 44->0(48)
[2021-10-11T20:23:20.302+0300][gc,heap       ] GC(2) Survivor regions: 7->3(7)
[2021-10-11T20:23:20.302+0300][gc,heap       ] GC(2) Old regions: 0->7
[2021-10-11T20:23:20.302+0300][gc,heap       ] GC(2) Humongous regions: 129->129
[2021-10-11T20:23:20.302+0300][gc,metaspace  ] GC(2) Metaspace: 30196K->30196K(1077248K)
[2021-10-11T20:23:20.302+0300][gc            ] GC(2) Pause Young (Normal) (G1 Evacuation Pause) 180M->137M(1024M) 6.542ms
[2021-10-11T20:23:20.302+0300][gc,cpu        ] GC(2) User=0.04s Sys=0.02s Real=0.01s
[2021-10-11T20:23:20.505+0300][gc,start      ] GC(3) Pause Young (Concurrent Start) (Metadata GC Threshold)
[2021-10-11T20:23:20.506+0300][gc,task       ] GC(3) Using 10 workers of 10 for evacuation
[2021-10-11T20:23:20.507+0300][gc,phases     ] GC(3)   Pre Evacuate Collection Set: 0.0ms
[2021-10-11T20:23:20.507+0300][gc,phases     ] GC(3)   Evacuate Collection Set: 1.3ms
[2021-10-11T20:23:20.507+0300][gc,phases     ] GC(3)   Post Evacuate Collection Set: 0.2ms
[2021-10-11T20:23:20.507+0300][gc,phases     ] GC(3)   Other: 0.2ms
[2021-10-11T20:23:20.507+0300][gc,heap       ] GC(3) Eden regions: 21->0(48)
[2021-10-11T20:23:20.507+0300][gc,heap       ] GC(3) Survivor regions: 3->3(7)
[2021-10-11T20:23:20.507+0300][gc,heap       ] GC(3) Old regions: 7->7
[2021-10-11T20:23:20.507+0300][gc,heap       ] GC(3) Humongous regions: 129->129
[2021-10-11T20:23:20.507+0300][gc,metaspace  ] GC(3) Metaspace: 34680K->34680K(1081344K)
[2021-10-11T20:23:20.507+0300][gc            ] GC(3) Pause Young (Concurrent Start) (Metadata GC Threshold) 158M->138M(1024M) 1.746ms
[2021-10-11T20:23:20.507+0300][gc,cpu        ] GC(3) User=0.01s Sys=0.00s Real=0.00s
[2021-10-11T20:23:20.507+0300][gc            ] GC(4) Concurrent Cycle
[2021-10-11T20:23:20.507+0300][gc,marking    ] GC(4) Concurrent Clear Claimed Marks
[2021-10-11T20:23:20.507+0300][gc,marking    ] GC(4) Concurrent Clear Claimed Marks 0.041ms
[2021-10-11T20:23:20.507+0300][gc,marking    ] GC(4) Concurrent Scan Root Regions
[2021-10-11T20:23:20.508+0300][gc,marking    ] GC(4) Concurrent Scan Root Regions 1.047ms
[2021-10-11T20:23:20.509+0300][gc,marking    ] GC(4) Concurrent Mark (2.051s)
[2021-10-11T20:23:20.509+0300][gc,marking    ] GC(4) Concurrent Mark From Roots
[2021-10-11T20:23:20.509+0300][gc,task       ] GC(4) Using 3 workers of 3 for marking
[2021-10-11T20:23:20.512+0300][gc,marking    ] GC(4) Concurrent Mark From Roots 3.513ms
[2021-10-11T20:23:20.512+0300][gc,marking    ] GC(4) Concurrent Preclean
[2021-10-11T20:23:20.512+0300][gc,marking    ] GC(4) Concurrent Preclean 0.080ms
[2021-10-11T20:23:20.512+0300][gc,marking    ] GC(4) Concurrent Mark (2.051s, 2.055s) 3.683ms
[2021-10-11T20:23:20.513+0300][gc,start      ] GC(4) Pause Remark
[2021-10-11T20:23:20.520+0300][gc,stringtable] GC(4) Cleaned string and symbol table, strings: 10738 processed, 7 removed, symbols: 95786 processed, 24 removed
[2021-10-11T20:23:20.520+0300][gc            ] GC(4) Pause Remark 139M->139M(1024M) 6.880ms
[2021-10-11T20:23:20.520+0300][gc,cpu        ] GC(4) User=0.01s Sys=0.00s Real=0.01s
[2021-10-11T20:23:20.520+0300][gc,marking    ] GC(4) Concurrent Rebuild Remembered Sets
[2021-10-11T20:23:20.523+0300][gc,marking    ] GC(4) Concurrent Rebuild Remembered Sets 3.105ms
[2021-10-11T20:23:20.524+0300][gc,start      ] GC(4) Pause Cleanup
[2021-10-11T20:23:20.525+0300][gc            ] GC(4) Pause Cleanup 139M->139M(1024M) 0.796ms
[2021-10-11T20:23:20.525+0300][gc,cpu        ] GC(4) User=0.00s Sys=0.00s Real=0.00s
[2021-10-11T20:23:20.525+0300][gc,marking    ] GC(4) Concurrent Cleanup for Next Mark
[2021-10-11T20:23:20.534+0300][gc,marking    ] GC(4) Concurrent Cleanup for Next Mark 8.547ms
[2021-10-11T20:23:20.534+0300][gc            ] GC(4) Concurrent Cycle 26.589ms
[2021-10-11T20:23:21.047+0300][gc,start      ] GC(5) Pause Young (Normal) (G1 Evacuation Pause)
[2021-10-11T20:23:21.047+0300][gc,task       ] GC(5) Using 10 workers of 10 for evacuation
[2021-10-11T20:23:21.051+0300][gc,phases     ] GC(5)   Pre Evacuate Collection Set: 0.0ms
[2021-10-11T20:23:21.051+0300][gc,phases     ] GC(5)   Evacuate Collection Set: 3.8ms
[2021-10-11T20:23:21.051+0300][gc,phases     ] GC(5)   Post Evacuate Collection Set: 0.4ms
[2021-10-11T20:23:21.051+0300][gc,phases     ] GC(5)   Other: 0.2ms
[2021-10-11T20:23:21.051+0300][gc,heap       ] GC(5) Eden regions: 48->0(44)
[2021-10-11T20:23:21.051+0300][gc,heap       ] GC(5) Survivor regions: 3->7(7)
[2021-10-11T20:23:21.051+0300][gc,heap       ] GC(5) Old regions: 7->7
[2021-10-11T20:23:21.051+0300][gc,heap       ] GC(5) Humongous regions: 129->129
[2021-10-11T20:23:21.051+0300][gc,metaspace  ] GC(5) Metaspace: 43096K->43096K(1089536K)
[2021-10-11T20:23:21.051+0300][gc            ] GC(5) Pause Young (Normal) (G1 Evacuation Pause) 186M->141M(1024M) 4.481ms
[2021-10-11T20:23:21.051+0300][gc,cpu        ] GC(5) User=0.03s Sys=0.00s Real=0.01s
[2021-10-11T20:25:03.511+0300][gc,start      ] GC(6) Pause Young (Normal) (G1 Evacuation Pause)
[2021-10-11T20:25:03.511+0300][gc,task       ] GC(6) Using 10 workers of 10 for evacuation
[2021-10-11T20:25:03.519+0300][gc,phases     ] GC(6)   Pre Evacuate Collection Set: 0.1ms
[2021-10-11T20:25:03.519+0300][gc,phases     ] GC(6)   Evacuate Collection Set: 6.4ms
[2021-10-11T20:25:03.519+0300][gc,phases     ] GC(6)   Post Evacuate Collection Set: 1.0ms
[2021-10-11T20:25:03.519+0300][gc,phases     ] GC(6)   Other: 1.0ms
[2021-10-11T20:25:03.519+0300][gc,heap       ] GC(6) Eden regions: 44->0(48)
[2021-10-11T20:25:03.519+0300][gc,heap       ] GC(6) Survivor regions: 7->3(7)
[2021-10-11T20:25:03.519+0300][gc,heap       ] GC(6) Old regions: 7->13
[2021-10-11T20:25:03.519+0300][gc,heap       ] GC(6) Humongous regions: 129->129
[2021-10-11T20:25:03.519+0300][gc,metaspace  ] GC(6) Metaspace: 49320K->49320K(1093632K)
[2021-10-11T20:25:03.519+0300][gc            ] GC(6) Pause Young (Normal) (G1 Evacuation Pause) 185M->144M(1024M) 8.706ms
[2021-10-11T20:25:03.519+0300][gc,cpu        ] GC(6) User=0.05s Sys=0.01s Real=0.00s
[2021-10-11T20:32:32.520+0300][gc,heap,exit  ] Heap
[2021-10-11T20:32:32.521+0300][gc,heap,exit  ]  garbage-first heap   total 1048576K, used 174546K [0x00000007c0000000, 0x0000000800000000)
[2021-10-11T20:32:32.521+0300][gc,heap,exit  ]   region size 1024K, 31 young (31744K), 3 survivors (3072K)
[2021-10-11T20:32:32.521+0300][gc,heap,exit  ]  Metaspace       used 50926K, capacity 53653K, committed 53808K, reserved 1095680K
[2021-10-11T20:32:32.521+0300][gc,heap,exit  ]   class space    used 6434K, capacity 7792K, committed 7808K, reserved 1048576K
