[2021-10-11T20:22:36.322+0300][gc,heap] Heap region size: 1M
[2021-10-11T20:22:36.330+0300][gc     ] Using G1
[2021-10-11T20:22:36.330+0300][gc,heap,coops] Heap address: 0x00000007c0000000, size: 1024 MB, Compressed Oops mode: Zero based, Oop shift amount: 3
[2021-10-11T20:22:37.130+0300][gc,start     ] GC(0) Pause Young (Concurrent Start) (Metadata GC Threshold)
[2021-10-11T20:22:37.130+0300][gc,task      ] GC(0) Using 10 workers of 10 for evacuation
[2021-10-11T20:22:37.140+0300][gc,phases    ] GC(0)   Pre Evacuate Collection Set: 0.0ms
[2021-10-11T20:22:37.140+0300][gc,phases    ] GC(0)   Evacuate Collection Set: 8.5ms
[2021-10-11T20:22:37.140+0300][gc,phases    ] GC(0)   Post Evacuate Collection Set: 0.7ms
[2021-10-11T20:22:37.140+0300][gc,phases    ] GC(0)   Other: 0.6ms
[2021-10-11T20:22:37.140+0300][gc,heap      ] GC(0) Eden regions: 44->0(44)
[2021-10-11T20:22:37.140+0300][gc,heap      ] GC(0) Survivor regions: 0->7(7)
[2021-10-11T20:22:37.140+0300][gc,heap      ] GC(0) Old regions: 0->1
[2021-10-11T20:22:37.140+0300][gc,heap      ] GC(0) Humongous regions: 0->0
[2021-10-11T20:22:37.140+0300][gc,metaspace ] GC(0) Metaspace: 20705K->20705K(1069056K)
[2021-10-11T20:22:37.140+0300][gc           ] GC(0) Pause Young (Concurrent Start) (Metadata GC Threshold) 43M->7M(1024M) 10.139ms
[2021-10-11T20:22:37.140+0300][gc,cpu       ] GC(0) User=0.03s Sys=0.01s Real=0.01s
[2021-10-11T20:22:37.140+0300][gc           ] GC(1) Concurrent Cycle
[2021-10-11T20:22:37.140+0300][gc,marking   ] GC(1) Concurrent Clear Claimed Marks
[2021-10-11T20:22:37.140+0300][gc,marking   ] GC(1) Concurrent Clear Claimed Marks 0.036ms
[2021-10-11T20:22:37.140+0300][gc,marking   ] GC(1) Concurrent Scan Root Regions
[2021-10-11T20:22:37.143+0300][gc,marking   ] GC(1) Concurrent Scan Root Regions 2.383ms
[2021-10-11T20:22:37.143+0300][gc,marking   ] GC(1) Concurrent Mark (0.832s)
[2021-10-11T20:22:37.143+0300][gc,marking   ] GC(1) Concurrent Mark From Roots
[2021-10-11T20:22:37.143+0300][gc,task      ] GC(1) Using 3 workers of 3 for marking
[2021-10-11T20:22:37.143+0300][gc,marking   ] GC(1) Concurrent Mark From Roots 0.214ms
[2021-10-11T20:22:37.143+0300][gc,marking   ] GC(1) Concurrent Preclean
[2021-10-11T20:22:37.143+0300][gc,marking   ] GC(1) Concurrent Preclean 0.039ms
[2021-10-11T20:22:37.143+0300][gc,marking   ] GC(1) Concurrent Mark (0.832s, 0.832s) 0.324ms
[2021-10-11T20:22:37.143+0300][gc,start     ] GC(1) Pause Remark
[2021-10-11T20:22:37.145+0300][gc,stringtable] GC(1) Cleaned string and symbol table, strings: 7177 processed, 0 removed, symbols: 63513 processed, 31 removed
[2021-10-11T20:22:37.145+0300][gc            ] GC(1) Pause Remark 7M->7M(1024M) 2.026ms
[2021-10-11T20:22:37.145+0300][gc,cpu        ] GC(1) User=0.02s Sys=0.00s Real=0.00s
[2021-10-11T20:22:37.145+0300][gc,marking    ] GC(1) Concurrent Rebuild Remembered Sets
[2021-10-11T20:22:37.146+0300][gc,marking    ] GC(1) Concurrent Rebuild Remembered Sets 0.114ms
[2021-10-11T20:22:37.146+0300][gc,start      ] GC(1) Pause Cleanup
[2021-10-11T20:22:37.146+0300][gc            ] GC(1) Pause Cleanup 7M->7M(1024M) 0.130ms
[2021-10-11T20:22:37.146+0300][gc,cpu        ] GC(1) User=0.00s Sys=0.00s Real=0.00s
[2021-10-11T20:22:37.146+0300][gc,marking    ] GC(1) Concurrent Cleanup for Next Mark
[2021-10-11T20:22:37.150+0300][gc,marking    ] GC(1) Concurrent Cleanup for Next Mark 4.655ms
[2021-10-11T20:22:37.151+0300][gc            ] GC(1) Concurrent Cycle 10.242ms
[2021-10-11T20:22:38.077+0300][gc,start      ] GC(2) Pause Young (Normal) (G1 Evacuation Pause)
[2021-10-11T20:22:38.077+0300][gc,task       ] GC(2) Using 10 workers of 10 for evacuation
[2021-10-11T20:22:38.085+0300][gc,phases     ] GC(2)   Pre Evacuate Collection Set: 0.0ms
[2021-10-11T20:22:38.085+0300][gc,phases     ] GC(2)   Evacuate Collection Set: 6.6ms
[2021-10-11T20:22:38.085+0300][gc,phases     ] GC(2)   Post Evacuate Collection Set: 0.6ms
[2021-10-11T20:22:38.085+0300][gc,phases     ] GC(2)   Other: 0.2ms
[2021-10-11T20:22:38.085+0300][gc,heap       ] GC(2) Eden regions: 44->0(49)
[2021-10-11T20:22:38.085+0300][gc,heap       ] GC(2) Survivor regions: 7->2(7)
[2021-10-11T20:22:38.085+0300][gc,heap       ] GC(2) Old regions: 1->7
[2021-10-11T20:22:38.085+0300][gc,heap       ] GC(2) Humongous regions: 0->0
[2021-10-11T20:22:38.085+0300][gc,metaspace  ] GC(2) Metaspace: 30500K->30500K(1077248K)
[2021-10-11T20:22:38.085+0300][gc            ] GC(2) Pause Young (Normal) (G1 Evacuation Pause) 51M->8M(1024M) 7.527ms
[2021-10-11T20:22:38.085+0300][gc,cpu        ] GC(2) User=0.04s Sys=0.02s Real=0.01s
[2021-10-11T20:22:39.580+0300][gc,start      ] GC(3) Pause Young (Concurrent Start) (Metadata GC Threshold)
[2021-10-11T20:22:39.580+0300][gc,task       ] GC(3) Using 10 workers of 10 for evacuation
[2021-10-11T20:22:39.583+0300][gc,phases     ] GC(3)   Pre Evacuate Collection Set: 0.1ms
[2021-10-11T20:22:39.583+0300][gc,phases     ] GC(3)   Evacuate Collection Set: 1.8ms
[2021-10-11T20:22:39.583+0300][gc,phases     ] GC(3)   Post Evacuate Collection Set: 0.2ms
[2021-10-11T20:22:39.583+0300][gc,phases     ] GC(3)   Other: 0.2ms
[2021-10-11T20:22:39.583+0300][gc,heap       ] GC(3) Eden regions: 27->0(48)
[2021-10-11T20:22:39.583+0300][gc,heap       ] GC(3) Survivor regions: 2->3(7)
[2021-10-11T20:22:39.583+0300][gc,heap       ] GC(3) Old regions: 7->7
[2021-10-11T20:22:39.583+0300][gc,heap       ] GC(3) Humongous regions: 129->129
[2021-10-11T20:22:39.583+0300][gc,metaspace  ] GC(3) Metaspace: 34617K->34617K(1081344K)
[2021-10-11T20:22:39.583+0300][gc            ] GC(3) Pause Young (Concurrent Start) (Metadata GC Threshold) 163M->138M(1024M) 2.379ms
[2021-10-11T20:22:39.583+0300][gc,cpu        ] GC(3) User=0.01s Sys=0.00s Real=0.00s
[2021-10-11T20:22:39.583+0300][gc            ] GC(4) Concurrent Cycle
[2021-10-11T20:22:39.583+0300][gc,marking    ] GC(4) Concurrent Clear Claimed Marks
[2021-10-11T20:22:39.583+0300][gc,marking    ] GC(4) Concurrent Clear Claimed Marks 0.034ms
[2021-10-11T20:22:39.583+0300][gc,marking    ] GC(4) Concurrent Scan Root Regions
[2021-10-11T20:22:39.584+0300][gc,marking    ] GC(4) Concurrent Scan Root Regions 0.913ms
[2021-10-11T20:22:39.584+0300][gc,marking    ] GC(4) Concurrent Mark (3.273s)
[2021-10-11T20:22:39.584+0300][gc,marking    ] GC(4) Concurrent Mark From Roots
[2021-10-11T20:22:39.584+0300][gc,task       ] GC(4) Using 3 workers of 3 for marking
[2021-10-11T20:22:39.587+0300][gc,marking    ] GC(4) Concurrent Mark From Roots 2.745ms
[2021-10-11T20:22:39.587+0300][gc,marking    ] GC(4) Concurrent Preclean
[2021-10-11T20:22:39.587+0300][gc,marking    ] GC(4) Concurrent Preclean 0.046ms
[2021-10-11T20:22:39.587+0300][gc,marking    ] GC(4) Concurrent Mark (3.273s, 3.275s) 2.848ms
[2021-10-11T20:22:39.587+0300][gc,start      ] GC(4) Pause Remark
[2021-10-11T20:22:39.588+0300][gc,stringtable] GC(4) Cleaned string and symbol table, strings: 10607 processed, 8 removed, symbols: 94844 processed, 24 removed
[2021-10-11T20:22:39.588+0300][gc            ] GC(4) Pause Remark 139M->139M(1024M) 1.371ms
[2021-10-11T20:22:39.588+0300][gc,cpu        ] GC(4) User=0.01s Sys=0.00s Real=0.00s
[2021-10-11T20:22:39.588+0300][gc,marking    ] GC(4) Concurrent Rebuild Remembered Sets
[2021-10-11T20:22:39.590+0300][gc,marking    ] GC(4) Concurrent Rebuild Remembered Sets 1.563ms
[2021-10-11T20:22:39.590+0300][gc,start      ] GC(4) Pause Cleanup
[2021-10-11T20:22:39.590+0300][gc            ] GC(4) Pause Cleanup 139M->139M(1024M) 0.145ms
[2021-10-11T20:22:39.590+0300][gc,cpu        ] GC(4) User=0.00s Sys=0.00s Real=0.00s
[2021-10-11T20:22:39.590+0300][gc,marking    ] GC(4) Concurrent Cleanup for Next Mark
[2021-10-11T20:22:39.594+0300][gc,marking    ] GC(4) Concurrent Cleanup for Next Mark 4.195ms
[2021-10-11T20:22:39.595+0300][gc            ] GC(4) Concurrent Cycle 11.603ms
[2021-10-11T20:22:40.048+0300][gc,start      ] GC(5) Pause Young (Normal) (G1 Evacuation Pause)
[2021-10-11T20:22:40.049+0300][gc,task       ] GC(5) Using 10 workers of 10 for evacuation
[2021-10-11T20:22:40.053+0300][gc,phases     ] GC(5)   Pre Evacuate Collection Set: 0.0ms
[2021-10-11T20:22:40.053+0300][gc,phases     ] GC(5)   Evacuate Collection Set: 4.0ms
[2021-10-11T20:22:40.053+0300][gc,phases     ] GC(5)   Post Evacuate Collection Set: 0.5ms
[2021-10-11T20:22:40.053+0300][gc,phases     ] GC(5)   Other: 0.2ms
[2021-10-11T20:22:40.053+0300][gc,heap       ] GC(5) Eden regions: 48->0(44)
[2021-10-11T20:22:40.053+0300][gc,heap       ] GC(5) Survivor regions: 3->7(7)
[2021-10-11T20:22:40.053+0300][gc,heap       ] GC(5) Old regions: 7->7
[2021-10-11T20:22:40.053+0300][gc,heap       ] GC(5) Humongous regions: 129->129
[2021-10-11T20:22:40.053+0300][gc,metaspace  ] GC(5) Metaspace: 42853K->42853K(1087488K)
[2021-10-11T20:22:40.053+0300][gc            ] GC(5) Pause Young (Normal) (G1 Evacuation Pause) 186M->142M(1024M) 4.911ms
[2021-10-11T20:22:40.053+0300][gc,cpu        ] GC(5) User=0.04s Sys=0.01s Real=0.01s
[2021-10-11T20:23:02.948+0300][gc,heap,exit  ] Heap
[2021-10-11T20:23:02.948+0300][gc,heap,exit  ]  garbage-first heap   total 1048576K, used 187795K [0x00000007c0000000, 0x0000000800000000)
[2021-10-11T20:23:02.948+0300][gc,heap,exit  ]   region size 1024K, 44 young (45056K), 7 survivors (7168K)
[2021-10-11T20:23:02.948+0300][gc,heap,exit  ]  Metaspace       used 48041K, capacity 50234K, committed 50428K, reserved 1093632K
[2021-10-11T20:23:02.948+0300][gc,heap,exit  ]   class space    used 5919K, capacity 7015K, committed 7040K, reserved 1048576K
