[2024-05-30T08:02:01.675+0530][gc,init] CardTable entry size: 512
[2024-05-30T08:02:01.675+0530][gc     ] Using G1
[2024-05-30T08:02:01.676+0530][gc,init] Version: 21.0.2+13-58 (release)
[2024-05-30T08:02:01.676+0530][gc,init] CPUs: 11 total, 11 available
[2024-05-30T08:02:01.676+0530][gc,init] Memory: 18432M
[2024-05-30T08:02:01.676+0530][gc,init] Large Page Support: Disabled
[2024-05-30T08:02:01.676+0530][gc,init] NUMA Support: Disabled
[2024-05-30T08:02:01.676+0530][gc,init] Compressed Oops: Enabled (Zero based)
[2024-05-30T08:02:01.676+0530][gc,init] Heap Region Size: 1M
[2024-05-30T08:02:01.676+0530][gc,init] Heap Min Capacity: 1G
[2024-05-30T08:02:01.676+0530][gc,init] Heap Initial Capacity: 1G
[2024-05-30T08:02:01.676+0530][gc,init] Heap Max Capacity: 1G
[2024-05-30T08:02:01.676+0530][gc,init] Pre-touch: Disabled
[2024-05-30T08:02:01.676+0530][gc,init] Parallel Workers: 9
[2024-05-30T08:02:01.676+0530][gc,init] Concurrent Workers: 2
[2024-05-30T08:02:01.676+0530][gc,init] Concurrent Refinement Workers: 9
[2024-05-30T08:02:01.676+0530][gc,init] Periodic GC: Disabled
[2024-05-30T08:02:01.679+0530][gc,metaspace] CDS archive(s) mapped at: [0x0000007000000000-0x0000007000ca4000-0x0000007000ca4000), size 13254656, SharedBaseAddress: 0x0000007000000000, ArchiveRelocationMode: 1.
[2024-05-30T08:02:01.679+0530][gc,metaspace] Compressed class space mapped at: 0x0000007001000000-0x0000007041000000, reserved size: 1073741824
[2024-05-30T08:02:01.679+0530][gc,metaspace] Narrow klass base: 0x0000007000000000, Narrow klass shift: 0, Narrow klass range: 0x100000000
[2024-05-30T08:02:02.195+0530][gc,start    ] GC(0) Pause Young (Normal) (G1 Evacuation Pause)
[2024-05-30T08:02:02.196+0530][gc,task     ] GC(0) Using 9 workers of 9 for evacuation
[2024-05-30T08:02:02.197+0530][gc,phases   ] GC(0)   Pre Evacuate Collection Set: 0.1ms
[2024-05-30T08:02:02.197+0530][gc,phases   ] GC(0)   Merge Heap Roots: 0.0ms
[2024-05-30T08:02:02.197+0530][gc,phases   ] GC(0)   Evacuate Collection Set: 1.4ms
[2024-05-30T08:02:02.197+0530][gc,phases   ] GC(0)   Post Evacuate Collection Set: 0.2ms
[2024-05-30T08:02:02.197+0530][gc,phases   ] GC(0)   Other: 0.2ms
[2024-05-30T08:02:02.197+0530][gc,heap     ] GC(0) Eden regions: 51->0(44)
[2024-05-30T08:02:02.197+0530][gc,heap     ] GC(0) Survivor regions: 0->7(7)
[2024-05-30T08:02:02.197+0530][gc,heap     ] GC(0) Old regions: 2->3
[2024-05-30T08:02:02.197+0530][gc,heap     ] GC(0) Humongous regions: 0->0
[2024-05-30T08:02:02.197+0530][gc,metaspace] GC(0) Metaspace: 19054K(19264K)->19054K(19264K) NonClass: 16837K(16960K)->16837K(16960K) Class: 2217K(2304K)->2217K(2304K)
[2024-05-30T08:02:02.197+0530][gc          ] GC(0) Pause Young (Normal) (G1 Evacuation Pause) 52M->8M(1024M) 2.023ms
[2024-05-30T08:02:02.197+0530][gc,cpu      ] GC(0) User=0.01s Sys=0.01s Real=0.00s
[2024-05-30T08:02:02.277+0530][gc,start    ] GC(1) Pause Young (Concurrent Start) (Metadata GC Threshold)
[2024-05-30T08:02:02.277+0530][gc,task     ] GC(1) Using 9 workers of 9 for evacuation
[2024-05-30T08:02:02.279+0530][gc,phases   ] GC(1)   Pre Evacuate Collection Set: 0.1ms
[2024-05-30T08:02:02.279+0530][gc,phases   ] GC(1)   Merge Heap Roots: 0.0ms
[2024-05-30T08:02:02.279+0530][gc,phases   ] GC(1)   Evacuate Collection Set: 1.6ms
[2024-05-30T08:02:02.279+0530][gc,phases   ] GC(1)   Post Evacuate Collection Set: 0.1ms
[2024-05-30T08:02:02.279+0530][gc,phases   ] GC(1)   Other: 0.0ms
[2024-05-30T08:02:02.279+0530][gc,heap     ] GC(1) Eden regions: 9->0(49)
[2024-05-30T08:02:02.279+0530][gc,heap     ] GC(1) Survivor regions: 7->2(7)
[2024-05-30T08:02:02.279+0530][gc,heap     ] GC(1) Old regions: 3->10
[2024-05-30T08:02:02.279+0530][gc,heap     ] GC(1) Humongous regions: 0->0
[2024-05-30T08:02:02.279+0530][gc,metaspace] GC(1) Metaspace: 21361K(21504K)->21361K(21504K) NonClass: 18855K(18944K)->18855K(18944K) Class: 2505K(2560K)->2505K(2560K)
[2024-05-30T08:02:02.279+0530][gc          ] GC(1) Pause Young (Concurrent Start) (Metadata GC Threshold) 16M->9M(1024M) 1.974ms
[2024-05-30T08:02:02.279+0530][gc,cpu      ] GC(1) User=0.01s Sys=0.00s Real=0.00s
[2024-05-30T08:02:02.279+0530][gc          ] GC(2) Concurrent Mark Cycle
[2024-05-30T08:02:02.279+0530][gc,marking  ] GC(2) Concurrent Scan Root Regions
[2024-05-30T08:02:02.280+0530][gc,marking  ] GC(2) Concurrent Scan Root Regions 1.075ms
[2024-05-30T08:02:02.280+0530][gc,marking  ] GC(2) Concurrent Mark
[2024-05-30T08:02:02.280+0530][gc,marking  ] GC(2) Concurrent Mark From Roots
[2024-05-30T08:02:02.280+0530][gc,task     ] GC(2) Using 2 workers of 2 for marking
[2024-05-30T08:02:02.281+0530][gc,marking  ] GC(2) Concurrent Mark From Roots 0.568ms
[2024-05-30T08:02:02.281+0530][gc,marking  ] GC(2) Concurrent Preclean
[2024-05-30T08:02:02.281+0530][gc,marking  ] GC(2) Concurrent Preclean 0.004ms
[2024-05-30T08:02:02.281+0530][gc,start    ] GC(2) Pause Remark
[2024-05-30T08:02:02.282+0530][gc          ] GC(2) Pause Remark 9M->9M(1024M) 0.674ms
[2024-05-30T08:02:02.282+0530][gc,cpu      ] GC(2) User=0.00s Sys=0.00s Real=0.00s
[2024-05-30T08:02:02.282+0530][gc,marking  ] GC(2) Concurrent Mark 1.390ms
[2024-05-30T08:02:02.282+0530][gc,marking  ] GC(2) Concurrent Rebuild Remembered Sets and Scrub Regions
[2024-05-30T08:02:02.283+0530][gc,marking  ] GC(2) Concurrent Rebuild Remembered Sets and Scrub Regions 1.182ms
[2024-05-30T08:02:02.283+0530][gc,start    ] GC(2) Pause Cleanup
[2024-05-30T08:02:02.283+0530][gc          ] GC(2) Pause Cleanup 9M->9M(1024M) 0.085ms
[2024-05-30T08:02:02.283+0530][gc,cpu      ] GC(2) User=0.00s Sys=0.00s Real=0.00s
[2024-05-30T08:02:02.283+0530][gc,marking  ] GC(2) Concurrent Clear Claimed Marks
[2024-05-30T08:02:02.283+0530][gc,marking  ] GC(2) Concurrent Clear Claimed Marks 0.005ms
[2024-05-30T08:02:02.283+0530][gc,marking  ] GC(2) Concurrent Cleanup for Next Mark
[2024-05-30T08:02:02.285+0530][gc,marking  ] GC(2) Concurrent Cleanup for Next Mark 1.770ms
[2024-05-30T08:02:02.285+0530][gc          ] GC(2) Concurrent Mark Cycle 5.650ms
[2024-05-30T08:02:02.524+0530][gc,start    ] GC(3) Pause Young (Prepare Mixed) (G1 Evacuation Pause)
[2024-05-30T08:02:02.524+0530][gc,task     ] GC(3) Using 9 workers of 9 for evacuation
[2024-05-30T08:02:02.525+0530][gc,phases   ] GC(3)   Pre Evacuate Collection Set: 0.1ms
[2024-05-30T08:02:02.525+0530][gc,phases   ] GC(3)   Merge Heap Roots: 0.0ms
[2024-05-30T08:02:02.525+0530][gc,phases   ] GC(3)   Evacuate Collection Set: 1.2ms
[2024-05-30T08:02:02.525+0530][gc,phases   ] GC(3)   Post Evacuate Collection Set: 0.1ms
[2024-05-30T08:02:02.525+0530][gc,phases   ] GC(3)   Other: 0.0ms
[2024-05-30T08:02:02.525+0530][gc,heap     ] GC(3) Eden regions: 49->0(45)
[2024-05-30T08:02:02.525+0530][gc,heap     ] GC(3) Survivor regions: 2->6(7)
[2024-05-30T08:02:02.525+0530][gc,heap     ] GC(3) Old regions: 10->10
[2024-05-30T08:02:02.525+0530][gc,heap     ] GC(3) Humongous regions: 129->129
[2024-05-30T08:02:02.525+0530][gc,metaspace] GC(3) Metaspace: 33209K(33536K)->33209K(33536K) NonClass: 29586K(29760K)->29586K(29760K) Class: 3623K(3776K)->3623K(3776K)
[2024-05-30T08:02:02.525+0530][gc          ] GC(3) Pause Young (Prepare Mixed) (G1 Evacuation Pause) 187M->142M(1024M) 1.555ms
[2024-05-30T08:02:02.525+0530][gc,cpu      ] GC(3) User=0.01s Sys=0.00s Real=0.00s
[2024-05-30T08:02:59.904+0530][gc,start    ] GC(4) Pause Young (Mixed) (Metadata GC Threshold)
[2024-05-30T08:02:59.905+0530][gc,task     ] GC(4) Using 9 workers of 9 for evacuation
[2024-05-30T08:02:59.906+0530][gc,phases   ] GC(4)   Pre Evacuate Collection Set: 0.1ms
[2024-05-30T08:02:59.907+0530][gc,phases   ] GC(4)   Merge Heap Roots: 0.0ms
[2024-05-30T08:02:59.907+0530][gc,phases   ] GC(4)   Evacuate Collection Set: 1.5ms
[2024-05-30T08:02:59.907+0530][gc,phases   ] GC(4)   Post Evacuate Collection Set: 0.3ms
[2024-05-30T08:02:59.907+0530][gc,phases   ] GC(4)   Other: 0.0ms
[2024-05-30T08:02:59.907+0530][gc,heap     ] GC(4) Eden regions: 14->0(49)
[2024-05-30T08:02:59.907+0530][gc,heap     ] GC(4) Survivor regions: 6->2(7)
[2024-05-30T08:02:59.907+0530][gc,heap     ] GC(4) Old regions: 10->14
[2024-05-30T08:02:59.907+0530][gc,heap     ] GC(4) Humongous regions: 129->129
[2024-05-30T08:02:59.907+0530][gc,metaspace] GC(4) Metaspace: 35759K(36096K)->35759K(36096K) NonClass: 31709K(31936K)->31709K(31936K) Class: 4049K(4160K)->4049K(4160K)
[2024-05-30T08:02:59.907+0530][gc          ] GC(4) Pause Young (Mixed) (Metadata GC Threshold) 156M->144M(1024M) 2.250ms
[2024-05-30T08:02:59.907+0530][gc,cpu      ] GC(4) User=0.01s Sys=0.00s Real=0.00s
[2024-05-30T08:02:59.930+0530][gc,start    ] GC(5) Pause Young (Concurrent Start) (Metadata GC Threshold)
[2024-05-30T08:02:59.930+0530][gc,task     ] GC(5) Using 9 workers of 9 for evacuation
[2024-05-30T08:02:59.931+0530][gc,phases   ] GC(5)   Pre Evacuate Collection Set: 0.1ms
[2024-05-30T08:02:59.931+0530][gc,phases   ] GC(5)   Merge Heap Roots: 0.0ms
[2024-05-30T08:02:59.931+0530][gc,phases   ] GC(5)   Evacuate Collection Set: 0.5ms
[2024-05-30T08:02:59.931+0530][gc,phases   ] GC(5)   Post Evacuate Collection Set: 0.1ms
[2024-05-30T08:02:59.931+0530][gc,phases   ] GC(5)   Other: 0.0ms
[2024-05-30T08:02:59.931+0530][gc,heap     ] GC(5) Eden regions: 3->0(50)
[2024-05-30T08:02:59.931+0530][gc,heap     ] GC(5) Survivor regions: 2->1(7)
[2024-05-30T08:02:59.931+0530][gc,heap     ] GC(5) Old regions: 14->14
[2024-05-30T08:02:59.931+0530][gc,heap     ] GC(5) Humongous regions: 129->129
[2024-05-30T08:02:59.931+0530][gc,metaspace] GC(5) Metaspace: 36094K(36416K)->36094K(36416K) NonClass: 31956K(32128K)->31956K(32128K) Class: 4138K(4288K)->4138K(4288K)
[2024-05-30T08:02:59.931+0530][gc          ] GC(5) Pause Young (Concurrent Start) (Metadata GC Threshold) 146M->143M(1024M) 0.893ms
[2024-05-30T08:02:59.931+0530][gc          ] GC(6) Concurrent Mark Cycle
[2024-05-30T08:02:59.931+0530][gc,cpu      ] GC(5) User=0.01s Sys=0.00s Real=0.00s
[2024-05-30T08:02:59.931+0530][gc,marking  ] GC(6) Concurrent Scan Root Regions
[2024-05-30T08:02:59.931+0530][gc,marking  ] GC(6) Concurrent Scan Root Regions 0.583ms
[2024-05-30T08:02:59.931+0530][gc,marking  ] GC(6) Concurrent Mark
[2024-05-30T08:02:59.931+0530][gc,marking  ] GC(6) Concurrent Mark From Roots
[2024-05-30T08:02:59.932+0530][gc,task     ] GC(6) Using 2 workers of 2 for marking
[2024-05-30T08:02:59.936+0530][gc,marking  ] GC(6) Concurrent Mark From Roots 4.886ms
[2024-05-30T08:02:59.936+0530][gc,marking  ] GC(6) Concurrent Preclean
[2024-05-30T08:02:59.936+0530][gc,marking  ] GC(6) Concurrent Preclean 0.028ms
[2024-05-30T08:02:59.937+0530][gc,start    ] GC(6) Pause Remark
[2024-05-30T08:02:59.938+0530][gc          ] GC(6) Pause Remark 144M->144M(1024M) 1.012ms
[2024-05-30T08:02:59.938+0530][gc,cpu      ] GC(6) User=0.00s Sys=0.00s Real=0.00s
[2024-05-30T08:02:59.938+0530][gc,marking  ] GC(6) Concurrent Mark 6.304ms
[2024-05-30T08:02:59.938+0530][gc,marking  ] GC(6) Concurrent Rebuild Remembered Sets and Scrub Regions
[2024-05-30T08:02:59.940+0530][gc,marking  ] GC(6) Concurrent Rebuild Remembered Sets and Scrub Regions 1.905ms
[2024-05-30T08:02:59.940+0530][gc,start    ] GC(6) Pause Cleanup
[2024-05-30T08:02:59.940+0530][gc          ] GC(6) Pause Cleanup 145M->145M(1024M) 0.080ms
[2024-05-30T08:02:59.940+0530][gc,cpu      ] GC(6) User=0.00s Sys=0.00s Real=0.00s
[2024-05-30T08:02:59.940+0530][gc,marking  ] GC(6) Concurrent Clear Claimed Marks
[2024-05-30T08:02:59.940+0530][gc,marking  ] GC(6) Concurrent Clear Claimed Marks 0.011ms
[2024-05-30T08:02:59.940+0530][gc,marking  ] GC(6) Concurrent Cleanup for Next Mark
[2024-05-30T08:02:59.941+0530][gc,marking  ] GC(6) Concurrent Cleanup for Next Mark 0.985ms
[2024-05-30T08:02:59.941+0530][gc          ] GC(6) Concurrent Mark Cycle 10.032ms
[2024-05-30T08:03:41.636+0530][gc,heap,exit] Heap
[2024-05-30T08:03:41.637+0530][gc,heap,exit]  garbage-first heap   total 1048576K, used 192275K [0x00000007c0000000, 0x0000000800000000)
[2024-05-30T08:03:41.637+0530][gc,heap,exit]   region size 1024K, 45 young (46080K), 1 survivors (1024K)
[2024-05-30T08:03:41.637+0530][gc,heap,exit]  Metaspace       used 41245K, committed 41856K, reserved 1114112K
[2024-05-30T08:03:41.637+0530][gc,heap,exit]   class space    used 4978K, committed 5248K, reserved 1048576K
