[2021-10-11T20:32:36.469+0300][gc,heap] Heap region size: 1M
[2021-10-11T20:32:36.477+0300][gc     ] Using G1
[2021-10-11T20:32:36.477+0300][gc,heap,coops] Heap address: 0x00000007c0000000, size: 1024 MB, Compressed Oops mode: Zero based, Oop shift amount: 3
[2021-10-11T20:32:37.345+0300][gc,start     ] GC(0) Pause Young (Concurrent Start) (Metadata GC Threshold)
[2021-10-11T20:32:37.345+0300][gc,task      ] GC(0) Using 10 workers of 10 for evacuation
[2021-10-11T20:32:37.353+0300][gc,phases    ] GC(0)   Pre Evacuate Collection Set: 0.0ms
[2021-10-11T20:32:37.353+0300][gc,phases    ] GC(0)   Evacuate Collection Set: 7.1ms
[2021-10-11T20:32:37.353+0300][gc,phases    ] GC(0)   Post Evacuate Collection Set: 0.4ms
[2021-10-11T20:32:37.353+0300][gc,phases    ] GC(0)   Other: 0.7ms
[2021-10-11T20:32:37.353+0300][gc,heap      ] GC(0) Eden regions: 43->0(44)
[2021-10-11T20:32:37.353+0300][gc,heap      ] GC(0) Survivor regions: 0->7(7)
[2021-10-11T20:32:37.353+0300][gc,heap      ] GC(0) Old regions: 0->0
[2021-10-11T20:32:37.353+0300][gc,heap      ] GC(0) Humongous regions: 0->0
[2021-10-11T20:32:37.353+0300][gc,metaspace ] GC(0) Metaspace: 20706K->20706K(1069056K)
[2021-10-11T20:32:37.353+0300][gc           ] GC(0) Pause Young (Concurrent Start) (Metadata GC Threshold) 43M->6M(1024M) 8.300ms
[2021-10-11T20:32:37.353+0300][gc,cpu       ] GC(0) User=0.02s Sys=0.00s Real=0.01s
[2021-10-11T20:32:37.353+0300][gc           ] GC(1) Concurrent Cycle
[2021-10-11T20:32:37.353+0300][gc,marking   ] GC(1) Concurrent Clear Claimed Marks
[2021-10-11T20:32:37.353+0300][gc,marking   ] GC(1) Concurrent Clear Claimed Marks 0.020ms
[2021-10-11T20:32:37.353+0300][gc,marking   ] GC(1) Concurrent Scan Root Regions
[2021-10-11T20:32:37.354+0300][gc,marking   ] GC(1) Concurrent Scan Root Regions 1.203ms
[2021-10-11T20:32:37.354+0300][gc,marking   ] GC(1) Concurrent Mark (0.896s)
[2021-10-11T20:32:37.354+0300][gc,marking   ] GC(1) Concurrent Mark From Roots
[2021-10-11T20:32:37.354+0300][gc,task      ] GC(1) Using 3 workers of 3 for marking
[2021-10-11T20:32:37.354+0300][gc,marking   ] GC(1) Concurrent Mark From Roots 0.162ms
[2021-10-11T20:32:37.354+0300][gc,marking   ] GC(1) Concurrent Preclean
[2021-10-11T20:32:37.354+0300][gc,marking   ] GC(1) Concurrent Preclean 0.033ms
[2021-10-11T20:32:37.354+0300][gc,marking   ] GC(1) Concurrent Mark (0.896s, 0.896s) 0.232ms
[2021-10-11T20:32:37.354+0300][gc,start     ] GC(1) Pause Remark
[2021-10-11T20:32:37.355+0300][gc,stringtable] GC(1) Cleaned string and symbol table, strings: 7189 processed, 0 removed, symbols: 63513 processed, 31 removed
[2021-10-11T20:32:37.356+0300][gc            ] GC(1) Pause Remark 7M->7M(1024M) 1.095ms
[2021-10-11T20:32:37.356+0300][gc,cpu        ] GC(1) User=0.01s Sys=0.00s Real=0.00s
[2021-10-11T20:32:37.356+0300][gc,marking    ] GC(1) Concurrent Rebuild Remembered Sets
[2021-10-11T20:32:37.356+0300][gc,marking    ] GC(1) Concurrent Rebuild Remembered Sets 0.030ms
[2021-10-11T20:32:37.356+0300][gc,start      ] GC(1) Pause Cleanup
[2021-10-11T20:32:37.356+0300][gc            ] GC(1) Pause Cleanup 7M->7M(1024M) 0.076ms
[2021-10-11T20:32:37.356+0300][gc,cpu        ] GC(1) User=0.00s Sys=0.00s Real=0.00s
[2021-10-11T20:32:37.356+0300][gc,marking    ] GC(1) Concurrent Cleanup for Next Mark
[2021-10-11T20:32:37.361+0300][gc,marking    ] GC(1) Concurrent Cleanup for Next Mark 5.023ms
[2021-10-11T20:32:37.361+0300][gc            ] GC(1) Concurrent Cycle 8.040ms
[2021-10-11T20:32:38.312+0300][gc,start      ] GC(2) Pause Young (Normal) (G1 Evacuation Pause)
[2021-10-11T20:32:38.312+0300][gc,task       ] GC(2) Using 10 workers of 10 for evacuation
[2021-10-11T20:32:38.319+0300][gc,phases     ] GC(2)   Pre Evacuate Collection Set: 0.0ms
[2021-10-11T20:32:38.319+0300][gc,phases     ] GC(2)   Evacuate Collection Set: 6.2ms
[2021-10-11T20:32:38.319+0300][gc,phases     ] GC(2)   Post Evacuate Collection Set: 0.8ms
[2021-10-11T20:32:38.319+0300][gc,phases     ] GC(2)   Other: 0.1ms
[2021-10-11T20:32:38.319+0300][gc,heap       ] GC(2) Eden regions: 44->0(48)
[2021-10-11T20:32:38.319+0300][gc,heap       ] GC(2) Survivor regions: 7->3(7)
[2021-10-11T20:32:38.319+0300][gc,heap       ] GC(2) Old regions: 0->7
[2021-10-11T20:32:38.319+0300][gc,heap       ] GC(2) Humongous regions: 129->129
[2021-10-11T20:32:38.319+0300][gc,metaspace  ] GC(2) Metaspace: 30127K->30127K(1077248K)
[2021-10-11T20:32:38.319+0300][gc            ] GC(2) Pause Young (Normal) (G1 Evacuation Pause) 179M->137M(1024M) 7.286ms
[2021-10-11T20:32:38.319+0300][gc,cpu        ] GC(2) User=0.04s Sys=0.02s Real=0.00s
[2021-10-11T20:32:38.536+0300][gc,start      ] GC(3) Pause Young (Concurrent Start) (Metadata GC Threshold)
[2021-10-11T20:32:38.536+0300][gc,task       ] GC(3) Using 10 workers of 10 for evacuation
[2021-10-11T20:32:38.539+0300][gc,phases     ] GC(3)   Pre Evacuate Collection Set: 0.1ms
[2021-10-11T20:32:38.539+0300][gc,phases     ] GC(3)   Evacuate Collection Set: 2.0ms
[2021-10-11T20:32:38.539+0300][gc,phases     ] GC(3)   Post Evacuate Collection Set: 0.2ms
[2021-10-11T20:32:38.539+0300][gc,phases     ] GC(3)   Other: 0.2ms
[2021-10-11T20:32:38.539+0300][gc,heap       ] GC(3) Eden regions: 23->0(48)
[2021-10-11T20:32:38.539+0300][gc,heap       ] GC(3) Survivor regions: 3->3(7)
[2021-10-11T20:32:38.539+0300][gc,heap       ] GC(3) Old regions: 7->7
[2021-10-11T20:32:38.539+0300][gc,heap       ] GC(3) Humongous regions: 129->129
[2021-10-11T20:32:38.539+0300][gc,metaspace  ] GC(3) Metaspace: 34711K->34711K(1081344K)
[2021-10-11T20:32:38.539+0300][gc            ] GC(3) Pause Young (Concurrent Start) (Metadata GC Threshold) 159M->138M(1024M) 2.759ms
[2021-10-11T20:32:38.539+0300][gc,cpu        ] GC(3) User=0.01s Sys=0.00s Real=0.00s
[2021-10-11T20:32:38.539+0300][gc            ] GC(4) Concurrent Cycle
[2021-10-11T20:32:38.539+0300][gc,marking    ] GC(4) Concurrent Clear Claimed Marks
[2021-10-11T20:32:38.539+0300][gc,marking    ] GC(4) Concurrent Clear Claimed Marks 0.140ms
[2021-10-11T20:32:38.539+0300][gc,marking    ] GC(4) Concurrent Scan Root Regions
[2021-10-11T20:32:38.541+0300][gc,marking    ] GC(4) Concurrent Scan Root Regions 1.370ms
[2021-10-11T20:32:38.541+0300][gc,marking    ] GC(4) Concurrent Mark (2.082s)
[2021-10-11T20:32:38.541+0300][gc,marking    ] GC(4) Concurrent Mark From Roots
[2021-10-11T20:32:38.541+0300][gc,task       ] GC(4) Using 3 workers of 3 for marking
[2021-10-11T20:32:38.544+0300][gc,marking    ] GC(4) Concurrent Mark From Roots 3.655ms
[2021-10-11T20:32:38.544+0300][gc,marking    ] GC(4) Concurrent Preclean
[2021-10-11T20:32:38.544+0300][gc,marking    ] GC(4) Concurrent Preclean 0.064ms
[2021-10-11T20:32:38.544+0300][gc,marking    ] GC(4) Concurrent Mark (2.082s, 2.086s) 3.802ms
[2021-10-11T20:32:38.545+0300][gc,start      ] GC(4) Pause Remark
[2021-10-11T20:32:38.546+0300][gc,stringtable] GC(4) Cleaned string and symbol table, strings: 10732 processed, 7 removed, symbols: 95792 processed, 26 removed
[2021-10-11T20:32:38.546+0300][gc            ] GC(4) Pause Remark 138M->138M(1024M) 1.510ms
[2021-10-11T20:32:38.546+0300][gc,cpu        ] GC(4) User=0.00s Sys=0.00s Real=0.00s
[2021-10-11T20:32:38.546+0300][gc,marking    ] GC(4) Concurrent Rebuild Remembered Sets
[2021-10-11T20:32:38.549+0300][gc,marking    ] GC(4) Concurrent Rebuild Remembered Sets 2.859ms
[2021-10-11T20:32:38.549+0300][gc,start      ] GC(4) Pause Cleanup
[2021-10-11T20:32:38.549+0300][gc            ] GC(4) Pause Cleanup 139M->139M(1024M) 0.189ms
[2021-10-11T20:32:38.549+0300][gc,cpu        ] GC(4) User=0.00s Sys=0.00s Real=0.00s
[2021-10-11T20:32:38.550+0300][gc,marking    ] GC(4) Concurrent Cleanup for Next Mark
[2021-10-11T20:32:38.555+0300][gc,marking    ] GC(4) Concurrent Cleanup for Next Mark 5.763ms
[2021-10-11T20:32:38.555+0300][gc            ] GC(4) Concurrent Cycle 16.430ms
[2021-10-11T20:32:39.090+0300][gc,start      ] GC(5) Pause Young (Normal) (G1 Evacuation Pause)
[2021-10-11T20:32:39.090+0300][gc,task       ] GC(5) Using 10 workers of 10 for evacuation
[2021-10-11T20:32:39.096+0300][gc,phases     ] GC(5)   Pre Evacuate Collection Set: 0.0ms
[2021-10-11T20:32:39.096+0300][gc,phases     ] GC(5)   Evacuate Collection Set: 5.2ms
[2021-10-11T20:32:39.096+0300][gc,phases     ] GC(5)   Post Evacuate Collection Set: 0.5ms
[2021-10-11T20:32:39.096+0300][gc,phases     ] GC(5)   Other: 0.2ms
[2021-10-11T20:32:39.096+0300][gc,heap       ] GC(5) Eden regions: 48->0(44)
[2021-10-11T20:32:39.096+0300][gc,heap       ] GC(5) Survivor regions: 3->7(7)
[2021-10-11T20:32:39.096+0300][gc,heap       ] GC(5) Old regions: 7->7
[2021-10-11T20:32:39.096+0300][gc,heap       ] GC(5) Humongous regions: 129->129
[2021-10-11T20:32:39.096+0300][gc,metaspace  ] GC(5) Metaspace: 43133K->43133K(1089536K)
[2021-10-11T20:32:39.096+0300][gc            ] GC(5) Pause Young (Normal) (G1 Evacuation Pause) 186M->141M(1024M) 6.016ms
[2021-10-11T20:32:39.096+0300][gc,cpu        ] GC(5) User=0.04s Sys=0.00s Real=0.00s
[2021-10-11T20:33:57.517+0300][gc,start      ] GC(6) Pause Young (Normal) (G1 Evacuation Pause)
[2021-10-11T20:33:57.519+0300][gc,task       ] GC(6) Using 10 workers of 10 for evacuation
[2021-10-11T20:33:57.526+0300][gc,phases     ] GC(6)   Pre Evacuate Collection Set: 0.0ms
[2021-10-11T20:33:57.526+0300][gc,phases     ] GC(6)   Evacuate Collection Set: 6.1ms
[2021-10-11T20:33:57.526+0300][gc,phases     ] GC(6)   Post Evacuate Collection Set: 0.6ms
[2021-10-11T20:33:57.526+0300][gc,phases     ] GC(6)   Other: 2.6ms
[2021-10-11T20:33:57.526+0300][gc,heap       ] GC(6) Eden regions: 44->0(48)
[2021-10-11T20:33:57.526+0300][gc,heap       ] GC(6) Survivor regions: 7->3(7)
[2021-10-11T20:33:57.526+0300][gc,heap       ] GC(6) Old regions: 7->13
[2021-10-11T20:33:57.526+0300][gc,heap       ] GC(6) Humongous regions: 129->129
[2021-10-11T20:33:57.526+0300][gc,metaspace  ] GC(6) Metaspace: 49327K->49327K(1093632K)
[2021-10-11T20:33:57.526+0300][gc            ] GC(6) Pause Young (Normal) (G1 Evacuation Pause) 185M->144M(1024M) 9.449ms
[2021-10-11T20:33:57.526+0300][gc,cpu        ] GC(6) User=0.05s Sys=0.01s Real=0.01s
[2021-10-11T20:40:12.205+0300][gc,heap,exit  ] Heap
[2021-10-11T20:40:12.205+0300][gc,heap,exit  ]  garbage-first heap   total 1048576K, used 182776K [0x00000007c0000000, 0x0000000800000000)
[2021-10-11T20:40:12.205+0300][gc,heap,exit  ]   region size 1024K, 38 young (38912K), 3 survivors (3072K)
[2021-10-11T20:40:12.205+0300][gc,heap,exit  ]  Metaspace       used 51507K, capacity 54224K, committed 54320K, reserved 1095680K
[2021-10-11T20:40:12.205+0300][gc,heap,exit  ]   class space    used 6421K, capacity 7767K, committed 7808K, reserved 1048576K
