[2024-05-30T07:56:34.784+0530][gc,init] CardTable entry size: 512
[2024-05-30T07:56:34.784+0530][gc     ] Using G1
[2024-05-30T07:56:34.784+0530][gc,init] Version: 21.0.2+13-58 (release)
[2024-05-30T07:56:34.784+0530][gc,init] CPUs: 11 total, 11 available
[2024-05-30T07:56:34.784+0530][gc,init] Memory: 18432M
[2024-05-30T07:56:34.784+0530][gc,init] Large Page Support: Disabled
[2024-05-30T07:56:34.784+0530][gc,init] NUMA Support: Disabled
[2024-05-30T07:56:34.784+0530][gc,init] Compressed Oops: Enabled (Zero based)
[2024-05-30T07:56:34.784+0530][gc,init] Heap Region Size: 1M
[2024-05-30T07:56:34.784+0530][gc,init] Heap Min Capacity: 512M
[2024-05-30T07:56:34.784+0530][gc,init] Heap Initial Capacity: 512M
[2024-05-30T07:56:34.784+0530][gc,init] Heap Max Capacity: 512M
[2024-05-30T07:56:34.784+0530][gc,init] Pre-touch: Disabled
[2024-05-30T07:56:34.784+0530][gc,init] Parallel Workers: 9
[2024-05-30T07:56:34.784+0530][gc,init] Concurrent Workers: 2
[2024-05-30T07:56:34.784+0530][gc,init] Concurrent Refinement Workers: 9
[2024-05-30T07:56:34.784+0530][gc,init] Periodic GC: Disabled
[2024-05-30T07:56:34.785+0530][gc,metaspace] CDS archive(s) mapped at: [0x0000000800000000-0x0000000800ca4000-0x0000000800ca4000), size 13254656, SharedBaseAddress: 0x0000000800000000, ArchiveRelocationMode: 1.
[2024-05-30T07:56:34.785+0530][gc,metaspace] Compressed class space mapped at: 0x0000000801000000-0x0000000841000000, reserved size: 1073741824
[2024-05-30T07:56:34.785+0530][gc,metaspace] Narrow klass base: 0x0000000800000000, Narrow klass shift: 0, Narrow klass range: 0x100000000
[2024-05-30T07:56:35.169+0530][gc,heap,exit] Heap
[2024-05-30T07:56:35.169+0530][gc,heap,exit]  garbage-first heap   total 524288K, used 22540K [0x00000007e0000000, 0x0000000800000000)
[2024-05-30T07:56:35.169+0530][gc,heap,exit]   region size 1024K, 21 young (21504K), 0 survivors (0K)
[2024-05-30T07:56:35.169+0530][gc,heap,exit]  Metaspace       used 7771K, committed 8000K, reserved 1114112K
[2024-05-30T07:56:35.169+0530][gc,heap,exit]   class space    used 836K, committed 960K, reserved 1048576K
