[2024-05-30T07:57:35.432+0530][gc,init] CardTable entry size: 512
[2024-05-30T07:57:35.432+0530][gc     ] Using G1
[2024-05-30T07:57:35.433+0530][gc,init] Version: 21.0.2+13-58 (release)
[2024-05-30T07:57:35.433+0530][gc,init] CPUs: 11 total, 11 available
[2024-05-30T07:57:35.433+0530][gc,init] Memory: 18432M
[2024-05-30T07:57:35.433+0530][gc,init] Large Page Support: Disabled
[2024-05-30T07:57:35.433+0530][gc,init] NUMA Support: Disabled
[2024-05-30T07:57:35.433+0530][gc,init] Compressed Oops: Enabled (Zero based)
[2024-05-30T07:57:35.433+0530][gc,init] Heap Region Size: 1M
[2024-05-30T07:57:35.433+0530][gc,init] Heap Min Capacity: 512M
[2024-05-30T07:57:35.433+0530][gc,init] Heap Initial Capacity: 512M
[2024-05-30T07:57:35.433+0530][gc,init] Heap Max Capacity: 512M
[2024-05-30T07:57:35.433+0530][gc,init] Pre-touch: Disabled
[2024-05-30T07:57:35.433+0530][gc,init] Parallel Workers: 9
[2024-05-30T07:57:35.433+0530][gc,init] Concurrent Workers: 2
[2024-05-30T07:57:35.433+0530][gc,init] Concurrent Refinement Workers: 9
[2024-05-30T07:57:35.433+0530][gc,init] Periodic GC: Disabled
[2024-05-30T07:57:35.436+0530][gc,metaspace] CDS archive(s) mapped at: [0x000000d800000000-0x000000d800ca4000-0x000000d800ca4000), size 13254656, SharedBaseAddress: 0x000000d800000000, ArchiveRelocationMode: 1.
[2024-05-30T07:57:35.436+0530][gc,metaspace] Compressed class space mapped at: 0x000000d801000000-0x000000d841000000, reserved size: 1073741824
[2024-05-30T07:57:35.436+0530][gc,metaspace] Narrow klass base: 0x000000d800000000, Narrow klass shift: 0, Narrow klass range: 0x100000000
[2024-05-30T07:58:35.751+0530][gc,start    ] GC(0) Pause Young (Normal) (G1 Evacuation Pause)
[2024-05-30T07:58:35.755+0530][gc,task     ] GC(0) Using 9 workers of 9 for evacuation
[2024-05-30T07:58:35.776+0530][gc,mmu      ] GC(0) MMU target violated: 20.4ms (20.0ms/21.0ms)
[2024-05-30T07:58:35.776+0530][gc,phases   ] GC(0)   Pre Evacuate Collection Set: 1.0ms
[2024-05-30T07:58:35.776+0530][gc,phases   ] GC(0)   Merge Heap Roots: 0.6ms
[2024-05-30T07:58:35.776+0530][gc,phases   ] GC(0)   Evacuate Collection Set: 17.8ms
[2024-05-30T07:58:35.776+0530][gc,phases   ] GC(0)   Post Evacuate Collection Set: 0.8ms
[2024-05-30T07:58:35.776+0530][gc,phases   ] GC(0)   Other: 2.0ms
[2024-05-30T07:58:35.776+0530][gc,heap     ] GC(0) Eden regions: 25->0(21)
[2024-05-30T07:58:35.776+0530][gc,heap     ] GC(0) Survivor regions: 0->4(4)
[2024-05-30T07:58:35.776+0530][gc,heap     ] GC(0) Old regions: 2->6
[2024-05-30T07:58:35.776+0530][gc,heap     ] GC(0) Humongous regions: 0->0
[2024-05-30T07:58:35.776+0530][gc,metaspace] GC(0) Metaspace: 8454K(8704K)->8454K(8704K) NonClass: 7539K(7680K)->7539K(7680K) Class: 915K(1024K)->915K(1024K)
[2024-05-30T07:58:35.776+0530][gc          ] GC(0) Pause Young (Normal) (G1 Evacuation Pause) 26M->8M(512M) 25.648ms
[2024-05-30T07:58:35.777+0530][gc,cpu      ] GC(0) User=0.03s Sys=0.06s Real=0.02s
[2024-05-30T08:03:54.682+0530][gc,heap,exit] Heap
[2024-05-30T08:03:54.683+0530][gc,heap,exit]  garbage-first heap   total 524288K, used 16569K [0x00000007e0000000, 0x0000000800000000)
[2024-05-30T08:03:54.683+0530][gc,heap,exit]   region size 1024K, 13 young (13312K), 4 survivors (4096K)
[2024-05-30T08:03:54.683+0530][gc,heap,exit]  Metaspace       used 9346K, committed 9536K, reserved 1114112K
[2024-05-30T08:03:54.683+0530][gc,heap,exit]   class space    used 980K, committed 1088K, reserved 1048576K
