[2024-05-31T09:57:53.632+0530][gc,init] CardTable entry size: 512
[2024-05-31T09:57:53.632+0530][gc     ] Using G1
[2024-05-31T09:57:53.633+0530][gc,init] Version: 21.0.2+13-58 (release)
[2024-05-31T09:57:53.633+0530][gc,init] CPUs: 11 total, 11 available
[2024-05-31T09:57:53.633+0530][gc,init] Memory: 18432M
[2024-05-31T09:57:53.633+0530][gc,init] Large Page Support: Disabled
[2024-05-31T09:57:53.633+0530][gc,init] NUMA Support: Disabled
[2024-05-31T09:57:53.633+0530][gc,init] Compressed Oops: Enabled (Zero based)
[2024-05-31T09:57:53.633+0530][gc,init] Heap Region Size: 1M
[2024-05-31T09:57:53.633+0530][gc,init] Heap Min Capacity: 1G
[2024-05-31T09:57:53.633+0530][gc,init] Heap Initial Capacity: 1G
[2024-05-31T09:57:53.633+0530][gc,init] Heap Max Capacity: 1G
[2024-05-31T09:57:53.633+0530][gc,init] Pre-touch: Disabled
[2024-05-31T09:57:53.633+0530][gc,init] Parallel Workers: 9
[2024-05-31T09:57:53.633+0530][gc,init] Concurrent Workers: 2
[2024-05-31T09:57:53.633+0530][gc,init] Concurrent Refinement Workers: 9
[2024-05-31T09:57:53.633+0530][gc,init] Periodic GC: Disabled
[2024-05-31T09:57:53.636+0530][gc,metaspace] CDS archive(s) mapped at: [0x0000000300000000-0x0000000300ca4000-0x0000000300ca4000), size 13254656, SharedBaseAddress: 0x0000000300000000, ArchiveRelocationMode: 1.
[2024-05-31T09:57:53.636+0530][gc,metaspace] Compressed class space mapped at: 0x0000000301000000-0x0000000341000000, reserved size: 1073741824
[2024-05-31T09:57:53.636+0530][gc,metaspace] Narrow klass base: 0x0000000300000000, Narrow klass shift: 0, Narrow klass range: 0x100000000
[2024-05-31T09:57:54.027+0530][gc,start    ] GC(0) Pause Young (Normal) (G1 Evacuation Pause)
[2024-05-31T09:57:54.027+0530][gc,task     ] GC(0) Using 9 workers of 9 for evacuation
[2024-05-31T09:57:54.029+0530][gc,phases   ] GC(0)   Pre Evacuate Collection Set: 0.1ms
[2024-05-31T09:57:54.029+0530][gc,phases   ] GC(0)   Merge Heap Roots: 0.0ms
[2024-05-31T09:57:54.029+0530][gc,phases   ] GC(0)   Evacuate Collection Set: 1.5ms
[2024-05-31T09:57:54.029+0530][gc,phases   ] GC(0)   Post Evacuate Collection Set: 0.3ms
[2024-05-31T09:57:54.029+0530][gc,phases   ] GC(0)   Other: 0.2ms
[2024-05-31T09:57:54.029+0530][gc,heap     ] GC(0) Eden regions: 51->0(44)
[2024-05-31T09:57:54.029+0530][gc,heap     ] GC(0) Survivor regions: 0->7(7)
[2024-05-31T09:57:54.029+0530][gc,heap     ] GC(0) Old regions: 2->3
[2024-05-31T09:57:54.029+0530][gc,heap     ] GC(0) Humongous regions: 0->0
[2024-05-31T09:57:54.029+0530][gc,metaspace] GC(0) Metaspace: 18933K(19200K)->18933K(19200K) NonClass: 16710K(16832K)->16710K(16832K) Class: 2223K(2368K)->2223K(2368K)
[2024-05-31T09:57:54.029+0530][gc          ] GC(0) Pause Young (Normal) (G1 Evacuation Pause) 52M->8M(1024M) 2.347ms
[2024-05-31T09:57:54.029+0530][gc,cpu      ] GC(0) User=0.01s Sys=0.00s Real=0.00s
[2024-05-31T09:57:54.063+0530][gc,start    ] GC(1) Pause Young (Concurrent Start) (Metadata GC Threshold)
[2024-05-31T09:57:54.063+0530][gc,task     ] GC(1) Using 9 workers of 9 for evacuation
[2024-05-31T09:57:54.065+0530][gc,phases   ] GC(1)   Pre Evacuate Collection Set: 0.1ms
[2024-05-31T09:57:54.065+0530][gc,phases   ] GC(1)   Merge Heap Roots: 0.0ms
[2024-05-31T09:57:54.065+0530][gc,phases   ] GC(1)   Evacuate Collection Set: 1.2ms
[2024-05-31T09:57:54.065+0530][gc,phases   ] GC(1)   Post Evacuate Collection Set: 0.1ms
[2024-05-31T09:57:54.065+0530][gc,phases   ] GC(1)   Other: 0.0ms
[2024-05-31T09:57:54.065+0530][gc,heap     ] GC(1) Eden regions: 8->0(50)
[2024-05-31T09:57:54.065+0530][gc,heap     ] GC(1) Survivor regions: 7->1(7)
[2024-05-31T09:57:54.065+0530][gc,heap     ] GC(1) Old regions: 3->10
[2024-05-31T09:57:54.065+0530][gc,heap     ] GC(1) Humongous regions: 0->0
[2024-05-31T09:57:54.065+0530][gc,metaspace] GC(1) Metaspace: 21306K(21504K)->21306K(21504K) NonClass: 18834K(18944K)->18834K(18944K) Class: 2472K(2560K)->2472K(2560K)
[2024-05-31T09:57:54.065+0530][gc          ] GC(1) Pause Young (Concurrent Start) (Metadata GC Threshold) 16M->9M(1024M) 1.615ms
[2024-05-31T09:57:54.065+0530][gc          ] GC(2) Concurrent Mark Cycle
[2024-05-31T09:57:54.065+0530][gc,cpu      ] GC(1) User=0.01s Sys=0.00s Real=0.00s
[2024-05-31T09:57:54.065+0530][gc,marking  ] GC(2) Concurrent Scan Root Regions
[2024-05-31T09:57:54.066+0530][gc,marking  ] GC(2) Concurrent Scan Root Regions 0.999ms
[2024-05-31T09:57:54.066+0530][gc,marking  ] GC(2) Concurrent Mark
[2024-05-31T09:57:54.066+0530][gc,marking  ] GC(2) Concurrent Mark From Roots
[2024-05-31T09:57:54.066+0530][gc,task     ] GC(2) Using 2 workers of 2 for marking
[2024-05-31T09:57:54.066+0530][gc,marking  ] GC(2) Concurrent Mark From Roots 0.587ms
[2024-05-31T09:57:54.066+0530][gc,marking  ] GC(2) Concurrent Preclean
[2024-05-31T09:57:54.066+0530][gc,marking  ] GC(2) Concurrent Preclean 0.004ms
[2024-05-31T09:57:54.066+0530][gc,start    ] GC(2) Pause Remark
[2024-05-31T09:57:54.067+0530][gc          ] GC(2) Pause Remark 9M->9M(1024M) 0.771ms
[2024-05-31T09:57:54.067+0530][gc,cpu      ] GC(2) User=0.01s Sys=0.00s Real=0.00s
[2024-05-31T09:57:54.067+0530][gc,marking  ] GC(2) Concurrent Mark 1.459ms
[2024-05-31T09:57:54.067+0530][gc,marking  ] GC(2) Concurrent Rebuild Remembered Sets and Scrub Regions
[2024-05-31T09:57:54.068+0530][gc,marking  ] GC(2) Concurrent Rebuild Remembered Sets and Scrub Regions 0.894ms
[2024-05-31T09:57:54.068+0530][gc,start    ] GC(2) Pause Cleanup
[2024-05-31T09:57:54.068+0530][gc          ] GC(2) Pause Cleanup 10M->10M(1024M) 0.074ms
[2024-05-31T09:57:54.068+0530][gc,cpu      ] GC(2) User=0.00s Sys=0.00s Real=0.00s
[2024-05-31T09:57:54.068+0530][gc,marking  ] GC(2) Concurrent Clear Claimed Marks
[2024-05-31T09:57:54.068+0530][gc,marking  ] GC(2) Concurrent Clear Claimed Marks 0.008ms
[2024-05-31T09:57:54.068+0530][gc,marking  ] GC(2) Concurrent Cleanup for Next Mark
[2024-05-31T09:57:54.069+0530][gc,marking  ] GC(2) Concurrent Cleanup for Next Mark 1.044ms
[2024-05-31T09:57:54.069+0530][gc          ] GC(2) Concurrent Mark Cycle 4.592ms
[2024-05-31T10:10:05.484+0530][gc,start    ] GC(3) Pause Young (Prepare Mixed) (G1 Evacuation Pause)
[2024-05-31T10:10:05.485+0530][gc,task     ] GC(3) Using 9 workers of 9 for evacuation
[2024-05-31T10:10:05.508+0530][gc,mmu      ] GC(3) MMU target violated: 21.0ms (20.0ms/21.0ms)
[2024-05-31T10:10:05.508+0530][gc,phases   ] GC(3)   Pre Evacuate Collection Set: 2.0ms
[2024-05-31T10:10:05.508+0530][gc,phases   ] GC(3)   Merge Heap Roots: 0.2ms
[2024-05-31T10:10:05.508+0530][gc,phases   ] GC(3)   Evacuate Collection Set: 19.7ms
[2024-05-31T10:10:05.508+0530][gc,phases   ] GC(3)   Post Evacuate Collection Set: 0.4ms
[2024-05-31T10:10:05.508+0530][gc,phases   ] GC(3)   Other: 0.3ms
[2024-05-31T10:10:05.508+0530][gc,heap     ] GC(3) Eden regions: 50->0(48)
[2024-05-31T10:10:05.508+0530][gc,heap     ] GC(3) Survivor regions: 1->3(7)
[2024-05-31T10:10:05.508+0530][gc,heap     ] GC(3) Old regions: 10->10
[2024-05-31T10:10:05.508+0530][gc,heap     ] GC(3) Humongous regions: 0->0
[2024-05-31T10:10:05.508+0530][gc,metaspace] GC(3) Metaspace: 30641K(30912K)->30641K(30912K) NonClass: 27251K(27392K)->27251K(27392K) Class: 3389K(3520K)->3389K(3520K)
[2024-05-31T10:10:05.508+0530][gc          ] GC(3) Pause Young (Prepare Mixed) (G1 Evacuation Pause) 59M->11M(1024M) 23.453ms
[2024-05-31T10:10:05.508+0530][gc,cpu      ] GC(3) User=0.02s Sys=0.08s Real=0.02s
[2024-05-31T11:12:24.551+0530][gc,start    ] GC(4) Pause Young (Mixed) (G1 Evacuation Pause)
[2024-05-31T11:12:24.552+0530][gc,task     ] GC(4) Using 9 workers of 9 for evacuation
[2024-05-31T11:12:24.561+0530][gc,phases   ] GC(4)   Pre Evacuate Collection Set: 1.7ms
[2024-05-31T11:12:24.561+0530][gc,phases   ] GC(4)   Merge Heap Roots: 0.2ms
[2024-05-31T11:12:24.561+0530][gc,phases   ] GC(4)   Evacuate Collection Set: 6.5ms
[2024-05-31T11:12:24.561+0530][gc,phases   ] GC(4)   Post Evacuate Collection Set: 0.5ms
[2024-05-31T11:12:24.561+0530][gc,phases   ] GC(4)   Other: 0.2ms
[2024-05-31T11:12:24.561+0530][gc,heap     ] GC(4) Eden regions: 48->0(48)
[2024-05-31T11:12:24.561+0530][gc,heap     ] GC(4) Survivor regions: 3->3(7)
[2024-05-31T11:12:24.561+0530][gc,heap     ] GC(4) Old regions: 10->9
[2024-05-31T11:12:24.561+0530][gc,heap     ] GC(4) Humongous regions: 0->0
[2024-05-31T11:12:24.561+0530][gc,metaspace] GC(4) Metaspace: 30772K(31104K)->30772K(31104K) NonClass: 27378K(27584K)->27378K(27584K) Class: 3394K(3520K)->3394K(3520K)
[2024-05-31T11:12:24.561+0530][gc          ] GC(4) Pause Young (Mixed) (G1 Evacuation Pause) 59M->11M(1024M) 10.555ms
[2024-05-31T11:12:24.561+0530][gc,cpu      ] GC(4) User=0.02s Sys=0.02s Real=0.01s
[2024-05-31T11:47:59.616+0530][gc,heap,exit] Heap
[2024-05-31T11:47:59.616+0530][gc,heap,exit]  garbage-first heap   total 1048576K, used 58367K [0x00000007c0000000, 0x0000000800000000)
[2024-05-31T11:47:59.616+0530][gc,heap,exit]   region size 1024K, 40 young (40960K), 3 survivors (3072K)
[2024-05-31T11:47:59.616+0530][gc,heap,exit]  Metaspace       used 31456K, committed 31808K, reserved 1114112K
[2024-05-31T11:47:59.616+0530][gc,heap,exit]   class space    used 3501K, committed 3648K, reserved 1048576K
