[2024-05-31T10:06:27.237+0530][gc,init] CardTable entry size: 512
[2024-05-31T10:06:27.237+0530][gc     ] Using G1
[2024-05-31T10:06:27.238+0530][gc,init] Version: 21.0.2+13-58 (release)
[2024-05-31T10:06:27.238+0530][gc,init] CPUs: 11 total, 11 available
[2024-05-31T10:06:27.238+0530][gc,init] Memory: 18432M
[2024-05-31T10:06:27.238+0530][gc,init] Large Page Support: Disabled
[2024-05-31T10:06:27.238+0530][gc,init] NUMA Support: Disabled
[2024-05-31T10:06:27.238+0530][gc,init] Compressed Oops: Enabled (Zero based)
[2024-05-31T10:06:27.238+0530][gc,init] Heap Region Size: 1M
[2024-05-31T10:06:27.238+0530][gc,init] Heap Min Capacity: 1G
[2024-05-31T10:06:27.238+0530][gc,init] Heap Initial Capacity: 1G
[2024-05-31T10:06:27.238+0530][gc,init] Heap Max Capacity: 1G
[2024-05-31T10:06:27.238+0530][gc,init] Pre-touch: Disabled
[2024-05-31T10:06:27.238+0530][gc,init] Parallel Workers: 9
[2024-05-31T10:06:27.238+0530][gc,init] Concurrent Workers: 2
[2024-05-31T10:06:27.238+0530][gc,init] Concurrent Refinement Workers: 9
[2024-05-31T10:06:27.238+0530][gc,init] Periodic GC: Disabled
[2024-05-31T10:06:27.241+0530][gc,metaspace] CDS archive(s) mapped at: [0x000000f000000000-0x000000f000ca4000-0x000000f000ca4000), size 13254656, SharedBaseAddress: 0x000000f000000000, ArchiveRelocationMode: 1.
[2024-05-31T10:06:27.241+0530][gc,metaspace] Compressed class space mapped at: 0x000000f001000000-0x000000f041000000, reserved size: 1073741824
[2024-05-31T10:06:27.241+0530][gc,metaspace] Narrow klass base: 0x000000f000000000, Narrow klass shift: 0, Narrow klass range: 0x100000000
[2024-05-31T10:06:27.642+0530][gc,start    ] GC(0) Pause Young (Normal) (G1 Evacuation Pause)
[2024-05-31T10:06:27.642+0530][gc,task     ] GC(0) Using 9 workers of 9 for evacuation
[2024-05-31T10:06:27.644+0530][gc,phases   ] GC(0)   Pre Evacuate Collection Set: 0.2ms
[2024-05-31T10:06:27.644+0530][gc,phases   ] GC(0)   Merge Heap Roots: 0.0ms
[2024-05-31T10:06:27.644+0530][gc,phases   ] GC(0)   Evacuate Collection Set: 1.6ms
[2024-05-31T10:06:27.644+0530][gc,phases   ] GC(0)   Post Evacuate Collection Set: 0.2ms
[2024-05-31T10:06:27.644+0530][gc,phases   ] GC(0)   Other: 0.2ms
[2024-05-31T10:06:27.644+0530][gc,heap     ] GC(0) Eden regions: 51->0(44)
[2024-05-31T10:06:27.644+0530][gc,heap     ] GC(0) Survivor regions: 0->7(7)
[2024-05-31T10:06:27.644+0530][gc,heap     ] GC(0) Old regions: 2->3
[2024-05-31T10:06:27.644+0530][gc,heap     ] GC(0) Humongous regions: 0->0
[2024-05-31T10:06:27.644+0530][gc,metaspace] GC(0) Metaspace: 18933K(19136K)->18933K(19136K) NonClass: 16715K(16832K)->16715K(16832K) Class: 2218K(2304K)->2218K(2304K)
[2024-05-31T10:06:27.644+0530][gc          ] GC(0) Pause Young (Normal) (G1 Evacuation Pause) 52M->8M(1024M) 2.357ms
[2024-05-31T10:06:27.644+0530][gc,cpu      ] GC(0) User=0.01s Sys=0.01s Real=0.00s
[2024-05-31T10:06:27.680+0530][gc,start    ] GC(1) Pause Young (Concurrent Start) (Metadata GC Threshold)
[2024-05-31T10:06:27.680+0530][gc,task     ] GC(1) Using 9 workers of 9 for evacuation
[2024-05-31T10:06:27.681+0530][gc,phases   ] GC(1)   Pre Evacuate Collection Set: 0.1ms
[2024-05-31T10:06:27.681+0530][gc,phases   ] GC(1)   Merge Heap Roots: 0.0ms
[2024-05-31T10:06:27.681+0530][gc,phases   ] GC(1)   Evacuate Collection Set: 1.1ms
[2024-05-31T10:06:27.681+0530][gc,phases   ] GC(1)   Post Evacuate Collection Set: 0.1ms
[2024-05-31T10:06:27.681+0530][gc,phases   ] GC(1)   Other: 0.0ms
[2024-05-31T10:06:27.681+0530][gc,heap     ] GC(1) Eden regions: 8->0(50)
[2024-05-31T10:06:27.681+0530][gc,heap     ] GC(1) Survivor regions: 7->1(7)
[2024-05-31T10:06:27.681+0530][gc,heap     ] GC(1) Old regions: 3->10
[2024-05-31T10:06:27.681+0530][gc,heap     ] GC(1) Humongous regions: 0->0
[2024-05-31T10:06:27.681+0530][gc,metaspace] GC(1) Metaspace: 21292K(21504K)->21292K(21504K) NonClass: 18825K(18944K)->18825K(18944K) Class: 2466K(2560K)->2466K(2560K)
[2024-05-31T10:06:27.681+0530][gc          ] GC(1) Pause Young (Concurrent Start) (Metadata GC Threshold) 16M->9M(1024M) 1.553ms
[2024-05-31T10:06:27.681+0530][gc,cpu      ] GC(1) User=0.01s Sys=0.00s Real=0.00s
[2024-05-31T10:06:27.681+0530][gc          ] GC(2) Concurrent Mark Cycle
[2024-05-31T10:06:27.681+0530][gc,marking  ] GC(2) Concurrent Scan Root Regions
[2024-05-31T10:06:27.682+0530][gc,marking  ] GC(2) Concurrent Scan Root Regions 1.001ms
[2024-05-31T10:06:27.682+0530][gc,marking  ] GC(2) Concurrent Mark
[2024-05-31T10:06:27.682+0530][gc,marking  ] GC(2) Concurrent Mark From Roots
[2024-05-31T10:06:27.682+0530][gc,task     ] GC(2) Using 2 workers of 2 for marking
[2024-05-31T10:06:27.683+0530][gc,marking  ] GC(2) Concurrent Mark From Roots 0.555ms
[2024-05-31T10:06:27.683+0530][gc,marking  ] GC(2) Concurrent Preclean
[2024-05-31T10:06:27.683+0530][gc,marking  ] GC(2) Concurrent Preclean 0.004ms
[2024-05-31T10:06:27.683+0530][gc,start    ] GC(2) Pause Remark
[2024-05-31T10:06:27.683+0530][gc          ] GC(2) Pause Remark 9M->9M(1024M) 0.681ms
[2024-05-31T10:06:27.683+0530][gc,cpu      ] GC(2) User=0.01s Sys=0.00s Real=0.00s
[2024-05-31T10:06:27.683+0530][gc,marking  ] GC(2) Concurrent Mark 1.277ms
[2024-05-31T10:06:27.684+0530][gc,marking  ] GC(2) Concurrent Rebuild Remembered Sets and Scrub Regions
[2024-05-31T10:06:27.684+0530][gc,marking  ] GC(2) Concurrent Rebuild Remembered Sets and Scrub Regions 0.917ms
[2024-05-31T10:06:27.685+0530][gc,start    ] GC(2) Pause Cleanup
[2024-05-31T10:06:27.685+0530][gc          ] GC(2) Pause Cleanup 9M->9M(1024M) 0.064ms
[2024-05-31T10:06:27.685+0530][gc,cpu      ] GC(2) User=0.00s Sys=0.00s Real=0.00s
[2024-05-31T10:06:27.685+0530][gc,marking  ] GC(2) Concurrent Clear Claimed Marks
[2024-05-31T10:06:27.685+0530][gc,marking  ] GC(2) Concurrent Clear Claimed Marks 0.008ms
[2024-05-31T10:06:27.685+0530][gc,marking  ] GC(2) Concurrent Cleanup for Next Mark
[2024-05-31T10:06:27.686+0530][gc,marking  ] GC(2) Concurrent Cleanup for Next Mark 1.191ms
[2024-05-31T10:06:27.686+0530][gc          ] GC(2) Concurrent Mark Cycle 4.613ms
[2024-05-31T10:06:28.456+0530][gc,start    ] GC(3) Pause Young (Prepare Mixed) (G1 Evacuation Pause)
[2024-05-31T10:06:28.456+0530][gc,task     ] GC(3) Using 9 workers of 9 for evacuation
[2024-05-31T10:06:28.458+0530][gc,phases   ] GC(3)   Pre Evacuate Collection Set: 0.2ms
[2024-05-31T10:06:28.458+0530][gc,phases   ] GC(3)   Merge Heap Roots: 0.0ms
[2024-05-31T10:06:28.458+0530][gc,phases   ] GC(3)   Evacuate Collection Set: 1.6ms
[2024-05-31T10:06:28.458+0530][gc,phases   ] GC(3)   Post Evacuate Collection Set: 0.2ms
[2024-05-31T10:06:28.458+0530][gc,phases   ] GC(3)   Other: 0.0ms
[2024-05-31T10:06:28.458+0530][gc,heap     ] GC(3) Eden regions: 50->0(46)
[2024-05-31T10:06:28.458+0530][gc,heap     ] GC(3) Survivor regions: 1->5(7)
[2024-05-31T10:06:28.458+0530][gc,heap     ] GC(3) Old regions: 10->10
[2024-05-31T10:06:28.458+0530][gc,heap     ] GC(3) Humongous regions: 129->129
[2024-05-31T10:06:28.458+0530][gc,metaspace] GC(3) Metaspace: 32736K(33088K)->32736K(33088K) NonClass: 29169K(29376K)->29169K(29376K) Class: 3567K(3712K)->3567K(3712K)
[2024-05-31T10:06:28.458+0530][gc          ] GC(3) Pause Young (Prepare Mixed) (G1 Evacuation Pause) 188M->142M(1024M) 2.223ms
[2024-05-31T10:06:28.458+0530][gc,cpu      ] GC(3) User=0.01s Sys=0.01s Real=0.00s
[2024-05-31T10:10:28.414+0530][gc,start    ] GC(4) Pause Young (Mixed) (Metadata GC Threshold)
[2024-05-31T10:10:28.415+0530][gc,task     ] GC(4) Using 9 workers of 9 for evacuation
[2024-05-31T10:10:28.422+0530][gc,phases   ] GC(4)   Pre Evacuate Collection Set: 1.1ms
[2024-05-31T10:10:28.422+0530][gc,phases   ] GC(4)   Merge Heap Roots: 0.2ms
[2024-05-31T10:10:28.422+0530][gc,phases   ] GC(4)   Evacuate Collection Set: 5.0ms
[2024-05-31T10:10:28.422+0530][gc,phases   ] GC(4)   Post Evacuate Collection Set: 0.5ms
[2024-05-31T10:10:28.422+0530][gc,phases   ] GC(4)   Other: 0.2ms
[2024-05-31T10:10:28.422+0530][gc,heap     ] GC(4) Eden regions: 25->0(49)
[2024-05-31T10:10:28.422+0530][gc,heap     ] GC(4) Survivor regions: 5->2(7)
[2024-05-31T10:10:28.422+0530][gc,heap     ] GC(4) Old regions: 10->14
[2024-05-31T10:10:28.422+0530][gc,heap     ] GC(4) Humongous regions: 129->129
[2024-05-31T10:10:28.422+0530][gc,metaspace] GC(4) Metaspace: 35618K(35968K)->35618K(35968K) NonClass: 31613K(31808K)->31613K(31808K) Class: 4005K(4160K)->4005K(4160K)
[2024-05-31T10:10:28.422+0530][gc          ] GC(4) Pause Young (Mixed) (Metadata GC Threshold) 166M->143M(1024M) 7.865ms
[2024-05-31T10:10:28.422+0530][gc,cpu      ] GC(4) User=0.02s Sys=0.01s Real=0.01s
[2024-05-31T10:10:28.444+0530][gc,start    ] GC(5) Pause Young (Concurrent Start) (Metadata GC Threshold)
[2024-05-31T10:10:28.444+0530][gc,task     ] GC(5) Using 9 workers of 9 for evacuation
[2024-05-31T10:10:28.445+0530][gc,phases   ] GC(5)   Pre Evacuate Collection Set: 0.2ms
[2024-05-31T10:10:28.446+0530][gc,phases   ] GC(5)   Merge Heap Roots: 0.0ms
[2024-05-31T10:10:28.446+0530][gc,phases   ] GC(5)   Evacuate Collection Set: 1.1ms
[2024-05-31T10:10:28.446+0530][gc,phases   ] GC(5)   Post Evacuate Collection Set: 0.2ms
[2024-05-31T10:10:28.446+0530][gc,phases   ] GC(5)   Other: 0.0ms
[2024-05-31T10:10:28.446+0530][gc,heap     ] GC(5) Eden regions: 2->0(49)
[2024-05-31T10:10:28.446+0530][gc,heap     ] GC(5) Survivor regions: 2->2(7)
[2024-05-31T10:10:28.446+0530][gc,heap     ] GC(5) Old regions: 14->14
[2024-05-31T10:10:28.446+0530][gc,heap     ] GC(5) Humongous regions: 129->129
[2024-05-31T10:10:28.446+0530][gc,metaspace] GC(5) Metaspace: 35907K(36288K)->35907K(36288K) NonClass: 31858K(32064K)->31858K(32064K) Class: 4049K(4224K)->4049K(4224K)
[2024-05-31T10:10:28.446+0530][gc          ] GC(5) Pause Young (Concurrent Start) (Metadata GC Threshold) 145M->143M(1024M) 1.739ms
[2024-05-31T10:10:28.446+0530][gc,cpu      ] GC(5) User=0.01s Sys=0.00s Real=0.00s
[2024-05-31T10:10:28.446+0530][gc          ] GC(6) Concurrent Mark Cycle
[2024-05-31T10:10:28.446+0530][gc,marking  ] GC(6) Concurrent Scan Root Regions
[2024-05-31T10:10:28.446+0530][gc,marking  ] GC(6) Concurrent Scan Root Regions 0.725ms
[2024-05-31T10:10:28.446+0530][gc,marking  ] GC(6) Concurrent Mark
[2024-05-31T10:10:28.446+0530][gc,marking  ] GC(6) Concurrent Mark From Roots
[2024-05-31T10:10:28.446+0530][gc,task     ] GC(6) Using 2 workers of 2 for marking
[2024-05-31T10:10:28.453+0530][gc,marking  ] GC(6) Concurrent Mark From Roots 6.607ms
[2024-05-31T10:10:28.453+0530][gc,marking  ] GC(6) Concurrent Preclean
[2024-05-31T10:10:28.453+0530][gc,marking  ] GC(6) Concurrent Preclean 0.034ms
[2024-05-31T10:10:28.453+0530][gc,start    ] GC(6) Pause Remark
[2024-05-31T10:10:28.455+0530][gc          ] GC(6) Pause Remark 144M->144M(1024M) 1.480ms
[2024-05-31T10:10:28.455+0530][gc,cpu      ] GC(6) User=0.01s Sys=0.01s Real=0.00s
[2024-05-31T10:10:28.455+0530][gc,marking  ] GC(6) Concurrent Mark 8.284ms
[2024-05-31T10:10:28.455+0530][gc,marking  ] GC(6) Concurrent Rebuild Remembered Sets and Scrub Regions
[2024-05-31T10:10:28.457+0530][gc,marking  ] GC(6) Concurrent Rebuild Remembered Sets and Scrub Regions 2.491ms
[2024-05-31T10:10:28.457+0530][gc,start    ] GC(6) Pause Cleanup
[2024-05-31T10:10:28.457+0530][gc          ] GC(6) Pause Cleanup 144M->144M(1024M) 0.077ms
[2024-05-31T10:10:28.457+0530][gc,cpu      ] GC(6) User=0.00s Sys=0.00s Real=0.00s
[2024-05-31T10:10:28.457+0530][gc,marking  ] GC(6) Concurrent Clear Claimed Marks
[2024-05-31T10:10:28.457+0530][gc,marking  ] GC(6) Concurrent Clear Claimed Marks 0.027ms
[2024-05-31T10:10:28.457+0530][gc,marking  ] GC(6) Concurrent Cleanup for Next Mark
[2024-05-31T10:10:28.458+0530][gc,marking  ] GC(6) Concurrent Cleanup for Next Mark 1.135ms
[2024-05-31T10:10:28.458+0530][gc          ] GC(6) Concurrent Mark Cycle 12.874ms
[2024-05-31T10:47:14.393+0530][gc,start    ] GC(7) Pause Young (Prepare Mixed) (G1 Evacuation Pause)
[2024-05-31T10:47:14.395+0530][gc,task     ] GC(7) Using 9 workers of 9 for evacuation
[2024-05-31T10:47:14.407+0530][gc,phases   ] GC(7)   Pre Evacuate Collection Set: 2.3ms
[2024-05-31T10:47:14.407+0530][gc,phases   ] GC(7)   Merge Heap Roots: 0.2ms
[2024-05-31T10:47:14.407+0530][gc,phases   ] GC(7)   Evacuate Collection Set: 8.6ms
[2024-05-31T10:47:14.407+0530][gc,phases   ] GC(7)   Post Evacuate Collection Set: 0.7ms
[2024-05-31T10:47:14.407+0530][gc,phases   ] GC(7)   Other: 0.3ms
[2024-05-31T10:47:14.407+0530][gc,heap     ] GC(7) Eden regions: 49->0(49)
[2024-05-31T10:47:14.407+0530][gc,heap     ] GC(7) Survivor regions: 2->2(7)
[2024-05-31T10:47:14.407+0530][gc,heap     ] GC(7) Old regions: 14->14
[2024-05-31T10:47:14.407+0530][gc,heap     ] GC(7) Humongous regions: 129->129
[2024-05-31T10:47:14.407+0530][gc,metaspace] GC(7) Metaspace: 37054K(37568K)->37054K(37568K) NonClass: 32845K(33152K)->32845K(33152K) Class: 4208K(4416K)->4208K(4416K)
[2024-05-31T10:47:14.408+0530][gc          ] GC(7) Pause Young (Prepare Mixed) (G1 Evacuation Pause) 192M->143M(1024M) 14.380ms
[2024-05-31T10:47:14.408+0530][gc,cpu      ] GC(7) User=0.02s Sys=0.03s Real=0.01s
[2024-05-31T11:14:19.393+0530][gc,start    ] GC(8) Pause Young (Mixed) (G1 Evacuation Pause)
[2024-05-31T11:14:19.395+0530][gc,task     ] GC(8) Using 9 workers of 9 for evacuation
[2024-05-31T11:14:19.405+0530][gc,phases   ] GC(8)   Pre Evacuate Collection Set: 2.1ms
[2024-05-31T11:14:19.405+0530][gc,phases   ] GC(8)   Merge Heap Roots: 0.3ms
[2024-05-31T11:14:19.405+0530][gc,phases   ] GC(8)   Evacuate Collection Set: 6.8ms
[2024-05-31T11:14:19.405+0530][gc,phases   ] GC(8)   Post Evacuate Collection Set: 0.7ms
[2024-05-31T11:14:19.405+0530][gc,phases   ] GC(8)   Other: 0.3ms
[2024-05-31T11:14:19.405+0530][gc,heap     ] GC(8) Eden regions: 49->0(49)
[2024-05-31T11:14:19.405+0530][gc,heap     ] GC(8) Survivor regions: 2->2(7)
[2024-05-31T11:14:19.405+0530][gc,heap     ] GC(8) Old regions: 14->13
[2024-05-31T11:14:19.405+0530][gc,heap     ] GC(8) Humongous regions: 129->129
[2024-05-31T11:14:19.405+0530][gc,metaspace] GC(8) Metaspace: 37130K(37632K)->37130K(37632K) NonClass: 32921K(33216K)->32921K(33216K) Class: 4208K(4416K)->4208K(4416K)
[2024-05-31T11:14:19.405+0530][gc          ] GC(8) Pause Young (Mixed) (G1 Evacuation Pause) 192M->143M(1024M) 12.000ms
[2024-05-31T11:14:19.405+0530][gc,cpu      ] GC(8) User=0.02s Sys=0.02s Real=0.01s
[2024-05-31T11:42:39.343+0530][gc,start    ] GC(9) Pause Young (Normal) (G1 Evacuation Pause)
[2024-05-31T11:42:39.344+0530][gc,task     ] GC(9) Using 9 workers of 9 for evacuation
[2024-05-31T11:42:39.347+0530][gc,phases   ] GC(9)   Pre Evacuate Collection Set: 0.6ms
[2024-05-31T11:42:39.347+0530][gc,phases   ] GC(9)   Merge Heap Roots: 0.1ms
[2024-05-31T11:42:39.347+0530][gc,phases   ] GC(9)   Evacuate Collection Set: 2.4ms
[2024-05-31T11:42:39.347+0530][gc,phases   ] GC(9)   Post Evacuate Collection Set: 0.3ms
[2024-05-31T11:42:39.347+0530][gc,phases   ] GC(9)   Other: 0.1ms
[2024-05-31T11:42:39.347+0530][gc,heap     ] GC(9) Eden regions: 49->0(49)
[2024-05-31T11:42:39.347+0530][gc,heap     ] GC(9) Survivor regions: 2->2(7)
[2024-05-31T11:42:39.347+0530][gc,heap     ] GC(9) Old regions: 13->13
[2024-05-31T11:42:39.347+0530][gc,heap     ] GC(9) Humongous regions: 129->129
[2024-05-31T11:42:39.347+0530][gc,metaspace] GC(9) Metaspace: 37187K(37696K)->37187K(37696K) NonClass: 32974K(33280K)->32974K(33280K) Class: 4213K(4416K)->4213K(4416K)
[2024-05-31T11:42:39.347+0530][gc          ] GC(9) Pause Young (Normal) (G1 Evacuation Pause) 192M->143M(1024M) 4.089ms
[2024-05-31T11:42:39.347+0530][gc,cpu      ] GC(9) User=0.00s Sys=0.01s Real=0.00s
[2024-05-31T11:48:15.775+0530][gc,start    ] GC(10) Pause Young (Normal) (G1 Evacuation Pause)
[2024-05-31T11:48:15.776+0530][gc,task     ] GC(10) Using 9 workers of 9 for evacuation
[2024-05-31T11:48:15.779+0530][gc,phases   ] GC(10)   Pre Evacuate Collection Set: 0.2ms
[2024-05-31T11:48:15.779+0530][gc,phases   ] GC(10)   Merge Heap Roots: 0.1ms
[2024-05-31T11:48:15.779+0530][gc,phases   ] GC(10)   Evacuate Collection Set: 2.5ms
[2024-05-31T11:48:15.779+0530][gc,phases   ] GC(10)   Post Evacuate Collection Set: 0.4ms
[2024-05-31T11:48:15.779+0530][gc,phases   ] GC(10)   Other: 0.1ms
[2024-05-31T11:48:15.779+0530][gc,heap     ] GC(10) Eden regions: 49->0(63)
[2024-05-31T11:48:15.779+0530][gc,heap     ] GC(10) Survivor regions: 2->2(7)
[2024-05-31T11:48:15.779+0530][gc,heap     ] GC(10) Old regions: 13->13
[2024-05-31T11:48:15.779+0530][gc,heap     ] GC(10) Humongous regions: 129->129
[2024-05-31T11:48:15.779+0530][gc,metaspace] GC(10) Metaspace: 37300K(37824K)->37300K(37824K) NonClass: 33079K(33408K)->33079K(33408K) Class: 4220K(4416K)->4220K(4416K)
[2024-05-31T11:48:15.779+0530][gc          ] GC(10) Pause Young (Normal) (G1 Evacuation Pause) 192M->143M(1024M) 3.873ms
[2024-05-31T11:48:15.779+0530][gc,cpu      ] GC(10) User=0.01s Sys=0.00s Real=0.00s
[2024-05-31T11:49:15.786+0530][gc,start    ] GC(11) Pause Young (Normal) (G1 Evacuation Pause)
[2024-05-31T11:49:15.786+0530][gc,task     ] GC(11) Using 9 workers of 9 for evacuation
[2024-05-31T11:49:15.788+0530][gc,phases   ] GC(11)   Pre Evacuate Collection Set: 0.1ms
[2024-05-31T11:49:15.788+0530][gc,phases   ] GC(11)   Merge Heap Roots: 0.0ms
[2024-05-31T11:49:15.788+0530][gc,phases   ] GC(11)   Evacuate Collection Set: 1.3ms
[2024-05-31T11:49:15.788+0530][gc,phases   ] GC(11)   Post Evacuate Collection Set: 0.2ms
[2024-05-31T11:49:15.788+0530][gc,phases   ] GC(11)   Other: 0.0ms
[2024-05-31T11:49:15.788+0530][gc,heap     ] GC(11) Eden regions: 63->0(612)
[2024-05-31T11:49:15.788+0530][gc,heap     ] GC(11) Survivor regions: 2->2(9)
[2024-05-31T11:49:15.788+0530][gc,heap     ] GC(11) Old regions: 13->13
[2024-05-31T11:49:15.788+0530][gc,heap     ] GC(11) Humongous regions: 129->129
[2024-05-31T11:49:15.788+0530][gc,metaspace] GC(11) Metaspace: 37414K(37888K)->37414K(37888K) NonClass: 33193K(33472K)->33193K(33472K) Class: 4220K(4416K)->4220K(4416K)
[2024-05-31T11:49:15.788+0530][gc          ] GC(11) Pause Young (Normal) (G1 Evacuation Pause) 206M->143M(1024M) 1.815ms
[2024-05-31T11:49:15.788+0530][gc,cpu      ] GC(11) User=0.00s Sys=0.00s Real=0.00s
[2024-05-31T11:50:15.989+0530][gc,start    ] GC(12) Pause Young (Normal) (G1 Evacuation Pause)
[2024-05-31T11:50:15.990+0530][gc,task     ] GC(12) Using 9 workers of 9 for evacuation
[2024-05-31T11:50:15.992+0530][gc,phases   ] GC(12)   Pre Evacuate Collection Set: 0.3ms
[2024-05-31T11:50:15.992+0530][gc,phases   ] GC(12)   Merge Heap Roots: 0.1ms
[2024-05-31T11:50:15.992+0530][gc,phases   ] GC(12)   Evacuate Collection Set: 1.3ms
[2024-05-31T11:50:15.992+0530][gc,phases   ] GC(12)   Post Evacuate Collection Set: 0.3ms
[2024-05-31T11:50:15.992+0530][gc,phases   ] GC(12)   Other: 0.1ms
[2024-05-31T11:50:15.992+0530][gc,heap     ] GC(12) Eden regions: 612->0(612)
[2024-05-31T11:50:15.992+0530][gc,heap     ] GC(12) Survivor regions: 2->2(77)
[2024-05-31T11:50:15.992+0530][gc,heap     ] GC(12) Old regions: 13->13
[2024-05-31T11:50:15.992+0530][gc,heap     ] GC(12) Humongous regions: 129->129
[2024-05-31T11:50:15.992+0530][gc,metaspace] GC(12) Metaspace: 37458K(37952K)->37458K(37952K) NonClass: 33237K(33536K)->33237K(33536K) Class: 4220K(4416K)->4220K(4416K)
[2024-05-31T11:50:15.992+0530][gc          ] GC(12) Pause Young (Normal) (G1 Evacuation Pause) 755M->143M(1024M) 3.422ms
[2024-05-31T11:50:15.992+0530][gc,cpu      ] GC(12) User=0.01s Sys=0.00s Real=0.01s
[2024-05-31T11:53:04.147+0530][gc,heap,exit] Heap
[2024-05-31T11:53:04.148+0530][gc,heap,exit]  garbage-first heap   total 1048576K, used 439912K [0x00000007c0000000, 0x0000000800000000)
[2024-05-31T11:53:04.148+0530][gc,heap,exit]   region size 1024K, 289 young (295936K), 2 survivors (2048K)
[2024-05-31T11:53:04.148+0530][gc,heap,exit]  Metaspace       used 37885K, committed 38400K, reserved 1114112K
[2024-05-31T11:53:04.148+0530][gc,heap,exit]   class space    used 4332K, committed 4544K, reserved 1048576K
