[2024-05-31T10:06:09.999+0530][gc,init] CardTable entry size: 512
[2024-05-31T10:06:09.999+0530][gc     ] Using G1
[2024-05-31T10:06:10.000+0530][gc,init] Version: 21.0.2+13-58 (release)
[2024-05-31T10:06:10.000+0530][gc,init] CPUs: 11 total, 11 available
[2024-05-31T10:06:10.000+0530][gc,init] Memory: 18432M
[2024-05-31T10:06:10.000+0530][gc,init] Large Page Support: Disabled
[2024-05-31T10:06:10.000+0530][gc,init] NUMA Support: Disabled
[2024-05-31T10:06:10.000+0530][gc,init] Compressed Oops: Enabled (Zero based)
[2024-05-31T10:06:10.000+0530][gc,init] Heap Region Size: 1M
[2024-05-31T10:06:10.000+0530][gc,init] Heap Min Capacity: 1G
[2024-05-31T10:06:10.000+0530][gc,init] Heap Initial Capacity: 1G
[2024-05-31T10:06:10.000+0530][gc,init] Heap Max Capacity: 1G
[2024-05-31T10:06:10.000+0530][gc,init] Pre-touch: Disabled
[2024-05-31T10:06:10.000+0530][gc,init] Parallel Workers: 9
[2024-05-31T10:06:10.000+0530][gc,init] Concurrent Workers: 2
[2024-05-31T10:06:10.000+0530][gc,init] Concurrent Refinement Workers: 9
[2024-05-31T10:06:10.000+0530][gc,init] Periodic GC: Disabled
[2024-05-31T10:06:10.003+0530][gc,metaspace] CDS archive(s) mapped at: [0x000000e000000000-0x000000e000ca4000-0x000000e000ca4000), size 13254656, SharedBaseAddress: 0x000000e000000000, ArchiveRelocationMode: 1.
[2024-05-31T10:06:10.003+0530][gc,metaspace] Compressed class space mapped at: 0x000000e001000000-0x000000e041000000, reserved size: 1073741824
[2024-05-31T10:06:10.003+0530][gc,metaspace] Narrow klass base: 0x000000e000000000, Narrow klass shift: 0, Narrow klass range: 0x100000000
[2024-05-31T10:06:10.386+0530][gc,start    ] GC(0) Pause Young (Normal) (G1 Evacuation Pause)
[2024-05-31T10:06:10.387+0530][gc,task     ] GC(0) Using 9 workers of 9 for evacuation
[2024-05-31T10:06:10.389+0530][gc,phases   ] GC(0)   Pre Evacuate Collection Set: 0.1ms
[2024-05-31T10:06:10.389+0530][gc,phases   ] GC(0)   Merge Heap Roots: 0.0ms
[2024-05-31T10:06:10.389+0530][gc,phases   ] GC(0)   Evacuate Collection Set: 1.6ms
[2024-05-31T10:06:10.389+0530][gc,phases   ] GC(0)   Post Evacuate Collection Set: 0.3ms
[2024-05-31T10:06:10.389+0530][gc,phases   ] GC(0)   Other: 0.2ms
[2024-05-31T10:06:10.389+0530][gc,heap     ] GC(0) Eden regions: 51->0(44)
[2024-05-31T10:06:10.389+0530][gc,heap     ] GC(0) Survivor regions: 0->7(7)
[2024-05-31T10:06:10.389+0530][gc,heap     ] GC(0) Old regions: 2->3
[2024-05-31T10:06:10.389+0530][gc,heap     ] GC(0) Humongous regions: 0->0
[2024-05-31T10:06:10.389+0530][gc,metaspace] GC(0) Metaspace: 18951K(19136K)->18951K(19136K) NonClass: 16730K(16832K)->16730K(16832K) Class: 2221K(2304K)->2221K(2304K)
[2024-05-31T10:06:10.389+0530][gc          ] GC(0) Pause Young (Normal) (G1 Evacuation Pause) 52M->8M(1024M) 2.379ms
[2024-05-31T10:06:10.389+0530][gc,cpu      ] GC(0) User=0.01s Sys=0.01s Real=0.00s
[2024-05-31T10:06:10.424+0530][gc,start    ] GC(1) Pause Young (Concurrent Start) (Metadata GC Threshold)
[2024-05-31T10:06:10.424+0530][gc,task     ] GC(1) Using 9 workers of 9 for evacuation
[2024-05-31T10:06:10.425+0530][gc,phases   ] GC(1)   Pre Evacuate Collection Set: 0.1ms
[2024-05-31T10:06:10.425+0530][gc,phases   ] GC(1)   Merge Heap Roots: 0.0ms
[2024-05-31T10:06:10.425+0530][gc,phases   ] GC(1)   Evacuate Collection Set: 1.2ms
[2024-05-31T10:06:10.425+0530][gc,phases   ] GC(1)   Post Evacuate Collection Set: 0.1ms
[2024-05-31T10:06:10.425+0530][gc,phases   ] GC(1)   Other: 0.0ms
[2024-05-31T10:06:10.425+0530][gc,heap     ] GC(1) Eden regions: 8->0(50)
[2024-05-31T10:06:10.425+0530][gc,heap     ] GC(1) Survivor regions: 7->1(7)
[2024-05-31T10:06:10.425+0530][gc,heap     ] GC(1) Old regions: 3->10
[2024-05-31T10:06:10.425+0530][gc,heap     ] GC(1) Humongous regions: 0->0
[2024-05-31T10:06:10.426+0530][gc,metaspace] GC(1) Metaspace: 21320K(21504K)->21320K(21504K) NonClass: 18850K(18944K)->18850K(18944K) Class: 2470K(2560K)->2470K(2560K)
[2024-05-31T10:06:10.426+0530][gc          ] GC(1) Pause Young (Concurrent Start) (Metadata GC Threshold) 16M->9M(1024M) 1.631ms
[2024-05-31T10:06:10.426+0530][gc          ] GC(2) Concurrent Mark Cycle
[2024-05-31T10:06:10.426+0530][gc,cpu      ] GC(1) User=0.01s Sys=0.00s Real=0.00s
[2024-05-31T10:06:10.426+0530][gc,marking  ] GC(2) Concurrent Scan Root Regions
[2024-05-31T10:06:10.427+0530][gc,marking  ] GC(2) Concurrent Scan Root Regions 1.006ms
[2024-05-31T10:06:10.427+0530][gc,marking  ] GC(2) Concurrent Mark
[2024-05-31T10:06:10.427+0530][gc,marking  ] GC(2) Concurrent Mark From Roots
[2024-05-31T10:06:10.427+0530][gc,task     ] GC(2) Using 2 workers of 2 for marking
[2024-05-31T10:06:10.427+0530][gc,marking  ] GC(2) Concurrent Mark From Roots 0.554ms
[2024-05-31T10:06:10.427+0530][gc,marking  ] GC(2) Concurrent Preclean
[2024-05-31T10:06:10.427+0530][gc,marking  ] GC(2) Concurrent Preclean 0.004ms
[2024-05-31T10:06:10.427+0530][gc,start    ] GC(2) Pause Remark
[2024-05-31T10:06:10.428+0530][gc          ] GC(2) Pause Remark 9M->9M(1024M) 0.831ms
[2024-05-31T10:06:10.428+0530][gc,cpu      ] GC(2) User=0.01s Sys=0.00s Real=0.00s
[2024-05-31T10:06:10.428+0530][gc,marking  ] GC(2) Concurrent Mark 1.441ms
[2024-05-31T10:06:10.428+0530][gc,marking  ] GC(2) Concurrent Rebuild Remembered Sets and Scrub Regions
[2024-05-31T10:06:10.429+0530][gc,marking  ] GC(2) Concurrent Rebuild Remembered Sets and Scrub Regions 0.978ms
[2024-05-31T10:06:10.429+0530][gc,start    ] GC(2) Pause Cleanup
[2024-05-31T10:06:10.429+0530][gc          ] GC(2) Pause Cleanup 9M->9M(1024M) 0.068ms
[2024-05-31T10:06:10.429+0530][gc,cpu      ] GC(2) User=0.00s Sys=0.00s Real=0.00s
[2024-05-31T10:06:10.429+0530][gc,marking  ] GC(2) Concurrent Clear Claimed Marks
[2024-05-31T10:06:10.429+0530][gc,marking  ] GC(2) Concurrent Clear Claimed Marks 0.011ms
[2024-05-31T10:06:10.429+0530][gc,marking  ] GC(2) Concurrent Cleanup for Next Mark
[2024-05-31T10:06:10.432+0530][gc,marking  ] GC(2) Concurrent Cleanup for Next Mark 2.387ms
[2024-05-31T10:06:10.432+0530][gc          ] GC(2) Concurrent Mark Cycle 6.046ms
[2024-05-31T10:06:11.198+0530][gc,start    ] GC(3) Pause Young (Prepare Mixed) (GCLocker Initiated GC)
[2024-05-31T10:06:11.198+0530][gc,task     ] GC(3) Using 9 workers of 9 for evacuation
[2024-05-31T10:06:11.200+0530][gc,phases   ] GC(3)   Pre Evacuate Collection Set: 0.2ms
[2024-05-31T10:06:11.200+0530][gc,phases   ] GC(3)   Merge Heap Roots: 0.0ms
[2024-05-31T10:06:11.200+0530][gc,phases   ] GC(3)   Evacuate Collection Set: 1.4ms
[2024-05-31T10:06:11.200+0530][gc,phases   ] GC(3)   Post Evacuate Collection Set: 0.2ms
[2024-05-31T10:06:11.200+0530][gc,phases   ] GC(3)   Other: 0.0ms
[2024-05-31T10:06:11.200+0530][gc,heap     ] GC(3) Eden regions: 50->0(46)
[2024-05-31T10:06:11.200+0530][gc,heap     ] GC(3) Survivor regions: 1->5(7)
[2024-05-31T10:06:11.200+0530][gc,heap     ] GC(3) Old regions: 10->10
[2024-05-31T10:06:11.200+0530][gc,heap     ] GC(3) Humongous regions: 129->129
[2024-05-31T10:06:11.200+0530][gc,metaspace] GC(3) Metaspace: 32753K(33088K)->32753K(33088K) NonClass: 29187K(29376K)->29187K(29376K) Class: 3565K(3712K)->3565K(3712K)
[2024-05-31T10:06:11.200+0530][gc          ] GC(3) Pause Young (Prepare Mixed) (GCLocker Initiated GC) 188M->142M(1024M) 1.950ms
[2024-05-31T10:06:11.200+0530][gc,cpu      ] GC(3) User=0.01s Sys=0.00s Real=0.01s
[2024-05-31T10:21:10.203+0530][gc,start    ] GC(4) Pause Young (Mixed) (G1 Evacuation Pause)
[2024-05-31T10:21:10.204+0530][gc,task     ] GC(4) Using 9 workers of 9 for evacuation
[2024-05-31T10:21:10.221+0530][gc,phases   ] GC(4)   Pre Evacuate Collection Set: 2.0ms
[2024-05-31T10:21:10.221+0530][gc,phases   ] GC(4)   Merge Heap Roots: 0.2ms
[2024-05-31T10:21:10.221+0530][gc,phases   ] GC(4)   Evacuate Collection Set: 13.4ms
[2024-05-31T10:21:10.221+0530][gc,phases   ] GC(4)   Post Evacuate Collection Set: 0.5ms
[2024-05-31T10:21:10.221+0530][gc,phases   ] GC(4)   Other: 0.2ms
[2024-05-31T10:21:10.221+0530][gc,heap     ] GC(4) Eden regions: 46->0(49)
[2024-05-31T10:21:10.221+0530][gc,heap     ] GC(4) Survivor regions: 5->2(7)
[2024-05-31T10:21:10.221+0530][gc,heap     ] GC(4) Old regions: 10->13
[2024-05-31T10:21:10.221+0530][gc,heap     ] GC(4) Humongous regions: 129->129
[2024-05-31T10:21:10.221+0530][gc,metaspace] GC(4) Metaspace: 35672K(36032K)->35672K(36032K) NonClass: 31720K(31936K)->31720K(31936K) Class: 3952K(4096K)->3952K(4096K)
[2024-05-31T10:21:10.221+0530][gc          ] GC(4) Pause Young (Mixed) (G1 Evacuation Pause) 188M->143M(1024M) 18.161ms
[2024-05-31T10:21:10.221+0530][gc,cpu      ] GC(4) User=0.03s Sys=0.05s Real=0.02s
[2024-05-31T10:41:07.568+0530][gc,start    ] GC(5) Pause Young (Concurrent Start) (Metadata GC Threshold)
[2024-05-31T10:41:07.569+0530][gc,task     ] GC(5) Using 9 workers of 9 for evacuation
[2024-05-31T10:41:07.578+0530][gc,phases   ] GC(5)   Pre Evacuate Collection Set: 3.0ms
[2024-05-31T10:41:07.579+0530][gc,phases   ] GC(5)   Merge Heap Roots: 0.4ms
[2024-05-31T10:41:07.579+0530][gc,phases   ] GC(5)   Evacuate Collection Set: 4.7ms
[2024-05-31T10:41:07.579+0530][gc,phases   ] GC(5)   Post Evacuate Collection Set: 0.6ms
[2024-05-31T10:41:07.579+0530][gc,phases   ] GC(5)   Other: 0.4ms
[2024-05-31T10:41:07.579+0530][gc,heap     ] GC(5) Eden regions: 12->0(50)
[2024-05-31T10:41:07.579+0530][gc,heap     ] GC(5) Survivor regions: 2->1(7)
[2024-05-31T10:41:07.579+0530][gc,heap     ] GC(5) Old regions: 13->13
[2024-05-31T10:41:07.579+0530][gc,heap     ] GC(5) Humongous regions: 129->129
[2024-05-31T10:41:07.579+0530][gc,metaspace] GC(5) Metaspace: 35752K(36096K)->35752K(36096K) NonClass: 31800K(32000K)->31800K(32000K) Class: 3952K(4096K)->3952K(4096K)
[2024-05-31T10:41:07.579+0530][gc          ] GC(5) Pause Young (Concurrent Start) (Metadata GC Threshold) 155M->142M(1024M) 11.029ms
[2024-05-31T10:41:07.579+0530][gc,cpu      ] GC(5) User=0.02s Sys=0.02s Real=0.01s
[2024-05-31T10:41:07.579+0530][gc          ] GC(6) Concurrent Mark Cycle
[2024-05-31T10:41:07.579+0530][gc,marking  ] GC(6) Concurrent Scan Root Regions
[2024-05-31T10:41:07.582+0530][gc,marking  ] GC(6) Concurrent Scan Root Regions 2.569ms
[2024-05-31T10:41:07.582+0530][gc,marking  ] GC(6) Concurrent Mark
[2024-05-31T10:41:07.582+0530][gc,marking  ] GC(6) Concurrent Mark From Roots
[2024-05-31T10:41:07.582+0530][gc,task     ] GC(6) Using 2 workers of 2 for marking
[2024-05-31T10:41:07.595+0530][gc,marking  ] GC(6) Concurrent Mark From Roots 13.598ms
[2024-05-31T10:41:07.595+0530][gc,marking  ] GC(6) Concurrent Preclean
[2024-05-31T10:41:07.596+0530][gc,marking  ] GC(6) Concurrent Preclean 0.195ms
[2024-05-31T10:41:07.596+0530][gc,start    ] GC(6) Pause Remark
[2024-05-31T10:41:07.609+0530][gc          ] GC(6) Pause Remark 143M->143M(1024M) 13.032ms
[2024-05-31T10:41:07.609+0530][gc,cpu      ] GC(6) User=0.02s Sys=0.06s Real=0.01s
[2024-05-31T10:41:07.609+0530][gc,marking  ] GC(6) Concurrent Mark 27.177ms
[2024-05-31T10:41:07.609+0530][gc,marking  ] GC(6) Concurrent Rebuild Remembered Sets and Scrub Regions
[2024-05-31T10:41:07.613+0530][gc,marking  ] GC(6) Concurrent Rebuild Remembered Sets and Scrub Regions 4.101ms
[2024-05-31T10:41:07.613+0530][gc,start    ] GC(6) Pause Cleanup
[2024-05-31T10:41:07.613+0530][gc          ] GC(6) Pause Cleanup 143M->143M(1024M) 0.155ms
[2024-05-31T10:41:07.613+0530][gc,cpu      ] GC(6) User=0.00s Sys=0.00s Real=0.00s
[2024-05-31T10:41:07.613+0530][gc,marking  ] GC(6) Concurrent Clear Claimed Marks
[2024-05-31T10:41:07.613+0530][gc,marking  ] GC(6) Concurrent Clear Claimed Marks 0.021ms
[2024-05-31T10:41:07.613+0530][gc,marking  ] GC(6) Concurrent Cleanup for Next Mark
[2024-05-31T10:41:07.615+0530][gc,marking  ] GC(6) Concurrent Cleanup for Next Mark 1.474ms
[2024-05-31T10:41:07.615+0530][gc          ] GC(6) Concurrent Mark Cycle 35.863ms
[2024-05-31T11:07:25.991+0530][gc,start    ] GC(7) Pause Young (Prepare Mixed) (G1 Evacuation Pause)
[2024-05-31T11:07:25.992+0530][gc,task     ] GC(7) Using 9 workers of 9 for evacuation
[2024-05-31T11:07:26.001+0530][gc,phases   ] GC(7)   Pre Evacuate Collection Set: 2.0ms
[2024-05-31T11:07:26.001+0530][gc,phases   ] GC(7)   Merge Heap Roots: 0.2ms
[2024-05-31T11:07:26.001+0530][gc,phases   ] GC(7)   Evacuate Collection Set: 6.5ms
[2024-05-31T11:07:26.001+0530][gc,phases   ] GC(7)   Post Evacuate Collection Set: 0.6ms
[2024-05-31T11:07:26.002+0530][gc,phases   ] GC(7)   Other: 0.2ms
[2024-05-31T11:07:26.002+0530][gc,heap     ] GC(7) Eden regions: 50->0(50)
[2024-05-31T11:07:26.002+0530][gc,heap     ] GC(7) Survivor regions: 1->1(7)
[2024-05-31T11:07:26.002+0530][gc,heap     ] GC(7) Old regions: 13->13
[2024-05-31T11:07:26.002+0530][gc,heap     ] GC(7) Humongous regions: 129->129
[2024-05-31T11:07:26.002+0530][gc,metaspace] GC(7) Metaspace: 35737K(36160K)->35737K(36160K) NonClass: 31801K(32064K)->31801K(32064K) Class: 3935K(4096K)->3935K(4096K)
[2024-05-31T11:07:26.002+0530][gc          ] GC(7) Pause Young (Prepare Mixed) (G1 Evacuation Pause) 192M->142M(1024M) 11.165ms
[2024-05-31T11:07:26.002+0530][gc,cpu      ] GC(7) User=0.02s Sys=0.02s Real=0.01s
[2024-05-31T11:35:27.139+0530][gc,start    ] GC(8) Pause Young (Mixed) (G1 Evacuation Pause)
[2024-05-31T11:35:27.140+0530][gc,task     ] GC(8) Using 9 workers of 9 for evacuation
[2024-05-31T11:35:27.150+0530][gc,phases   ] GC(8)   Pre Evacuate Collection Set: 2.4ms
[2024-05-31T11:35:27.150+0530][gc,phases   ] GC(8)   Merge Heap Roots: 0.2ms
[2024-05-31T11:35:27.150+0530][gc,phases   ] GC(8)   Evacuate Collection Set: 6.6ms
[2024-05-31T11:35:27.150+0530][gc,phases   ] GC(8)   Post Evacuate Collection Set: 0.7ms
[2024-05-31T11:35:27.150+0530][gc,phases   ] GC(8)   Other: 0.2ms
[2024-05-31T11:35:27.150+0530][gc,heap     ] GC(8) Eden regions: 50->0(50)
[2024-05-31T11:35:27.150+0530][gc,heap     ] GC(8) Survivor regions: 1->1(7)
[2024-05-31T11:35:27.150+0530][gc,heap     ] GC(8) Old regions: 13->13
[2024-05-31T11:35:27.150+0530][gc,heap     ] GC(8) Humongous regions: 129->129
[2024-05-31T11:35:27.150+0530][gc,metaspace] GC(8) Metaspace: 35792K(36160K)->35792K(36160K) NonClass: 31852K(32064K)->31852K(32064K) Class: 3939K(4096K)->3939K(4096K)
[2024-05-31T11:35:27.150+0530][gc          ] GC(8) Pause Young (Mixed) (G1 Evacuation Pause) 192M->142M(1024M) 11.782ms
[2024-05-31T11:35:27.150+0530][gc,cpu      ] GC(8) User=0.02s Sys=0.02s Real=0.02s
[2024-05-31T11:48:15.742+0530][gc,start    ] GC(9) Pause Young (Normal) (G1 Evacuation Pause)
[2024-05-31T11:48:15.742+0530][gc,task     ] GC(9) Using 9 workers of 9 for evacuation
[2024-05-31T11:48:15.747+0530][gc,phases   ] GC(9)   Pre Evacuate Collection Set: 0.6ms
[2024-05-31T11:48:15.747+0530][gc,phases   ] GC(9)   Merge Heap Roots: 0.4ms
[2024-05-31T11:48:15.747+0530][gc,phases   ] GC(9)   Evacuate Collection Set: 3.3ms
[2024-05-31T11:48:15.748+0530][gc,phases   ] GC(9)   Post Evacuate Collection Set: 0.9ms
[2024-05-31T11:48:15.748+0530][gc,phases   ] GC(9)   Other: 0.1ms
[2024-05-31T11:48:15.748+0530][gc,heap     ] GC(9) Eden regions: 50->0(50)
[2024-05-31T11:48:15.748+0530][gc,heap     ] GC(9) Survivor regions: 1->1(7)
[2024-05-31T11:48:15.748+0530][gc,heap     ] GC(9) Old regions: 13->13
[2024-05-31T11:48:15.748+0530][gc,heap     ] GC(9) Humongous regions: 129->129
[2024-05-31T11:48:15.748+0530][gc,metaspace] GC(9) Metaspace: 35914K(36288K)->35914K(36288K) NonClass: 31964K(32192K)->31964K(32192K) Class: 3950K(4096K)->3950K(4096K)
[2024-05-31T11:48:15.748+0530][gc          ] GC(9) Pause Young (Normal) (G1 Evacuation Pause) 192M->142M(1024M) 5.912ms
[2024-05-31T11:48:15.748+0530][gc,cpu      ] GC(9) User=0.01s Sys=0.00s Real=0.00s
[2024-05-31T11:48:15.839+0530][gc,start    ] GC(10) Pause Young (Normal) (G1 Evacuation Pause)
[2024-05-31T11:48:15.839+0530][gc,task     ] GC(10) Using 9 workers of 9 for evacuation
[2024-05-31T11:48:15.842+0530][gc,phases   ] GC(10)   Pre Evacuate Collection Set: 0.2ms
[2024-05-31T11:48:15.842+0530][gc,phases   ] GC(10)   Merge Heap Roots: 0.1ms
[2024-05-31T11:48:15.842+0530][gc,phases   ] GC(10)   Evacuate Collection Set: 2.1ms
[2024-05-31T11:48:15.842+0530][gc,phases   ] GC(10)   Post Evacuate Collection Set: 0.4ms
[2024-05-31T11:48:15.842+0530][gc,phases   ] GC(10)   Other: 0.1ms
[2024-05-31T11:48:15.842+0530][gc,heap     ] GC(10) Eden regions: 53->0(414)
[2024-05-31T11:48:15.842+0530][gc,heap     ] GC(10) Survivor regions: 1->1(7)
[2024-05-31T11:48:15.842+0530][gc,heap     ] GC(10) Old regions: 13->13
[2024-05-31T11:48:15.842+0530][gc,heap     ] GC(10) Humongous regions: 129->129
[2024-05-31T11:48:15.842+0530][gc,metaspace] GC(10) Metaspace: 35914K(36288K)->35914K(36288K) NonClass: 31964K(32192K)->31964K(32192K) Class: 3950K(4096K)->3950K(4096K)
[2024-05-31T11:48:15.842+0530][gc          ] GC(10) Pause Young (Normal) (G1 Evacuation Pause) 195M->142M(1024M) 3.122ms
[2024-05-31T11:48:15.842+0530][gc,cpu      ] GC(10) User=0.01s Sys=0.00s Real=0.01s
[2024-05-31T11:49:16.170+0530][gc,start    ] GC(11) Pause Young (Normal) (G1 Evacuation Pause)
[2024-05-31T11:49:16.171+0530][gc,task     ] GC(11) Using 9 workers of 9 for evacuation
[2024-05-31T11:49:16.173+0530][gc,phases   ] GC(11)   Pre Evacuate Collection Set: 0.4ms
[2024-05-31T11:49:16.173+0530][gc,phases   ] GC(11)   Merge Heap Roots: 0.1ms
[2024-05-31T11:49:16.173+0530][gc,phases   ] GC(11)   Evacuate Collection Set: 1.1ms
[2024-05-31T11:49:16.173+0530][gc,phases   ] GC(11)   Post Evacuate Collection Set: 0.3ms
[2024-05-31T11:49:16.173+0530][gc,phases   ] GC(11)   Other: 0.1ms
[2024-05-31T11:49:16.173+0530][gc,heap     ] GC(11) Eden regions: 469->0(613)
[2024-05-31T11:49:16.173+0530][gc,heap     ] GC(11) Survivor regions: 1->1(59)
[2024-05-31T11:49:16.173+0530][gc,heap     ] GC(11) Old regions: 13->13
[2024-05-31T11:49:16.173+0530][gc,heap     ] GC(11) Humongous regions: 129->129
[2024-05-31T11:49:16.173+0530][gc,metaspace] GC(11) Metaspace: 35998K(36352K)->35998K(36352K) NonClass: 32047K(32256K)->32047K(32256K) Class: 3950K(4096K)->3950K(4096K)
[2024-05-31T11:49:16.173+0530][gc          ] GC(11) Pause Young (Normal) (G1 Evacuation Pause) 611M->142M(1024M) 3.072ms
[2024-05-31T11:49:16.173+0530][gc,cpu      ] GC(11) User=0.00s Sys=0.00s Real=0.00s
[2024-05-31T11:53:03.084+0530][gc,heap,exit] Heap
[2024-05-31T11:53:03.084+0530][gc,heap,exit]  garbage-first heap   total 1048576K, used 552941K [0x00000007c0000000, 0x0000000800000000)
[2024-05-31T11:53:03.084+0530][gc,heap,exit]   region size 1024K, 399 young (408576K), 1 survivors (1024K)
[2024-05-31T11:53:03.084+0530][gc,heap,exit]  Metaspace       used 36520K, committed 36928K, reserved 1114112K
[2024-05-31T11:53:03.084+0530][gc,heap,exit]   class space    used 4069K, committed 4224K, reserved 1048576K
