[2024-05-31T09:57:04.844+0530][gc,init] CardTable entry size: 512
[2024-05-31T09:57:04.844+0530][gc     ] Using G1
[2024-05-31T09:57:04.845+0530][gc,init] Version: 21.0.2+13-58 (release)
[2024-05-31T09:57:04.845+0530][gc,init] CPUs: 11 total, 11 available
[2024-05-31T09:57:04.845+0530][gc,init] Memory: 18432M
[2024-05-31T09:57:04.845+0530][gc,init] Large Page Support: Disabled
[2024-05-31T09:57:04.845+0530][gc,init] NUMA Support: Disabled
[2024-05-31T09:57:04.845+0530][gc,init] Compressed Oops: Enabled (Zero based)
[2024-05-31T09:57:04.845+0530][gc,init] Heap Region Size: 1M
[2024-05-31T09:57:04.845+0530][gc,init] Heap Min Capacity: 1G
[2024-05-31T09:57:04.845+0530][gc,init] Heap Initial Capacity: 1G
[2024-05-31T09:57:04.846+0530][gc,init] Heap Max Capacity: 1G
[2024-05-31T09:57:04.846+0530][gc,init] Pre-touch: Disabled
[2024-05-31T09:57:04.846+0530][gc,init] Parallel Workers: 9
[2024-05-31T09:57:04.846+0530][gc,init] Concurrent Workers: 2
[2024-05-31T09:57:04.846+0530][gc,init] Concurrent Refinement Workers: 9
[2024-05-31T09:57:04.846+0530][gc,init] Periodic GC: Disabled
[2024-05-31T09:57:04.848+0530][gc,metaspace] CDS archive(s) mapped at: [0x000000c000000000-0x000000c000ca4000-0x000000c000ca4000), size 13254656, SharedBaseAddress: 0x000000c000000000, ArchiveRelocationMode: 1.
[2024-05-31T09:57:04.848+0530][gc,metaspace] Compressed class space mapped at: 0x000000c001000000-0x000000c041000000, reserved size: 1073741824
[2024-05-31T09:57:04.848+0530][gc,metaspace] Narrow klass base: 0x000000c000000000, Narrow klass shift: 0, Narrow klass range: 0x100000000
[2024-05-31T09:57:05.262+0530][gc,start    ] GC(0) Pause Young (Normal) (G1 Evacuation Pause)
[2024-05-31T09:57:05.262+0530][gc,task     ] GC(0) Using 9 workers of 9 for evacuation
[2024-05-31T09:57:05.265+0530][gc,phases   ] GC(0)   Pre Evacuate Collection Set: 0.2ms
[2024-05-31T09:57:05.265+0530][gc,phases   ] GC(0)   Merge Heap Roots: 0.0ms
[2024-05-31T09:57:05.265+0530][gc,phases   ] GC(0)   Evacuate Collection Set: 1.7ms
[2024-05-31T09:57:05.265+0530][gc,phases   ] GC(0)   Post Evacuate Collection Set: 0.3ms
[2024-05-31T09:57:05.265+0530][gc,phases   ] GC(0)   Other: 0.2ms
[2024-05-31T09:57:05.265+0530][gc,heap     ] GC(0) Eden regions: 51->0(44)
[2024-05-31T09:57:05.265+0530][gc,heap     ] GC(0) Survivor regions: 0->7(7)
[2024-05-31T09:57:05.265+0530][gc,heap     ] GC(0) Old regions: 2->3
[2024-05-31T09:57:05.265+0530][gc,heap     ] GC(0) Humongous regions: 0->0
[2024-05-31T09:57:05.265+0530][gc,metaspace] GC(0) Metaspace: 18929K(19136K)->18929K(19136K) NonClass: 16706K(16832K)->16706K(16832K) Class: 2222K(2304K)->2222K(2304K)
[2024-05-31T09:57:05.265+0530][gc          ] GC(0) Pause Young (Normal) (G1 Evacuation Pause) 52M->8M(1024M) 2.470ms
[2024-05-31T09:57:05.265+0530][gc,cpu      ] GC(0) User=0.01s Sys=0.00s Real=0.00s
[2024-05-31T09:57:05.299+0530][gc,start    ] GC(1) Pause Young (Concurrent Start) (Metadata GC Threshold)
[2024-05-31T09:57:05.299+0530][gc,task     ] GC(1) Using 9 workers of 9 for evacuation
[2024-05-31T09:57:05.300+0530][gc,phases   ] GC(1)   Pre Evacuate Collection Set: 0.1ms
[2024-05-31T09:57:05.300+0530][gc,phases   ] GC(1)   Merge Heap Roots: 0.0ms
[2024-05-31T09:57:05.300+0530][gc,phases   ] GC(1)   Evacuate Collection Set: 1.3ms
[2024-05-31T09:57:05.300+0530][gc,phases   ] GC(1)   Post Evacuate Collection Set: 0.1ms
[2024-05-31T09:57:05.300+0530][gc,phases   ] GC(1)   Other: 0.0ms
[2024-05-31T09:57:05.300+0530][gc,heap     ] GC(1) Eden regions: 8->0(50)
[2024-05-31T09:57:05.300+0530][gc,heap     ] GC(1) Survivor regions: 7->1(7)
[2024-05-31T09:57:05.300+0530][gc,heap     ] GC(1) Old regions: 3->10
[2024-05-31T09:57:05.300+0530][gc,heap     ] GC(1) Humongous regions: 0->0
[2024-05-31T09:57:05.300+0530][gc,metaspace] GC(1) Metaspace: 21304K(21504K)->21304K(21504K) NonClass: 18832K(18944K)->18832K(18944K) Class: 2472K(2560K)->2472K(2560K)
[2024-05-31T09:57:05.300+0530][gc          ] GC(1) Pause Young (Concurrent Start) (Metadata GC Threshold) 16M->9M(1024M) 1.636ms
[2024-05-31T09:57:05.300+0530][gc,cpu      ] GC(1) User=0.01s Sys=0.00s Real=0.01s
[2024-05-31T09:57:05.300+0530][gc          ] GC(2) Concurrent Mark Cycle
[2024-05-31T09:57:05.300+0530][gc,marking  ] GC(2) Concurrent Scan Root Regions
[2024-05-31T09:57:05.301+0530][gc,marking  ] GC(2) Concurrent Scan Root Regions 1.017ms
[2024-05-31T09:57:05.301+0530][gc,marking  ] GC(2) Concurrent Mark
[2024-05-31T09:57:05.301+0530][gc,marking  ] GC(2) Concurrent Mark From Roots
[2024-05-31T09:57:05.301+0530][gc,task     ] GC(2) Using 2 workers of 2 for marking
[2024-05-31T09:57:05.302+0530][gc,marking  ] GC(2) Concurrent Mark From Roots 0.671ms
[2024-05-31T09:57:05.302+0530][gc,marking  ] GC(2) Concurrent Preclean
[2024-05-31T09:57:05.302+0530][gc,marking  ] GC(2) Concurrent Preclean 0.006ms
[2024-05-31T09:57:05.302+0530][gc,start    ] GC(2) Pause Remark
[2024-05-31T09:57:05.303+0530][gc          ] GC(2) Pause Remark 9M->9M(1024M) 0.750ms
[2024-05-31T09:57:05.303+0530][gc,cpu      ] GC(2) User=0.01s Sys=0.00s Real=0.00s
[2024-05-31T09:57:05.303+0530][gc,marking  ] GC(2) Concurrent Mark 1.516ms
[2024-05-31T09:57:05.303+0530][gc,marking  ] GC(2) Concurrent Rebuild Remembered Sets and Scrub Regions
[2024-05-31T09:57:05.304+0530][gc,marking  ] GC(2) Concurrent Rebuild Remembered Sets and Scrub Regions 0.943ms
[2024-05-31T09:57:05.304+0530][gc,start    ] GC(2) Pause Cleanup
[2024-05-31T09:57:05.304+0530][gc          ] GC(2) Pause Cleanup 10M->10M(1024M) 0.085ms
[2024-05-31T09:57:05.304+0530][gc,cpu      ] GC(2) User=0.00s Sys=0.00s Real=0.00s
[2024-05-31T09:57:05.304+0530][gc,marking  ] GC(2) Concurrent Clear Claimed Marks
[2024-05-31T09:57:05.304+0530][gc,marking  ] GC(2) Concurrent Clear Claimed Marks 0.039ms
[2024-05-31T09:57:05.304+0530][gc,marking  ] GC(2) Concurrent Cleanup for Next Mark
[2024-05-31T09:57:05.305+0530][gc,marking  ] GC(2) Concurrent Cleanup for Next Mark 0.885ms
[2024-05-31T09:57:05.305+0530][gc          ] GC(2) Concurrent Mark Cycle 4.696ms
[2024-05-31T10:08:33.371+0530][gc,start    ] GC(3) Pause Young (Prepare Mixed) (G1 Evacuation Pause)
[2024-05-31T10:08:33.372+0530][gc,task     ] GC(3) Using 9 workers of 9 for evacuation
[2024-05-31T10:08:33.389+0530][gc,phases   ] GC(3)   Pre Evacuate Collection Set: 0.6ms
[2024-05-31T10:08:33.389+0530][gc,phases   ] GC(3)   Merge Heap Roots: 0.1ms
[2024-05-31T10:08:33.389+0530][gc,phases   ] GC(3)   Evacuate Collection Set: 15.2ms
[2024-05-31T10:08:33.389+0530][gc,phases   ] GC(3)   Post Evacuate Collection Set: 0.6ms
[2024-05-31T10:08:33.389+0530][gc,phases   ] GC(3)   Other: 0.2ms
[2024-05-31T10:08:33.389+0530][gc,heap     ] GC(3) Eden regions: 50->0(48)
[2024-05-31T10:08:33.389+0530][gc,heap     ] GC(3) Survivor regions: 1->3(7)
[2024-05-31T10:08:33.389+0530][gc,heap     ] GC(3) Old regions: 10->10
[2024-05-31T10:08:33.389+0530][gc,heap     ] GC(3) Humongous regions: 0->0
[2024-05-31T10:08:33.389+0530][gc,metaspace] GC(3) Metaspace: 30963K(31296K)->30963K(31296K) NonClass: 27515K(27712K)->27515K(27712K) Class: 3447K(3584K)->3447K(3584K)
[2024-05-31T10:08:33.389+0530][gc          ] GC(3) Pause Young (Prepare Mixed) (G1 Evacuation Pause) 59M->11M(1024M) 18.060ms
[2024-05-31T10:08:33.389+0530][gc,cpu      ] GC(3) User=0.02s Sys=0.04s Real=0.01s
[2024-05-31T11:10:04.809+0530][gc,start    ] GC(4) Pause Young (Mixed) (G1 Evacuation Pause)
[2024-05-31T11:10:04.810+0530][gc,task     ] GC(4) Using 9 workers of 9 for evacuation
[2024-05-31T11:10:04.819+0530][gc,phases   ] GC(4)   Pre Evacuate Collection Set: 1.6ms
[2024-05-31T11:10:04.819+0530][gc,phases   ] GC(4)   Merge Heap Roots: 0.2ms
[2024-05-31T11:10:04.819+0530][gc,phases   ] GC(4)   Evacuate Collection Set: 6.2ms
[2024-05-31T11:10:04.819+0530][gc,phases   ] GC(4)   Post Evacuate Collection Set: 0.7ms
[2024-05-31T11:10:04.819+0530][gc,phases   ] GC(4)   Other: 0.3ms
[2024-05-31T11:10:04.819+0530][gc,heap     ] GC(4) Eden regions: 48->0(47)
[2024-05-31T11:10:04.819+0530][gc,heap     ] GC(4) Survivor regions: 3->4(7)
[2024-05-31T11:10:04.819+0530][gc,heap     ] GC(4) Old regions: 10->9
[2024-05-31T11:10:04.819+0530][gc,heap     ] GC(4) Humongous regions: 0->0
[2024-05-31T11:10:04.819+0530][gc,metaspace] GC(4) Metaspace: 31097K(31424K)->31097K(31424K) NonClass: 27643K(27840K)->27643K(27840K) Class: 3453K(3584K)->3453K(3584K)
[2024-05-31T11:10:04.820+0530][gc          ] GC(4) Pause Young (Mixed) (G1 Evacuation Pause) 59M->11M(1024M) 10.791ms
[2024-05-31T11:10:04.820+0530][gc,cpu      ] GC(4) User=0.02s Sys=0.02s Real=0.02s
[2024-05-31T11:47:50.396+0530][gc,start    ] GC(5) Pause Young (Normal) (G1 Evacuation Pause)
[2024-05-31T11:47:50.397+0530][gc,task     ] GC(5) Using 9 workers of 9 for evacuation
[2024-05-31T11:47:50.401+0530][gc,phases   ] GC(5)   Pre Evacuate Collection Set: 0.6ms
[2024-05-31T11:47:50.401+0530][gc,phases   ] GC(5)   Merge Heap Roots: 0.1ms
[2024-05-31T11:47:50.401+0530][gc,phases   ] GC(5)   Evacuate Collection Set: 3.0ms
[2024-05-31T11:47:50.401+0530][gc,phases   ] GC(5)   Post Evacuate Collection Set: 0.3ms
[2024-05-31T11:47:50.401+0530][gc,phases   ] GC(5)   Other: 0.1ms
[2024-05-31T11:47:50.401+0530][gc,heap     ] GC(5) Eden regions: 47->0(46)
[2024-05-31T11:47:50.401+0530][gc,heap     ] GC(5) Survivor regions: 4->5(7)
[2024-05-31T11:47:50.401+0530][gc,heap     ] GC(5) Old regions: 9->9
[2024-05-31T11:47:50.401+0530][gc,heap     ] GC(5) Humongous regions: 0->0
[2024-05-31T11:47:50.401+0530][gc,metaspace] GC(5) Metaspace: 31525K(31936K)->31525K(31936K) NonClass: 28055K(28288K)->28055K(28288K) Class: 3470K(3648K)->3470K(3648K)
[2024-05-31T11:47:50.401+0530][gc          ] GC(5) Pause Young (Normal) (G1 Evacuation Pause) 58M->12M(1024M) 5.198ms
[2024-05-31T11:47:50.401+0530][gc,cpu      ] GC(5) User=0.01s Sys=0.01s Real=0.01s
[2024-05-31T11:47:54.769+0530][gc,heap,exit] Heap
[2024-05-31T11:47:54.769+0530][gc,heap,exit]  garbage-first heap   total 1048576K, used 31242K [0x00000007c0000000, 0x0000000800000000)
[2024-05-31T11:47:54.769+0530][gc,heap,exit]   region size 1024K, 23 young (23552K), 5 survivors (5120K)
[2024-05-31T11:47:54.769+0530][gc,heap,exit]  Metaspace       used 31890K, committed 32256K, reserved 1114112K
[2024-05-31T11:47:54.769+0530][gc,heap,exit]   class space    used 3541K, committed 3712K, reserved 1048576K
