[2024-05-31T09:55:29.967+0530][gc,init] CardTable entry size: 512
[2024-05-31T09:55:29.967+0530][gc     ] Using G1
[2024-05-31T09:55:29.968+0530][gc,init] Version: 21.0.2+13-58 (release)
[2024-05-31T09:55:29.968+0530][gc,init] CPUs: 11 total, 11 available
[2024-05-31T09:55:29.968+0530][gc,init] Memory: 18432M
[2024-05-31T09:55:29.968+0530][gc,init] Large Page Support: Disabled
[2024-05-31T09:55:29.968+0530][gc,init] NUMA Support: Disabled
[2024-05-31T09:55:29.968+0530][gc,init] Compressed Oops: Enabled (Zero based)
[2024-05-31T09:55:29.968+0530][gc,init] Heap Region Size: 1M
[2024-05-31T09:55:29.968+0530][gc,init] Heap Min Capacity: 1G
[2024-05-31T09:55:29.968+0530][gc,init] Heap Initial Capacity: 1G
[2024-05-31T09:55:29.968+0530][gc,init] Heap Max Capacity: 1G
[2024-05-31T09:55:29.968+0530][gc,init] Pre-touch: Disabled
[2024-05-31T09:55:29.968+0530][gc,init] Parallel Workers: 9
[2024-05-31T09:55:29.968+0530][gc,init] Concurrent Workers: 2
[2024-05-31T09:55:29.968+0530][gc,init] Concurrent Refinement Workers: 9
[2024-05-31T09:55:29.968+0530][gc,init] Periodic GC: Disabled
[2024-05-31T09:55:29.971+0530][gc,metaspace] CDS archive(s) mapped at: [0x0000007000000000-0x0000007000ca4000-0x0000007000ca4000), size 13254656, SharedBaseAddress: 0x0000007000000000, ArchiveRelocationMode: 1.
[2024-05-31T09:55:29.971+0530][gc,metaspace] Compressed class space mapped at: 0x0000007001000000-0x0000007041000000, reserved size: 1073741824
[2024-05-31T09:55:29.971+0530][gc,metaspace] Narrow klass base: 0x0000007000000000, Narrow klass shift: 0, Narrow klass range: 0x100000000
[2024-05-31T09:55:30.408+0530][gc,start    ] GC(0) Pause Young (Normal) (G1 Evacuation Pause)
[2024-05-31T09:55:30.408+0530][gc,task     ] GC(0) Using 9 workers of 9 for evacuation
[2024-05-31T09:55:30.410+0530][gc,phases   ] GC(0)   Pre Evacuate Collection Set: 0.1ms
[2024-05-31T09:55:30.410+0530][gc,phases   ] GC(0)   Merge Heap Roots: 0.0ms
[2024-05-31T09:55:30.410+0530][gc,phases   ] GC(0)   Evacuate Collection Set: 1.4ms
[2024-05-31T09:55:30.410+0530][gc,phases   ] GC(0)   Post Evacuate Collection Set: 0.2ms
[2024-05-31T09:55:30.410+0530][gc,phases   ] GC(0)   Other: 0.2ms
[2024-05-31T09:55:30.410+0530][gc,heap     ] GC(0) Eden regions: 51->0(44)
[2024-05-31T09:55:30.410+0530][gc,heap     ] GC(0) Survivor regions: 0->7(7)
[2024-05-31T09:55:30.410+0530][gc,heap     ] GC(0) Old regions: 2->3
[2024-05-31T09:55:30.410+0530][gc,heap     ] GC(0) Humongous regions: 0->0
[2024-05-31T09:55:30.410+0530][gc,metaspace] GC(0) Metaspace: 18970K(19264K)->18970K(19264K) NonClass: 16745K(16896K)->16745K(16896K) Class: 2225K(2368K)->2225K(2368K)
[2024-05-31T09:55:30.410+0530][gc          ] GC(0) Pause Young (Normal) (G1 Evacuation Pause) 52M->8M(1024M) 2.128ms
[2024-05-31T09:55:30.410+0530][gc,cpu      ] GC(0) User=0.01s Sys=0.00s Real=0.01s
[2024-05-31T09:55:30.445+0530][gc,start    ] GC(1) Pause Young (Concurrent Start) (Metadata GC Threshold)
[2024-05-31T09:55:30.445+0530][gc,task     ] GC(1) Using 9 workers of 9 for evacuation
[2024-05-31T09:55:30.447+0530][gc,phases   ] GC(1)   Pre Evacuate Collection Set: 0.1ms
[2024-05-31T09:55:30.447+0530][gc,phases   ] GC(1)   Merge Heap Roots: 0.0ms
[2024-05-31T09:55:30.447+0530][gc,phases   ] GC(1)   Evacuate Collection Set: 1.3ms
[2024-05-31T09:55:30.447+0530][gc,phases   ] GC(1)   Post Evacuate Collection Set: 0.1ms
[2024-05-31T09:55:30.447+0530][gc,phases   ] GC(1)   Other: 0.0ms
[2024-05-31T09:55:30.447+0530][gc,heap     ] GC(1) Eden regions: 8->0(50)
[2024-05-31T09:55:30.447+0530][gc,heap     ] GC(1) Survivor regions: 7->1(7)
[2024-05-31T09:55:30.447+0530][gc,heap     ] GC(1) Old regions: 3->10
[2024-05-31T09:55:30.447+0530][gc,heap     ] GC(1) Humongous regions: 0->0
[2024-05-31T09:55:30.447+0530][gc,metaspace] GC(1) Metaspace: 21297K(21504K)->21297K(21504K) NonClass: 18827K(18944K)->18827K(18944K) Class: 2469K(2560K)->2469K(2560K)
[2024-05-31T09:55:30.447+0530][gc          ] GC(1) Pause Young (Concurrent Start) (Metadata GC Threshold) 16M->9M(1024M) 1.673ms
[2024-05-31T09:55:30.447+0530][gc          ] GC(2) Concurrent Mark Cycle
[2024-05-31T09:55:30.447+0530][gc,cpu      ] GC(1) User=0.01s Sys=0.00s Real=0.00s
[2024-05-31T09:55:30.447+0530][gc,marking  ] GC(2) Concurrent Scan Root Regions
[2024-05-31T09:55:30.448+0530][gc,marking  ] GC(2) Concurrent Scan Root Regions 1.017ms
[2024-05-31T09:55:30.448+0530][gc,marking  ] GC(2) Concurrent Mark
[2024-05-31T09:55:30.448+0530][gc,marking  ] GC(2) Concurrent Mark From Roots
[2024-05-31T09:55:30.448+0530][gc,task     ] GC(2) Using 2 workers of 2 for marking
[2024-05-31T09:55:30.449+0530][gc,marking  ] GC(2) Concurrent Mark From Roots 0.574ms
[2024-05-31T09:55:30.449+0530][gc,marking  ] GC(2) Concurrent Preclean
[2024-05-31T09:55:30.449+0530][gc,marking  ] GC(2) Concurrent Preclean 0.006ms
[2024-05-31T09:55:30.449+0530][gc,start    ] GC(2) Pause Remark
[2024-05-31T09:55:30.449+0530][gc          ] GC(2) Pause Remark 9M->9M(1024M) 0.797ms
[2024-05-31T09:55:30.449+0530][gc,cpu      ] GC(2) User=0.00s Sys=0.00s Real=0.00s
[2024-05-31T09:55:30.449+0530][gc,marking  ] GC(2) Concurrent Mark 1.453ms
[2024-05-31T09:55:30.449+0530][gc,marking  ] GC(2) Concurrent Rebuild Remembered Sets and Scrub Regions
[2024-05-31T09:55:30.450+0530][gc,marking  ] GC(2) Concurrent Rebuild Remembered Sets and Scrub Regions 0.959ms
[2024-05-31T09:55:30.450+0530][gc,start    ] GC(2) Pause Cleanup
[2024-05-31T09:55:30.451+0530][gc          ] GC(2) Pause Cleanup 9M->9M(1024M) 0.119ms
[2024-05-31T09:55:30.451+0530][gc,cpu      ] GC(2) User=0.00s Sys=0.00s Real=0.00s
[2024-05-31T09:55:30.451+0530][gc,marking  ] GC(2) Concurrent Clear Claimed Marks
[2024-05-31T09:55:30.451+0530][gc,marking  ] GC(2) Concurrent Clear Claimed Marks 0.008ms
[2024-05-31T09:55:30.451+0530][gc,marking  ] GC(2) Concurrent Cleanup for Next Mark
[2024-05-31T09:55:30.452+0530][gc,marking  ] GC(2) Concurrent Cleanup for Next Mark 0.914ms
[2024-05-31T09:55:30.452+0530][gc          ] GC(2) Concurrent Mark Cycle 4.588ms
[2024-05-31T09:59:19.442+0530][gc,start    ] GC(3) Pause Young (Prepare Mixed) (G1 Evacuation Pause)
[2024-05-31T09:59:19.442+0530][gc,task     ] GC(3) Using 9 workers of 9 for evacuation
[2024-05-31T09:59:19.458+0530][gc,phases   ] GC(3)   Pre Evacuate Collection Set: 1.1ms
[2024-05-31T09:59:19.458+0530][gc,phases   ] GC(3)   Merge Heap Roots: 0.1ms
[2024-05-31T09:59:19.458+0530][gc,phases   ] GC(3)   Evacuate Collection Set: 13.6ms
[2024-05-31T09:59:19.458+0530][gc,phases   ] GC(3)   Post Evacuate Collection Set: 0.3ms
[2024-05-31T09:59:19.458+0530][gc,phases   ] GC(3)   Other: 0.2ms
[2024-05-31T09:59:19.458+0530][gc,heap     ] GC(3) Eden regions: 50->0(47)
[2024-05-31T09:59:19.458+0530][gc,heap     ] GC(3) Survivor regions: 1->4(7)
[2024-05-31T09:59:19.458+0530][gc,heap     ] GC(3) Old regions: 10->10
[2024-05-31T09:59:19.458+0530][gc,heap     ] GC(3) Humongous regions: 9->9
[2024-05-31T09:59:19.458+0530][gc,metaspace] GC(3) Metaspace: 31598K(31936K)->31598K(31936K) NonClass: 28114K(28288K)->28114K(28288K) Class: 3483K(3648K)->3483K(3648K)
[2024-05-31T09:59:19.458+0530][gc          ] GC(3) Pause Young (Prepare Mixed) (G1 Evacuation Pause) 68M->20M(1024M) 15.685ms
[2024-05-31T09:59:19.458+0530][gc,cpu      ] GC(3) User=0.02s Sys=0.04s Real=0.01s
[2024-05-31T10:07:52.705+0530][gc,start    ] GC(4) Pause Young (Mixed) (G1 Evacuation Pause)
[2024-05-31T10:07:52.706+0530][gc,task     ] GC(4) Using 9 workers of 9 for evacuation
[2024-05-31T10:07:52.713+0530][gc,phases   ] GC(4)   Pre Evacuate Collection Set: 0.9ms
[2024-05-31T10:07:52.713+0530][gc,phases   ] GC(4)   Merge Heap Roots: 0.1ms
[2024-05-31T10:07:52.714+0530][gc,phases   ] GC(4)   Evacuate Collection Set: 5.6ms
[2024-05-31T10:07:52.714+0530][gc,phases   ] GC(4)   Post Evacuate Collection Set: 0.4ms
[2024-05-31T10:07:52.714+0530][gc,phases   ] GC(4)   Other: 0.2ms
[2024-05-31T10:07:52.714+0530][gc,heap     ] GC(4) Eden regions: 47->0(46)
[2024-05-31T10:07:52.714+0530][gc,heap     ] GC(4) Survivor regions: 4->5(7)
[2024-05-31T10:07:52.714+0530][gc,heap     ] GC(4) Old regions: 10->9
[2024-05-31T10:07:52.714+0530][gc,heap     ] GC(4) Humongous regions: 9->9
[2024-05-31T10:07:52.714+0530][gc,metaspace] GC(4) Metaspace: 32049K(32448K)->32049K(32448K) NonClass: 28516K(28736K)->28516K(28736K) Class: 3532K(3712K)->3532K(3712K)
[2024-05-31T10:07:52.714+0530][gc          ] GC(4) Pause Young (Mixed) (G1 Evacuation Pause) 67M->22M(1024M) 8.575ms
[2024-05-31T10:07:52.714+0530][gc,cpu      ] GC(4) User=0.02s Sys=0.01s Real=0.01s
[2024-05-31T10:13:11.636+0530][gc,start    ] GC(5) Pause Young (Normal) (G1 Evacuation Pause)
[2024-05-31T10:13:11.637+0530][gc,task     ] GC(5) Using 9 workers of 9 for evacuation
[2024-05-31T10:13:11.647+0530][gc,phases   ] GC(5)   Pre Evacuate Collection Set: 1.7ms
[2024-05-31T10:13:11.647+0530][gc,phases   ] GC(5)   Merge Heap Roots: 0.2ms
[2024-05-31T10:13:11.647+0530][gc,phases   ] GC(5)   Evacuate Collection Set: 7.3ms
[2024-05-31T10:13:11.647+0530][gc,phases   ] GC(5)   Post Evacuate Collection Set: 0.5ms
[2024-05-31T10:13:11.647+0530][gc,phases   ] GC(5)   Other: 0.3ms
[2024-05-31T10:13:11.647+0530][gc,heap     ] GC(5) Eden regions: 46->0(48)
[2024-05-31T10:13:11.647+0530][gc,heap     ] GC(5) Survivor regions: 5->3(7)
[2024-05-31T10:13:11.647+0530][gc,heap     ] GC(5) Old regions: 9->12
[2024-05-31T10:13:11.647+0530][gc,heap     ] GC(5) Humongous regions: 9->9
[2024-05-31T10:13:11.647+0530][gc,metaspace] GC(5) Metaspace: 32347K(32768K)->32347K(32768K) NonClass: 28783K(29056K)->28783K(29056K) Class: 3563K(3712K)->3563K(3712K)
[2024-05-31T10:13:11.648+0530][gc          ] GC(5) Pause Young (Normal) (G1 Evacuation Pause) 68M->22M(1024M) 11.865ms
[2024-05-31T10:13:11.648+0530][gc,cpu      ] GC(5) User=0.03s Sys=0.01s Real=0.01s
[2024-05-31T10:19:26.391+0530][gc,start    ] GC(6) Pause Young (Normal) (G1 Evacuation Pause)
[2024-05-31T10:19:26.392+0530][gc,task     ] GC(6) Using 9 workers of 9 for evacuation
[2024-05-31T10:19:26.399+0530][gc,phases   ] GC(6)   Pre Evacuate Collection Set: 1.3ms
[2024-05-31T10:19:26.399+0530][gc,phases   ] GC(6)   Merge Heap Roots: 0.1ms
[2024-05-31T10:19:26.399+0530][gc,phases   ] GC(6)   Evacuate Collection Set: 5.0ms
[2024-05-31T10:19:26.399+0530][gc,phases   ] GC(6)   Post Evacuate Collection Set: 0.4ms
[2024-05-31T10:19:26.399+0530][gc,phases   ] GC(6)   Other: 0.3ms
[2024-05-31T10:19:26.399+0530][gc,heap     ] GC(6) Eden regions: 48->0(48)
[2024-05-31T10:19:26.399+0530][gc,heap     ] GC(6) Survivor regions: 3->3(7)
[2024-05-31T10:19:26.399+0530][gc,heap     ] GC(6) Old regions: 12->12
[2024-05-31T10:19:26.399+0530][gc,heap     ] GC(6) Humongous regions: 9->9
[2024-05-31T10:19:26.400+0530][gc,metaspace] GC(6) Metaspace: 32347K(32768K)->32347K(32768K) NonClass: 28783K(29056K)->28783K(29056K) Class: 3563K(3712K)->3563K(3712K)
[2024-05-31T10:19:26.400+0530][gc          ] GC(6) Pause Young (Normal) (G1 Evacuation Pause) 70M->23M(1024M) 8.682ms
[2024-05-31T10:19:26.400+0530][gc,cpu      ] GC(6) User=0.02s Sys=0.01s Real=0.01s
[2024-05-31T10:40:27.801+0530][gc,start    ] GC(7) Pause Young (Normal) (G1 Evacuation Pause)
[2024-05-31T10:40:27.802+0530][gc,task     ] GC(7) Using 9 workers of 9 for evacuation
[2024-05-31T10:40:27.813+0530][gc,phases   ] GC(7)   Pre Evacuate Collection Set: 1.8ms
[2024-05-31T10:40:27.813+0530][gc,phases   ] GC(7)   Merge Heap Roots: 0.2ms
[2024-05-31T10:40:27.813+0530][gc,phases   ] GC(7)   Evacuate Collection Set: 7.5ms
[2024-05-31T10:40:27.813+0530][gc,phases   ] GC(7)   Post Evacuate Collection Set: 0.6ms
[2024-05-31T10:40:27.813+0530][gc,phases   ] GC(7)   Other: 0.3ms
[2024-05-31T10:40:27.813+0530][gc,heap     ] GC(7) Eden regions: 48->0(48)
[2024-05-31T10:40:27.813+0530][gc,heap     ] GC(7) Survivor regions: 3->3(7)
[2024-05-31T10:40:27.813+0530][gc,heap     ] GC(7) Old regions: 12->12
[2024-05-31T10:40:27.813+0530][gc,heap     ] GC(7) Humongous regions: 9->9
[2024-05-31T10:40:27.813+0530][gc,metaspace] GC(7) Metaspace: 32347K(32768K)->32347K(32768K) NonClass: 28784K(29056K)->28784K(29056K) Class: 3563K(3712K)->3563K(3712K)
[2024-05-31T10:40:27.813+0530][gc          ] GC(7) Pause Young (Normal) (G1 Evacuation Pause) 71M->22M(1024M) 12.214ms
[2024-05-31T10:40:27.813+0530][gc,cpu      ] GC(7) User=0.02s Sys=0.02s Real=0.01s
[2024-05-31T10:46:47.543+0530][gc,start    ] GC(8) Pause Young (Normal) (G1 Evacuation Pause)
[2024-05-31T10:46:47.544+0530][gc,task     ] GC(8) Using 9 workers of 9 for evacuation
[2024-05-31T10:46:47.550+0530][gc,phases   ] GC(8)   Pre Evacuate Collection Set: 0.2ms
[2024-05-31T10:46:47.551+0530][gc,phases   ] GC(8)   Merge Heap Roots: 0.0ms
[2024-05-31T10:46:47.551+0530][gc,phases   ] GC(8)   Evacuate Collection Set: 5.0ms
[2024-05-31T10:46:47.551+0530][gc,phases   ] GC(8)   Post Evacuate Collection Set: 0.8ms
[2024-05-31T10:46:47.551+0530][gc,phases   ] GC(8)   Other: 0.1ms
[2024-05-31T10:46:47.551+0530][gc,heap     ] GC(8) Eden regions: 48->0(48)
[2024-05-31T10:46:47.551+0530][gc,heap     ] GC(8) Survivor regions: 3->3(7)
[2024-05-31T10:46:47.551+0530][gc,heap     ] GC(8) Old regions: 12->12
[2024-05-31T10:46:47.551+0530][gc,heap     ] GC(8) Humongous regions: 9->9
[2024-05-31T10:46:47.551+0530][gc,metaspace] GC(8) Metaspace: 32358K(32768K)->32358K(32768K) NonClass: 28794K(29056K)->28794K(29056K) Class: 3563K(3712K)->3563K(3712K)
[2024-05-31T10:46:47.551+0530][gc          ] GC(8) Pause Young (Normal) (G1 Evacuation Pause) 70M->22M(1024M) 7.428ms
[2024-05-31T10:46:47.551+0530][gc,cpu      ] GC(8) User=0.02s Sys=0.00s Real=0.01s
[2024-05-31T10:53:04.146+0530][gc,start    ] GC(9) Pause Young (Normal) (G1 Evacuation Pause)
[2024-05-31T10:53:04.147+0530][gc,task     ] GC(9) Using 9 workers of 9 for evacuation
[2024-05-31T10:53:04.152+0530][gc,phases   ] GC(9)   Pre Evacuate Collection Set: 0.3ms
[2024-05-31T10:53:04.152+0530][gc,phases   ] GC(9)   Merge Heap Roots: 0.1ms
[2024-05-31T10:53:04.152+0530][gc,phases   ] GC(9)   Evacuate Collection Set: 4.0ms
[2024-05-31T10:53:04.152+0530][gc,phases   ] GC(9)   Post Evacuate Collection Set: 0.5ms
[2024-05-31T10:53:04.153+0530][gc,phases   ] GC(9)   Other: 0.2ms
[2024-05-31T10:53:04.153+0530][gc,heap     ] GC(9) Eden regions: 48->0(62)
[2024-05-31T10:53:04.153+0530][gc,heap     ] GC(9) Survivor regions: 3->3(7)
[2024-05-31T10:53:04.153+0530][gc,heap     ] GC(9) Old regions: 12->12
[2024-05-31T10:53:04.153+0530][gc,heap     ] GC(9) Humongous regions: 9->9
[2024-05-31T10:53:04.153+0530][gc,metaspace] GC(9) Metaspace: 32361K(32768K)->32361K(32768K) NonClass: 28798K(29056K)->28798K(29056K) Class: 3563K(3712K)->3563K(3712K)
[2024-05-31T10:53:04.153+0530][gc          ] GC(9) Pause Young (Normal) (G1 Evacuation Pause) 70M->22M(1024M) 6.772ms
[2024-05-31T10:53:04.153+0530][gc,cpu      ] GC(9) User=0.02s Sys=0.01s Real=0.01s
[2024-05-31T11:01:12.411+0530][gc,start    ] GC(10) Pause Young (Normal) (G1 Evacuation Pause)
[2024-05-31T11:01:12.412+0530][gc,task     ] GC(10) Using 9 workers of 9 for evacuation
[2024-05-31T11:01:12.417+0530][gc,phases   ] GC(10)   Pre Evacuate Collection Set: 0.5ms
[2024-05-31T11:01:12.417+0530][gc,phases   ] GC(10)   Merge Heap Roots: 0.1ms
[2024-05-31T11:01:12.417+0530][gc,phases   ] GC(10)   Evacuate Collection Set: 4.1ms
[2024-05-31T11:01:12.417+0530][gc,phases   ] GC(10)   Post Evacuate Collection Set: 0.4ms
[2024-05-31T11:01:12.417+0530][gc,phases   ] GC(10)   Other: 0.3ms
[2024-05-31T11:01:12.417+0530][gc,heap     ] GC(10) Eden regions: 62->0(196)
[2024-05-31T11:01:12.417+0530][gc,heap     ] GC(10) Survivor regions: 3->3(9)
[2024-05-31T11:01:12.417+0530][gc,heap     ] GC(10) Old regions: 12->12
[2024-05-31T11:01:12.417+0530][gc,heap     ] GC(10) Humongous regions: 9->9
[2024-05-31T11:01:12.417+0530][gc,metaspace] GC(10) Metaspace: 32362K(32768K)->32362K(32768K) NonClass: 28799K(29056K)->28799K(29056K) Class: 3563K(3712K)->3563K(3712K)
[2024-05-31T11:01:12.418+0530][gc          ] GC(10) Pause Young (Normal) (G1 Evacuation Pause) 84M->22M(1024M) 6.833ms
[2024-05-31T11:01:12.418+0530][gc,cpu      ] GC(10) User=0.02s Sys=0.01s Real=0.00s
[2024-05-31T11:26:38.470+0530][gc,start    ] GC(11) Pause Young (Normal) (G1 Evacuation Pause)
[2024-05-31T11:26:38.471+0530][gc,task     ] GC(11) Using 9 workers of 9 for evacuation
[2024-05-31T11:26:38.478+0530][gc,phases   ] GC(11)   Pre Evacuate Collection Set: 1.4ms
[2024-05-31T11:26:38.478+0530][gc,phases   ] GC(11)   Merge Heap Roots: 0.2ms
[2024-05-31T11:26:38.478+0530][gc,phases   ] GC(11)   Evacuate Collection Set: 4.5ms
[2024-05-31T11:26:38.478+0530][gc,phases   ] GC(11)   Post Evacuate Collection Set: 0.4ms
[2024-05-31T11:26:38.478+0530][gc,phases   ] GC(11)   Other: 0.3ms
[2024-05-31T11:26:38.478+0530][gc,heap     ] GC(11) Eden regions: 196->0(611)
[2024-05-31T11:26:38.478+0530][gc,heap     ] GC(11) Survivor regions: 3->3(25)
[2024-05-31T11:26:38.478+0530][gc,heap     ] GC(11) Old regions: 12->12
[2024-05-31T11:26:38.478+0530][gc,heap     ] GC(11) Humongous regions: 9->9
[2024-05-31T11:26:38.478+0530][gc,metaspace] GC(11) Metaspace: 32374K(32768K)->32374K(32768K) NonClass: 28811K(29056K)->28811K(29056K) Class: 3563K(3712K)->3563K(3712K)
[2024-05-31T11:26:38.478+0530][gc          ] GC(11) Pause Young (Normal) (G1 Evacuation Pause) 218M->22M(1024M) 7.606ms
[2024-05-31T11:26:38.478+0530][gc,cpu      ] GC(11) User=0.01s Sys=0.01s Real=0.00s
[2024-05-31T11:47:51.132+0530][gc,heap,exit] Heap
[2024-05-31T11:47:51.133+0530][gc,heap,exit]  garbage-first heap   total 1048576K, used 192293K [0x00000007c0000000, 0x0000000800000000)
[2024-05-31T11:47:51.133+0530][gc,heap,exit]   region size 1024K, 168 young (172032K), 3 survivors (3072K)
[2024-05-31T11:47:51.133+0530][gc,heap,exit]  Metaspace       used 32789K, committed 33088K, reserved 1114112K
[2024-05-31T11:47:51.133+0530][gc,heap,exit]   class space    used 3645K, committed 3776K, reserved 1048576K
