[2024-05-31T10:05:33.543+0530][gc,init] CardTable entry size: 512
[2024-05-31T10:05:33.543+0530][gc     ] Using G1
[2024-05-31T10:05:33.544+0530][gc,init] Version: 21.0.2+13-58 (release)
[2024-05-31T10:05:33.544+0530][gc,init] CPUs: 11 total, 11 available
[2024-05-31T10:05:33.544+0530][gc,init] Memory: 18432M
[2024-05-31T10:05:33.544+0530][gc,init] Large Page Support: Disabled
[2024-05-31T10:05:33.544+0530][gc,init] NUMA Support: Disabled
[2024-05-31T10:05:33.544+0530][gc,init] Compressed Oops: Enabled (Zero based)
[2024-05-31T10:05:33.544+0530][gc,init] Heap Region Size: 1M
[2024-05-31T10:05:33.544+0530][gc,init] Heap Min Capacity: 1G
[2024-05-31T10:05:33.544+0530][gc,init] Heap Initial Capacity: 1G
[2024-05-31T10:05:33.544+0530][gc,init] Heap Max Capacity: 1G
[2024-05-31T10:05:33.544+0530][gc,init] Pre-touch: Disabled
[2024-05-31T10:05:33.544+0530][gc,init] Parallel Workers: 9
[2024-05-31T10:05:33.544+0530][gc,init] Concurrent Workers: 2
[2024-05-31T10:05:33.544+0530][gc,init] Concurrent Refinement Workers: 9
[2024-05-31T10:05:33.544+0530][gc,init] Periodic GC: Disabled
[2024-05-31T10:05:33.546+0530][gc,metaspace] CDS archive(s) mapped at: [0x0000007000000000-0x0000007000ca4000-0x0000007000ca4000), size 13254656, SharedBaseAddress: 0x0000007000000000, ArchiveRelocationMode: 1.
[2024-05-31T10:05:33.546+0530][gc,metaspace] Compressed class space mapped at: 0x0000007001000000-0x0000007041000000, reserved size: 1073741824
[2024-05-31T10:05:33.546+0530][gc,metaspace] Narrow klass base: 0x0000007000000000, Narrow klass shift: 0, Narrow klass range: 0x100000000
[2024-05-31T10:05:33.949+0530][gc,start    ] GC(0) Pause Young (Normal) (G1 Evacuation Pause)
[2024-05-31T10:05:33.949+0530][gc,task     ] GC(0) Using 9 workers of 9 for evacuation
[2024-05-31T10:05:33.951+0530][gc,phases   ] GC(0)   Pre Evacuate Collection Set: 0.2ms
[2024-05-31T10:05:33.951+0530][gc,phases   ] GC(0)   Merge Heap Roots: 0.0ms
[2024-05-31T10:05:33.951+0530][gc,phases   ] GC(0)   Evacuate Collection Set: 1.5ms
[2024-05-31T10:05:33.951+0530][gc,phases   ] GC(0)   Post Evacuate Collection Set: 0.2ms
[2024-05-31T10:05:33.951+0530][gc,phases   ] GC(0)   Other: 0.2ms
[2024-05-31T10:05:33.951+0530][gc,heap     ] GC(0) Eden regions: 51->0(44)
[2024-05-31T10:05:33.951+0530][gc,heap     ] GC(0) Survivor regions: 0->7(7)
[2024-05-31T10:05:33.951+0530][gc,heap     ] GC(0) Old regions: 2->3
[2024-05-31T10:05:33.951+0530][gc,heap     ] GC(0) Humongous regions: 0->0
[2024-05-31T10:05:33.951+0530][gc,metaspace] GC(0) Metaspace: 18922K(19136K)->18922K(19136K) NonClass: 16705K(16832K)->16705K(16832K) Class: 2217K(2304K)->2217K(2304K)
[2024-05-31T10:05:33.951+0530][gc          ] GC(0) Pause Young (Normal) (G1 Evacuation Pause) 52M->8M(1024M) 2.273ms
[2024-05-31T10:05:33.951+0530][gc,cpu      ] GC(0) User=0.01s Sys=0.00s Real=0.01s
[2024-05-31T10:05:33.986+0530][gc,start    ] GC(1) Pause Young (Concurrent Start) (Metadata GC Threshold)
[2024-05-31T10:05:33.986+0530][gc,task     ] GC(1) Using 9 workers of 9 for evacuation
[2024-05-31T10:05:33.988+0530][gc,phases   ] GC(1)   Pre Evacuate Collection Set: 0.1ms
[2024-05-31T10:05:33.988+0530][gc,phases   ] GC(1)   Merge Heap Roots: 0.0ms
[2024-05-31T10:05:33.988+0530][gc,phases   ] GC(1)   Evacuate Collection Set: 1.3ms
[2024-05-31T10:05:33.988+0530][gc,phases   ] GC(1)   Post Evacuate Collection Set: 0.1ms
[2024-05-31T10:05:33.988+0530][gc,phases   ] GC(1)   Other: 0.0ms
[2024-05-31T10:05:33.988+0530][gc,heap     ] GC(1) Eden regions: 8->0(50)
[2024-05-31T10:05:33.988+0530][gc,heap     ] GC(1) Survivor regions: 7->1(7)
[2024-05-31T10:05:33.988+0530][gc,heap     ] GC(1) Old regions: 3->10
[2024-05-31T10:05:33.988+0530][gc,heap     ] GC(1) Humongous regions: 0->0
[2024-05-31T10:05:33.988+0530][gc,metaspace] GC(1) Metaspace: 21318K(21504K)->21318K(21504K) NonClass: 18851K(18944K)->18851K(18944K) Class: 2466K(2560K)->2466K(2560K)
[2024-05-31T10:05:33.988+0530][gc          ] GC(1) Pause Young (Concurrent Start) (Metadata GC Threshold) 16M->9M(1024M) 1.735ms
[2024-05-31T10:05:33.988+0530][gc,cpu      ] GC(1) User=0.01s Sys=0.00s Real=0.00s
[2024-05-31T10:05:33.988+0530][gc          ] GC(2) Concurrent Mark Cycle
[2024-05-31T10:05:33.988+0530][gc,marking  ] GC(2) Concurrent Scan Root Regions
[2024-05-31T10:05:33.989+0530][gc,marking  ] GC(2) Concurrent Scan Root Regions 0.965ms
[2024-05-31T10:05:33.989+0530][gc,marking  ] GC(2) Concurrent Mark
[2024-05-31T10:05:33.989+0530][gc,marking  ] GC(2) Concurrent Mark From Roots
[2024-05-31T10:05:33.989+0530][gc,task     ] GC(2) Using 2 workers of 2 for marking
[2024-05-31T10:05:33.989+0530][gc,marking  ] GC(2) Concurrent Mark From Roots 0.590ms
[2024-05-31T10:05:33.989+0530][gc,marking  ] GC(2) Concurrent Preclean
[2024-05-31T10:05:33.989+0530][gc,marking  ] GC(2) Concurrent Preclean 0.005ms
[2024-05-31T10:05:33.989+0530][gc,start    ] GC(2) Pause Remark
[2024-05-31T10:05:33.990+0530][gc          ] GC(2) Pause Remark 9M->9M(1024M) 0.857ms
[2024-05-31T10:05:33.990+0530][gc,cpu      ] GC(2) User=0.01s Sys=0.01s Real=0.01s
[2024-05-31T10:05:33.990+0530][gc,marking  ] GC(2) Concurrent Mark 1.506ms
[2024-05-31T10:05:33.990+0530][gc,marking  ] GC(2) Concurrent Rebuild Remembered Sets and Scrub Regions
[2024-05-31T10:05:33.991+0530][gc,marking  ] GC(2) Concurrent Rebuild Remembered Sets and Scrub Regions 0.966ms
[2024-05-31T10:05:33.991+0530][gc,start    ] GC(2) Pause Cleanup
[2024-05-31T10:05:33.991+0530][gc          ] GC(2) Pause Cleanup 9M->9M(1024M) 0.056ms
[2024-05-31T10:05:33.991+0530][gc,cpu      ] GC(2) User=0.00s Sys=0.00s Real=0.00s
[2024-05-31T10:05:33.991+0530][gc,marking  ] GC(2) Concurrent Clear Claimed Marks
[2024-05-31T10:05:33.991+0530][gc,marking  ] GC(2) Concurrent Clear Claimed Marks 0.009ms
[2024-05-31T10:05:33.991+0530][gc,marking  ] GC(2) Concurrent Cleanup for Next Mark
[2024-05-31T10:05:33.992+0530][gc,marking  ] GC(2) Concurrent Cleanup for Next Mark 0.862ms
[2024-05-31T10:05:33.992+0530][gc          ] GC(2) Concurrent Mark Cycle 4.477ms
[2024-05-31T10:05:34.782+0530][gc,start    ] GC(3) Pause Young (Prepare Mixed) (G1 Evacuation Pause)
[2024-05-31T10:05:34.782+0530][gc,task     ] GC(3) Using 9 workers of 9 for evacuation
[2024-05-31T10:05:34.784+0530][gc,phases   ] GC(3)   Pre Evacuate Collection Set: 0.2ms
[2024-05-31T10:05:34.784+0530][gc,phases   ] GC(3)   Merge Heap Roots: 0.0ms
[2024-05-31T10:05:34.784+0530][gc,phases   ] GC(3)   Evacuate Collection Set: 1.5ms
[2024-05-31T10:05:34.784+0530][gc,phases   ] GC(3)   Post Evacuate Collection Set: 0.2ms
[2024-05-31T10:05:34.784+0530][gc,phases   ] GC(3)   Other: 0.0ms
[2024-05-31T10:05:34.784+0530][gc,heap     ] GC(3) Eden regions: 50->0(46)
[2024-05-31T10:05:34.784+0530][gc,heap     ] GC(3) Survivor regions: 1->5(7)
[2024-05-31T10:05:34.784+0530][gc,heap     ] GC(3) Old regions: 10->10
[2024-05-31T10:05:34.784+0530][gc,heap     ] GC(3) Humongous regions: 129->129
[2024-05-31T10:05:34.784+0530][gc,metaspace] GC(3) Metaspace: 32961K(33344K)->32961K(33344K) NonClass: 29357K(29568K)->29357K(29568K) Class: 3604K(3776K)->3604K(3776K)
[2024-05-31T10:05:34.784+0530][gc          ] GC(3) Pause Young (Prepare Mixed) (G1 Evacuation Pause) 188M->142M(1024M) 1.989ms
[2024-05-31T10:05:34.784+0530][gc,cpu      ] GC(3) User=0.01s Sys=0.00s Real=0.00s
[2024-05-31T10:10:34.882+0530][gc,start    ] GC(4) Pause Young (Mixed) (Metadata GC Threshold)
[2024-05-31T10:10:34.883+0530][gc,task     ] GC(4) Using 9 workers of 9 for evacuation
[2024-05-31T10:10:34.890+0530][gc,phases   ] GC(4)   Pre Evacuate Collection Set: 1.4ms
[2024-05-31T10:10:34.891+0530][gc,phases   ] GC(4)   Merge Heap Roots: 0.1ms
[2024-05-31T10:10:34.891+0530][gc,phases   ] GC(4)   Evacuate Collection Set: 5.6ms
[2024-05-31T10:10:34.891+0530][gc,phases   ] GC(4)   Post Evacuate Collection Set: 0.5ms
[2024-05-31T10:10:34.891+0530][gc,phases   ] GC(4)   Other: 0.2ms
[2024-05-31T10:10:34.891+0530][gc,heap     ] GC(4) Eden regions: 25->0(49)
[2024-05-31T10:10:34.891+0530][gc,heap     ] GC(4) Survivor regions: 5->2(7)
[2024-05-31T10:10:34.891+0530][gc,heap     ] GC(4) Old regions: 10->14
[2024-05-31T10:10:34.891+0530][gc,heap     ] GC(4) Humongous regions: 129->129
[2024-05-31T10:10:34.891+0530][gc,metaspace] GC(4) Metaspace: 35573K(35968K)->35573K(35968K) NonClass: 31610K(31808K)->31610K(31808K) Class: 3963K(4160K)->3963K(4160K)
[2024-05-31T10:10:34.891+0530][gc          ] GC(4) Pause Young (Mixed) (Metadata GC Threshold) 166M->143M(1024M) 9.330ms
[2024-05-31T10:10:34.891+0530][gc,cpu      ] GC(4) User=0.03s Sys=0.01s Real=0.01s
[2024-05-31T10:10:46.208+0530][gc,start    ] GC(5) Pause Young (Concurrent Start) (Metadata GC Threshold)
[2024-05-31T10:10:46.209+0530][gc,task     ] GC(5) Using 9 workers of 9 for evacuation
[2024-05-31T10:10:46.212+0530][gc,phases   ] GC(5)   Pre Evacuate Collection Set: 0.3ms
[2024-05-31T10:10:46.212+0530][gc,phases   ] GC(5)   Merge Heap Roots: 0.0ms
[2024-05-31T10:10:46.212+0530][gc,phases   ] GC(5)   Evacuate Collection Set: 2.3ms
[2024-05-31T10:10:46.212+0530][gc,phases   ] GC(5)   Post Evacuate Collection Set: 0.3ms
[2024-05-31T10:10:46.212+0530][gc,phases   ] GC(5)   Other: 0.1ms
[2024-05-31T10:10:46.212+0530][gc,heap     ] GC(5) Eden regions: 5->0(49)
[2024-05-31T10:10:46.212+0530][gc,heap     ] GC(5) Survivor regions: 2->2(7)
[2024-05-31T10:10:46.212+0530][gc,heap     ] GC(5) Old regions: 14->14
[2024-05-31T10:10:46.212+0530][gc,heap     ] GC(5) Humongous regions: 129->129
[2024-05-31T10:10:46.212+0530][gc,metaspace] GC(5) Metaspace: 35842K(36288K)->35842K(36288K) NonClass: 31845K(32128K)->31845K(32128K) Class: 3997K(4160K)->3997K(4160K)
[2024-05-31T10:10:46.212+0530][gc          ] GC(5) Pause Young (Concurrent Start) (Metadata GC Threshold) 147M->143M(1024M) 3.445ms
[2024-05-31T10:10:46.212+0530][gc          ] GC(6) Concurrent Mark Cycle
[2024-05-31T10:10:46.212+0530][gc,cpu      ] GC(5) User=0.01s Sys=0.00s Real=0.01s
[2024-05-31T10:10:46.212+0530][gc,marking  ] GC(6) Concurrent Scan Root Regions
[2024-05-31T10:10:46.213+0530][gc,marking  ] GC(6) Concurrent Scan Root Regions 1.193ms
[2024-05-31T10:10:46.215+0530][gc,marking  ] GC(6) Concurrent Mark
[2024-05-31T10:10:46.215+0530][gc,marking  ] GC(6) Concurrent Mark From Roots
[2024-05-31T10:10:46.215+0530][gc,task     ] GC(6) Using 2 workers of 2 for marking
[2024-05-31T10:10:46.223+0530][gc,marking  ] GC(6) Concurrent Mark From Roots 8.738ms
[2024-05-31T10:10:46.223+0530][gc,marking  ] GC(6) Concurrent Preclean
[2024-05-31T10:10:46.223+0530][gc,marking  ] GC(6) Concurrent Preclean 0.025ms
[2024-05-31T10:10:46.224+0530][gc,start    ] GC(6) Pause Remark
[2024-05-31T10:10:46.225+0530][gc          ] GC(6) Pause Remark 144M->144M(1024M) 1.560ms
[2024-05-31T10:10:46.225+0530][gc,cpu      ] GC(6) User=0.01s Sys=0.00s Real=0.00s
[2024-05-31T10:10:46.225+0530][gc,marking  ] GC(6) Concurrent Mark 10.502ms
[2024-05-31T10:10:46.225+0530][gc,marking  ] GC(6) Concurrent Rebuild Remembered Sets and Scrub Regions
[2024-05-31T10:10:46.228+0530][gc,marking  ] GC(6) Concurrent Rebuild Remembered Sets and Scrub Regions 2.829ms
[2024-05-31T10:10:46.228+0530][gc,start    ] GC(6) Pause Cleanup
[2024-05-31T10:10:46.228+0530][gc          ] GC(6) Pause Cleanup 144M->144M(1024M) 0.137ms
[2024-05-31T10:10:46.228+0530][gc,cpu      ] GC(6) User=0.00s Sys=0.00s Real=0.00s
[2024-05-31T10:10:46.228+0530][gc,marking  ] GC(6) Concurrent Clear Claimed Marks
[2024-05-31T10:10:46.228+0530][gc,marking  ] GC(6) Concurrent Clear Claimed Marks 0.073ms
[2024-05-31T10:10:46.228+0530][gc,marking  ] GC(6) Concurrent Cleanup for Next Mark
[2024-05-31T10:10:46.233+0530][gc,marking  ] GC(6) Concurrent Cleanup for Next Mark 4.500ms
[2024-05-31T10:10:46.233+0530][gc          ] GC(6) Concurrent Mark Cycle 21.145ms
[2024-05-31T10:49:32.984+0530][gc,start    ] GC(7) Pause Young (Prepare Mixed) (G1 Evacuation Pause)
[2024-05-31T10:49:32.985+0530][gc,task     ] GC(7) Using 9 workers of 9 for evacuation
[2024-05-31T10:49:32.994+0530][gc,phases   ] GC(7)   Pre Evacuate Collection Set: 1.9ms
[2024-05-31T10:49:32.994+0530][gc,phases   ] GC(7)   Merge Heap Roots: 0.2ms
[2024-05-31T10:49:32.994+0530][gc,phases   ] GC(7)   Evacuate Collection Set: 6.0ms
[2024-05-31T10:49:32.994+0530][gc,phases   ] GC(7)   Post Evacuate Collection Set: 0.9ms
[2024-05-31T10:49:32.994+0530][gc,phases   ] GC(7)   Other: 0.2ms
[2024-05-31T10:49:32.994+0530][gc,heap     ] GC(7) Eden regions: 49->0(49)
[2024-05-31T10:49:32.994+0530][gc,heap     ] GC(7) Survivor regions: 2->2(7)
[2024-05-31T10:49:32.994+0530][gc,heap     ] GC(7) Old regions: 14->14
[2024-05-31T10:49:32.994+0530][gc,heap     ] GC(7) Humongous regions: 129->129
[2024-05-31T10:49:32.994+0530][gc,metaspace] GC(7) Metaspace: 36541K(37056K)->36541K(37056K) NonClass: 32475K(32768K)->32475K(32768K) Class: 4066K(4288K)->4066K(4288K)
[2024-05-31T10:49:32.994+0530][gc          ] GC(7) Pause Young (Prepare Mixed) (G1 Evacuation Pause) 192M->143M(1024M) 10.850ms
[2024-05-31T10:49:32.995+0530][gc,cpu      ] GC(7) User=0.02s Sys=0.02s Real=0.01s
[2024-05-31T11:17:40.712+0530][gc,start    ] GC(8) Pause Young (Mixed) (G1 Evacuation Pause)
[2024-05-31T11:17:40.713+0530][gc,task     ] GC(8) Using 9 workers of 9 for evacuation
[2024-05-31T11:17:40.722+0530][gc,phases   ] GC(8)   Pre Evacuate Collection Set: 1.3ms
[2024-05-31T11:17:40.722+0530][gc,phases   ] GC(8)   Merge Heap Roots: 0.1ms
[2024-05-31T11:17:40.722+0530][gc,phases   ] GC(8)   Evacuate Collection Set: 6.3ms
[2024-05-31T11:17:40.722+0530][gc,phases   ] GC(8)   Post Evacuate Collection Set: 0.7ms
[2024-05-31T11:17:40.722+0530][gc,phases   ] GC(8)   Other: 0.2ms
[2024-05-31T11:17:40.722+0530][gc,heap     ] GC(8) Eden regions: 49->0(49)
[2024-05-31T11:17:40.722+0530][gc,heap     ] GC(8) Survivor regions: 2->2(7)
[2024-05-31T11:17:40.722+0530][gc,heap     ] GC(8) Old regions: 14->13
[2024-05-31T11:17:40.723+0530][gc,heap     ] GC(8) Humongous regions: 129->129
[2024-05-31T11:17:40.723+0530][gc,metaspace] GC(8) Metaspace: 36608K(37120K)->36608K(37120K) NonClass: 32541K(32832K)->32541K(32832K) Class: 4066K(4288K)->4066K(4288K)
[2024-05-31T11:17:40.723+0530][gc          ] GC(8) Pause Young (Mixed) (G1 Evacuation Pause) 192M->143M(1024M) 10.698ms
[2024-05-31T11:17:40.723+0530][gc,cpu      ] GC(8) User=0.02s Sys=0.01s Real=0.01s
[2024-05-31T11:47:10.713+0530][gc,start    ] GC(9) Pause Young (Normal) (G1 Evacuation Pause)
[2024-05-31T11:47:10.714+0530][gc,task     ] GC(9) Using 9 workers of 9 for evacuation
[2024-05-31T11:47:10.722+0530][gc,phases   ] GC(9)   Pre Evacuate Collection Set: 2.0ms
[2024-05-31T11:47:10.722+0530][gc,phases   ] GC(9)   Merge Heap Roots: 0.3ms
[2024-05-31T11:47:10.723+0530][gc,phases   ] GC(9)   Evacuate Collection Set: 5.0ms
[2024-05-31T11:47:10.723+0530][gc,phases   ] GC(9)   Post Evacuate Collection Set: 0.8ms
[2024-05-31T11:47:10.723+0530][gc,phases   ] GC(9)   Other: 0.3ms
[2024-05-31T11:47:10.723+0530][gc,heap     ] GC(9) Eden regions: 49->0(49)
[2024-05-31T11:47:10.723+0530][gc,heap     ] GC(9) Survivor regions: 2->2(7)
[2024-05-31T11:47:10.723+0530][gc,heap     ] GC(9) Old regions: 13->13
[2024-05-31T11:47:10.723+0530][gc,heap     ] GC(9) Humongous regions: 129->129
[2024-05-31T11:47:10.723+0530][gc,metaspace] GC(9) Metaspace: 36667K(37120K)->36667K(37120K) NonClass: 32597K(32832K)->32597K(32832K) Class: 4070K(4288K)->4070K(4288K)
[2024-05-31T11:47:10.723+0530][gc          ] GC(9) Pause Young (Normal) (G1 Evacuation Pause) 192M->143M(1024M) 10.141ms
[2024-05-31T11:47:10.723+0530][gc,cpu      ] GC(9) User=0.01s Sys=0.02s Real=0.01s
[2024-05-31T11:48:15.794+0530][gc,start    ] GC(10) Pause Young (Normal) (G1 Evacuation Pause)
[2024-05-31T11:48:15.794+0530][gc,task     ] GC(10) Using 9 workers of 9 for evacuation
[2024-05-31T11:48:15.798+0530][gc,phases   ] GC(10)   Pre Evacuate Collection Set: 0.2ms
[2024-05-31T11:48:15.798+0530][gc,phases   ] GC(10)   Merge Heap Roots: 0.0ms
[2024-05-31T11:48:15.798+0530][gc,phases   ] GC(10)   Evacuate Collection Set: 2.7ms
[2024-05-31T11:48:15.798+0530][gc,phases   ] GC(10)   Post Evacuate Collection Set: 0.6ms
[2024-05-31T11:48:15.798+0530][gc,phases   ] GC(10)   Other: 0.1ms
[2024-05-31T11:48:15.798+0530][gc,heap     ] GC(10) Eden regions: 49->0(67)
[2024-05-31T11:48:15.798+0530][gc,heap     ] GC(10) Survivor regions: 2->2(7)
[2024-05-31T11:48:15.798+0530][gc,heap     ] GC(10) Old regions: 13->13
[2024-05-31T11:48:15.798+0530][gc,heap     ] GC(10) Humongous regions: 129->129
[2024-05-31T11:48:15.798+0530][gc,metaspace] GC(10) Metaspace: 36797K(37248K)->36797K(37248K) NonClass: 32715K(32960K)->32715K(32960K) Class: 4082K(4288K)->4082K(4288K)
[2024-05-31T11:48:15.798+0530][gc          ] GC(10) Pause Young (Normal) (G1 Evacuation Pause) 192M->143M(1024M) 4.099ms
[2024-05-31T11:48:15.798+0530][gc,cpu      ] GC(10) User=0.01s Sys=0.01s Real=0.00s
[2024-05-31T11:49:15.782+0530][gc,start    ] GC(11) Pause Young (Normal) (G1 Evacuation Pause)
[2024-05-31T11:49:15.782+0530][gc,task     ] GC(11) Using 9 workers of 9 for evacuation
[2024-05-31T11:49:15.784+0530][gc,phases   ] GC(11)   Pre Evacuate Collection Set: 0.2ms
[2024-05-31T11:49:15.784+0530][gc,phases   ] GC(11)   Merge Heap Roots: 0.0ms
[2024-05-31T11:49:15.784+0530][gc,phases   ] GC(11)   Evacuate Collection Set: 1.4ms
[2024-05-31T11:49:15.784+0530][gc,phases   ] GC(11)   Post Evacuate Collection Set: 0.2ms
[2024-05-31T11:49:15.784+0530][gc,phases   ] GC(11)   Other: 0.1ms
[2024-05-31T11:49:15.784+0530][gc,heap     ] GC(11) Eden regions: 67->0(612)
[2024-05-31T11:49:15.784+0530][gc,heap     ] GC(11) Survivor regions: 2->2(9)
[2024-05-31T11:49:15.784+0530][gc,heap     ] GC(11) Old regions: 13->13
[2024-05-31T11:49:15.784+0530][gc,heap     ] GC(11) Humongous regions: 129->129
[2024-05-31T11:49:15.784+0530][gc,metaspace] GC(11) Metaspace: 36880K(37376K)->36880K(37376K) NonClass: 32798K(33088K)->32798K(33088K) Class: 4082K(4288K)->4082K(4288K)
[2024-05-31T11:49:15.784+0530][gc          ] GC(11) Pause Young (Normal) (G1 Evacuation Pause) 210M->143M(1024M) 2.005ms
[2024-05-31T11:49:15.784+0530][gc,cpu      ] GC(11) User=0.01s Sys=0.00s Real=0.00s
[2024-05-31T11:51:16.006+0530][gc,start    ] GC(12) Pause Young (Normal) (G1 Evacuation Pause)
[2024-05-31T11:51:16.007+0530][gc,task     ] GC(12) Using 9 workers of 9 for evacuation
[2024-05-31T11:51:16.011+0530][gc,phases   ] GC(12)   Pre Evacuate Collection Set: 1.6ms
[2024-05-31T11:51:16.011+0530][gc,phases   ] GC(12)   Merge Heap Roots: 0.3ms
[2024-05-31T11:51:16.011+0530][gc,phases   ] GC(12)   Evacuate Collection Set: 1.7ms
[2024-05-31T11:51:16.011+0530][gc,phases   ] GC(12)   Post Evacuate Collection Set: 0.3ms
[2024-05-31T11:51:16.011+0530][gc,phases   ] GC(12)   Other: 0.1ms
[2024-05-31T11:51:16.011+0530][gc,heap     ] GC(12) Eden regions: 612->0(612)
[2024-05-31T11:51:16.011+0530][gc,heap     ] GC(12) Survivor regions: 2->2(77)
[2024-05-31T11:51:16.011+0530][gc,heap     ] GC(12) Old regions: 13->13
[2024-05-31T11:51:16.011+0530][gc,heap     ] GC(12) Humongous regions: 129->129
[2024-05-31T11:51:16.011+0530][gc,metaspace] GC(12) Metaspace: 36977K(37440K)->36977K(37440K) NonClass: 32895K(33152K)->32895K(33152K) Class: 4082K(4288K)->4082K(4288K)
[2024-05-31T11:51:16.011+0530][gc          ] GC(12) Pause Young (Normal) (G1 Evacuation Pause) 755M->143M(1024M) 5.465ms
[2024-05-31T11:51:16.011+0530][gc,cpu      ] GC(12) User=0.01s Sys=0.01s Real=0.01s
[2024-05-31T11:53:01.735+0530][gc,heap,exit] Heap
[2024-05-31T11:53:01.735+0530][gc,heap,exit]  garbage-first heap   total 1048576K, used 184548K [0x00000007c0000000, 0x0000000800000000)
[2024-05-31T11:53:01.735+0530][gc,heap,exit]   region size 1024K, 40 young (40960K), 2 survivors (2048K)
[2024-05-31T11:53:01.735+0530][gc,heap,exit]  Metaspace       used 37402K, committed 37888K, reserved 1114112K
[2024-05-31T11:53:01.735+0530][gc,heap,exit]   class space    used 4193K, committed 4416K, reserved 1048576K
