[2024-05-31T11:59:13.977+0530][gc,init] CardTable entry size: 512
[2024-05-31T11:59:13.977+0530][gc     ] Using G1
[2024-05-31T11:59:13.978+0530][gc,init] Version: 21.0.2+13-58 (release)
[2024-05-31T11:59:13.978+0530][gc,init] CPUs: 11 total, 11 available
[2024-05-31T11:59:13.978+0530][gc,init] Memory: 18432M
[2024-05-31T11:59:13.978+0530][gc,init] Large Page Support: Disabled
[2024-05-31T11:59:13.978+0530][gc,init] NUMA Support: Disabled
[2024-05-31T11:59:13.978+0530][gc,init] Compressed Oops: Enabled (Zero based)
[2024-05-31T11:59:13.978+0530][gc,init] Heap Region Size: 1M
[2024-05-31T11:59:13.978+0530][gc,init] Heap Min Capacity: 1G
[2024-05-31T11:59:13.978+0530][gc,init] Heap Initial Capacity: 1G
[2024-05-31T11:59:13.978+0530][gc,init] Heap Max Capacity: 1G
[2024-05-31T11:59:13.978+0530][gc,init] Pre-touch: Disabled
[2024-05-31T11:59:13.978+0530][gc,init] Parallel Workers: 9
[2024-05-31T11:59:13.978+0530][gc,init] Concurrent Workers: 2
[2024-05-31T11:59:13.978+0530][gc,init] Concurrent Refinement Workers: 9
[2024-05-31T11:59:13.978+0530][gc,init] Periodic GC: Disabled
[2024-05-31T11:59:13.981+0530][gc,metaspace] CDS archive(s) mapped at: [0x0000007000000000-0x0000007000ca4000-0x0000007000ca4000), size 13254656, SharedBaseAddress: 0x0000007000000000, ArchiveRelocationMode: 1.
[2024-05-31T11:59:13.981+0530][gc,metaspace] Compressed class space mapped at: 0x0000007001000000-0x0000007041000000, reserved size: 1073741824
[2024-05-31T11:59:13.981+0530][gc,metaspace] Narrow klass base: 0x0000007000000000, Narrow klass shift: 0, Narrow klass range: 0x100000000
[2024-05-31T11:59:14.205+0530][gc,heap,exit] Heap
[2024-05-31T11:59:14.205+0530][gc,heap,exit]  garbage-first heap   total 1048576K, used 27660K [0x00000007c0000000, 0x0000000800000000)
[2024-05-31T11:59:14.205+0530][gc,heap,exit]   region size 1024K, 26 young (26624K), 0 survivors (0K)
[2024-05-31T11:59:14.205+0530][gc,heap,exit]  Metaspace       used 10184K, committed 10368K, reserved 1114112K
[2024-05-31T11:59:14.205+0530][gc,heap,exit]   class space    used 1216K, committed 1280K, reserved 1048576K
